 PhysXCooking_64

 Timestamp is 6999f242 (Sat Feb 21 18:58:26 2026)

 Preferred load address is 0000000180000000

 Start         Length     Name                   Class
 0001:00000000 00000060H .text$di                CODE
 0001:00000060 0001b240H .text$mn                CODE
 0001:0001b2a0 00000040H .text$mn$00             CODE
 0001:0001b2e0 00000490H .text$x                 CODE
 0002:00000000 00000258H .idata$5                DATA
 0002:00000258 00000028H .00cfg                  DATA
 0002:00000280 00000008H .CRT$XCA                DATA
 0002:00000288 00000030H .CRT$XCU                DATA
 0002:000002b8 00000008H .CRT$XCZ                DATA
 0002:000002c0 00000008H .CRT$XIA                DATA
 0002:000002c8 00000018H .CRT$XIC                DATA
 0002:000002e0 00000008H .CRT$XIZ                DATA
 0002:000002e8 00000008H .CRT$XPA                DATA
 0002:000002f0 00000010H .CRT$XPX                DATA
 0002:00000300 00000008H .CRT$XPXA               DATA
 0002:00000308 00000008H .CRT$XPZ                DATA
 0002:00000310 00000008H .CRT$XTA                DATA
 0002:00000318 00000008H .CRT$XTZ                DATA
 0002:00000320 00000000H .gehcont$y              DATA
 0002:00000320 00000000H .gfids$y                DATA
 0002:00000320 00008a60H .rdata                  DATA
 0002:00008d80 00000000H .rdata$CastGuardVftablesA DATA
 0002:00008d80 00000000H .rdata$CastGuardVftablesC DATA
 0002:00008d80 0000043cH .rdata$r                DATA
 0002:000091bc 00000020H .rdata$voltmd           DATA
 0002:000091dc 0000040cH .rdata$zzzdbg           DATA
 0002:000095e8 00000008H .rtc$IAA                DATA
 0002:000095f0 00000008H .rtc$IZZ                DATA
 0002:000095f8 00000008H .rtc$TAA                DATA
 0002:00009600 00000008H .rtc$TZZ                DATA
 0002:00009608 00001350H .xdata                  DATA
 0002:0000a958 00000084H .xdata$x                DATA
 0002:0000a9dc 00000040H .didat$2                DATA
 0002:0000aa1c 00000024H .didat$3                DATA
 0002:0000aa40 000000d0H .didat$4                DATA
 0002:0000ab10 00000280H .didat$6                DATA
 0002:0000ad90 000000d0H .didat$7                DATA
 0002:0000ae60 00000af8H .edata                  DATA
 0002:0000b958 00000014H .idata$2                DATA
 0002:0000b96c 00000014H .idata$3                DATA
 0002:0000b980 00000258H .idata$4                DATA
 0002:0000bbd8 00000576H .idata$6                DATA
 0003:00000000 00000a00H .data                   DATA
 0003:00000a00 000000e0H .data$r                 DATA
 0003:00000ae0 000000f0H .data$rs                DATA
 0003:00000bd0 000000d0H .didat$5                DATA
 0003:00000ca0 00001290H .bss                    DATA
 0004:00000000 000016d4H .pdata                  DATA
 0005:00000000 000000fcH _RDATA                  DATA
 0006:00000000 000000a0H .rsrc$01                DATA
 0006:000000a0 000004b0H .rsrc$02                DATA

  Address         Publics by Value              Rva+Base               Lib:Object

 0000:00000000       ___safe_se_handler_table   0000000000000000     <absolute>
 0000:00000000       __guard_longjmp_table      0000000000000000     <absolute>
 0000:00000000       __x64_code_ranges_to_entry_points 0000000000000000     <absolute>
 0000:00000000       __arm64x_redirection_metadata 0000000000000000     <absolute>
 0000:00000000       __guard_iat_table          0000000000000000     <absolute>
 0000:00000000       __guard_fids_count         0000000000000000     <absolute>
 0000:00000000       __arm64x_extra_rfe_table   0000000000000000     <absolute>
 0000:00000000       __guard_iat_count          0000000000000000     <absolute>
 0000:00000000       __guard_longjmp_count      0000000000000000     <absolute>
 0000:00000000       __dynamic_value_reloc_table 0000000000000000     <absolute>
 0000:00000000       __hybrid_code_map          0000000000000000     <absolute>
 0000:00000000       __x64_code_ranges_to_entry_points_count 0000000000000000     <absolute>
 0000:00000000       __hybrid_auxiliary_iat     0000000000000000     <absolute>
 0000:00000000       __arm64x_extra_rfe_table_size 0000000000000000     <absolute>
 0000:00000000       __hybrid_auxiliary_iat_copy 0000000000000000     <absolute>
 0000:00000000       ___safe_se_handler_count   0000000000000000     <absolute>
 0000:00000000       __AbsoluteZero             0000000000000000     <absolute>
 0000:00000000       __guard_check_icall_a64n_fptr 0000000000000000     <absolute>
 0000:00000000       __guard_eh_cont_count      0000000000000000     <absolute>
 0000:00000000       __guard_fids_table         0000000000000000     <absolute>
 0000:00000000       __arm64x_redirection_metadata_count 0000000000000000     <absolute>
 0000:00000000       __enclave_config           0000000000000000     <absolute>
 0000:00000000       __guard_eh_cont_table      0000000000000000     <absolute>
 0000:00000000       __arm64x_native_entrypoint 0000000000000000     <absolute>
 0000:00000000       __hybrid_code_map_count    0000000000000000     <absolute>
 0000:00000100       __guard_flags              0000000000000100     <absolute>
 0000:00000000       __ImageBase                0000000180000000     <linker-defined>
 0001:00000060       ??$copy@V?$PxReflectionAllocator@USlab@NodeAllocator@Gu@physx@@@physx@@@?$PxArray@USlab@NodeAllocator@Gu@physx@@V?$PxReflectionAllocator@USlab@NodeAllocator@Gu@physx@@@4@@physx@@IEAAXAEBV01@@Z 0000000180001060 f i Cooking.obj
 0001:000000e0       ??0AABBTreeBounds@Gu@physx@@QEAA@XZ 00000001800010e0 f i Cooking.obj
 0001:000000f0       ??4AABBTreeBuildNode@Gu@physx@@QEAAAEAV012@AEBV012@@Z 00000001800010f0 f i Cooking.obj
 0001:000000f0       ??0AABBTreeBuildNode@Gu@physx@@QEAA@AEBV012@@Z 00000001800010f0 f i Cooking.obj
 0001:00000130       ??4PxFoundation@physx@@QEAAAEAV01@AEBV01@@Z 0000000180001130 f i Cooking.obj
 0001:00000130       ?getAABB@AABBTreeBuildNode@Gu@physx@@QEBAAEBVPxBounds3@3@XZ 0000000180001130 f i Cooking.obj
 0001:00000130       ??0AABBTreeBuildNode@Gu@physx@@QEAA@XZ 0000000180001130 f i Cooking.obj
 0001:00000130       ??$forward@_K@std@@YA$$QEA_KAEA_K@Z 0000000180001130 f i libvcruntime:undname.obj
 0001:00000140       ??0AABBTreeBuildParams@Gu@physx@@QEAA@IIPEBVAABBTreeBounds@12@W4BVHBuildStrategy@12@@Z 0000000180001140 f i Cooking.obj
 0001:00000160       ??0NodeAllocator@Gu@physx@@QEAA@AEBV012@@Z 0000000180001160 f i Cooking.obj
 0001:000001a0       ??0PxFoundation@physx@@QEAA@XZ 00000001800011a0 f i Cooking.obj
 0001:000001a0       ??0PxFoundation@physx@@QEAA@AEBV01@@Z 00000001800011a0 f i Cooking.obj
 0001:000001b0       ??1AABBTreeBounds@Gu@physx@@QEAA@XZ 00000001800011b0 f i Cooking.obj
 0001:000001c0       _guard_check_icall_nop     00000001800011c0 f i LIBCMT:guard_support.obj
 0001:000001c0       ??1AABBTreeBuildNode@Gu@physx@@QEAA@XZ 00000001800011c0 f i Cooking.obj
 0001:000001d0       ?reset@AABBTreeBuildParams@Gu@physx@@QEAAXXZ 00000001800011d0 f i Cooking.obj
 0001:000001d0       ??1AABBTreeBuildParams@Gu@physx@@QEAA@XZ 00000001800011d0 f i Cooking.obj
 0001:00000220       ??1PxFoundation@physx@@MEAA@XZ 0000000180001220 f i Cooking.obj
 0001:00000230       ??4AABBTreeBounds@Gu@physx@@QEAAAEAV012@AEBV012@@Z 0000000180001230 f i Cooking.obj
 0001:00000240       ??4AABBTreeBuildParams@Gu@physx@@QEAAAEAV012@AEBV012@@Z 0000000180001240 f i Cooking.obj
 0001:00000260       ??4NodeAllocator@Gu@physx@@QEAAAEAV012@AEBV012@@Z 0000000180001260 f i Cooking.obj
 0001:00000310       ??_EPxFoundation@physx@@MEAAPEAXI@Z 0000000180001310 f i Cooking.obj
 0001:000003a0       ??_FAABBTreeBuildParams@Gu@physx@@QEAAXXZ 00000001800013a0 f i Cooking.obj
 0001:000003c0       ?allocate@?$PxArray@USlab@NodeAllocator@Gu@physx@@V?$PxReflectionAllocator@USlab@NodeAllocator@Gu@physx@@@4@@physx@@IEAAPEAUSlab@NodeAllocator@Gu@2@IPEAI@Z 00000001800013c0 f i Cooking.obj
 0001:00000460       ?getBounds@AABBTreeBounds@Gu@physx@@QEAAPEAVPxBounds3@3@XZ 0000000180001460 f i Cooking.obj
 0001:00000460       ?getBounds@AABBTreeBounds@Gu@physx@@QEBAPEBVPxBounds3@3@XZ 0000000180001460 f i Cooking.obj
 0001:00000470       ?getNbPrimitives@AABBTreeBuildNode@Gu@physx@@QEBAIXZ 0000000180001470 f i Cooking.obj
 0001:00000470       ?getNbRuntimePrimitives@AABBTreeBuildNode@Gu@physx@@QEBAIXZ 0000000180001470 f i Cooking.obj
 0001:00000480       ?getNeg@AABBTreeBuildNode@Gu@physx@@QEBAPEBV123@XZ 0000000180001480 f i Cooking.obj
 0001:000004a0       ?getPos@AABBTreeBuildNode@Gu@physx@@QEBAPEBV123@XZ 00000001800014a0 f i Cooking.obj
 0001:000004b0       ?getPrimitives@AABBTreeBuildNode@Gu@physx@@QEBAPEBIPEBI@Z 00000001800014b0 f i Cooking.obj
 0001:000004b0       ?getPrimitives@AABBTreeBuildNode@Gu@physx@@QEAAPEAIPEAI@Z 00000001800014b0 f i Cooking.obj
 0001:000004c0       ?isLeaf@AABBTreeBuildNode@Gu@physx@@QEBA_NXZ 00000001800014c0 f i Cooking.obj
 0001:000004d0       ?moveFrom@AABBTreeBounds@Gu@physx@@QEAAXAEAV123@@Z 00000001800014d0 f i Cooking.obj
 0001:000004e0       ?ownsMemory@AABBTreeBounds@Gu@physx@@QEBA_NXZ 00000001800014e0 f i Cooking.obj
 0001:000004f0       ?recreate@?$PxArray@USlab@NodeAllocator@Gu@physx@@V?$PxReflectionAllocator@USlab@NodeAllocator@Gu@physx@@@4@@physx@@IEAAXI@Z 00000001800014f0 f i Cooking.obj
 0001:00000600       ?setBounds@AABBTreeBounds@Gu@physx@@QEAAXPEAVPxBounds3@3@@Z 0000000180001600 f i Cooking.obj
 0001:00000610       ?setNbRunTimePrimitives@AABBTreeBuildNode@Gu@physx@@QEAAXI@Z 0000000180001610 f i Cooking.obj
 0001:00000620       ?takeOwnership@AABBTreeBounds@Gu@physx@@QEAAXXZ 0000000180001620 f i Cooking.obj
 0001:00000630       PxAssembleDeformableVolumeMesh 0000000180001630 f   Cooking.obj
 0001:00000640       PxComputeCollisionData     0000000180001640 f   Cooking.obj
 0001:00000650       PxComputeHullPolygons      0000000180001650 f   Cooking.obj
 0001:00000660       PxComputeModelsMapping     0000000180001660 f   Cooking.obj
 0001:00000670       PxComputeSimulationData    0000000180001670 f   Cooking.obj
 0001:00000680       PxCookBVH                  0000000180001680 f   Cooking.obj
 0001:00000690       PxCookConvexMesh           0000000180001690 f   Cooking.obj
 0001:000006a0       PxCookDeformableVolumeMesh 00000001800016a0 f   Cooking.obj
 0001:000006b0       PxCookHeightField          00000001800016b0 f   Cooking.obj
 0001:000006c0       PxCookTetrahedronMesh      00000001800016c0 f   Cooking.obj
 0001:000006d0       PxCookTriangleMesh         00000001800016d0 f   Cooking.obj
 0001:000006e0       PxCreateBVH                00000001800016e0 f   Cooking.obj
 0001:000006f0       PxCreateBVHInternal        00000001800016f0 f   Cooking.obj
 0001:000007a0       PxCreateConvexMesh         00000001800017a0 f   Cooking.obj
 0001:000007b0       PxCreateDeformableVolumeMesh 00000001800017b0 f   Cooking.obj
 0001:000007c0       PxCreateHeightField        00000001800017c0 f   Cooking.obj
 0001:000007d0       PxCreateTetrahedronMesh    00000001800017d0 f   Cooking.obj
 0001:000007e0       PxCreateTriangleMesh       00000001800017e0 f   Cooking.obj
 0001:000007f0       PxCreateTriangleMeshInternal 00000001800017f0 f   Cooking.obj
 0001:00000890       PxGetStandaloneInsertionCallback 0000000180001890 f   Cooking.obj
 0001:000008a0       PxValidateConvexMesh       00000001800018a0 f   Cooking.obj
 0001:000008b0       PxValidateTriangleMesh     00000001800018b0 f   Cooking.obj
 0001:000008c0       ?cookingDelayHook@@YAP6A_JXZIPEAUDelayLoadInfo@@@Z 00000001800018c0 f   WindowsCookingDelayLoadHook.obj
 0001:000009a0       PxSetPhysXCookingDelayLoadHook 00000001800019a0 f   WindowsCookingDelayLoadHook.obj
 0001:000009a8       __imp_load_getInsertionCallback 00000001800019a8 f   PhysXCommon_64:PhysXCommon_64.dll
 0001:000009b4       getInsertionCallback       00000001800019b4 f   PhysXCommon_64:PhysXCommon_64.dll
 0001:000009ba       __tailMerge_physxcommon_64_dll 00000001800019ba     PhysXCommon_64:PhysXCommon_64.dll
 0001:00000a33       __imp_load_cookBVH         0000000180001a33 f   PhysXCommon_64:PhysXCommon_64.dll
 0001:00000a3f       cookBVH                    0000000180001a3f f   PhysXCommon_64:PhysXCommon_64.dll
 0001:00000a45       __imp_load_createBVH       0000000180001a45 f   PhysXCommon_64:PhysXCommon_64.dll
 0001:00000a51       createBVH                  0000000180001a51 f   PhysXCommon_64:PhysXCommon_64.dll
 0001:00000a57       __imp_load_cookHeightField 0000000180001a57 f   PhysXCommon_64:PhysXCommon_64.dll
 0001:00000a63       cookHeightField            0000000180001a63 f   PhysXCommon_64:PhysXCommon_64.dll
 0001:00000a69       __imp_load_createHeightField 0000000180001a69 f   PhysXCommon_64:PhysXCommon_64.dll
 0001:00000a75       createHeightField          0000000180001a75 f   PhysXCommon_64:PhysXCommon_64.dll
 0001:00000a7b       __imp_load_cookConvexMesh  0000000180001a7b f   PhysXCommon_64:PhysXCommon_64.dll
 0001:00000a87       cookConvexMesh             0000000180001a87 f   PhysXCommon_64:PhysXCommon_64.dll
 0001:00000a8d       __imp_load_createConvexMesh 0000000180001a8d f   PhysXCommon_64:PhysXCommon_64.dll
 0001:00000a99       createConvexMesh           0000000180001a99 f   PhysXCommon_64:PhysXCommon_64.dll
 0001:00000a9f       __imp_load_validateConvexMesh 0000000180001a9f f   PhysXCommon_64:PhysXCommon_64.dll
 0001:00000aab       validateConvexMesh         0000000180001aab f   PhysXCommon_64:PhysXCommon_64.dll
 0001:00000ab1       __imp_load_computeHullPolygons 0000000180001ab1 f   PhysXCommon_64:PhysXCommon_64.dll
 0001:00000abd       computeHullPolygons        0000000180001abd f   PhysXCommon_64:PhysXCommon_64.dll
 0001:00000ac3       __imp_load_validateTriangleMesh 0000000180001ac3 f   PhysXCommon_64:PhysXCommon_64.dll
 0001:00000acf       validateTriangleMesh       0000000180001acf f   PhysXCommon_64:PhysXCommon_64.dll
 0001:00000ad5       __imp_load_createTriangleMesh 0000000180001ad5 f   PhysXCommon_64:PhysXCommon_64.dll
 0001:00000ae1       createTriangleMesh         0000000180001ae1 f   PhysXCommon_64:PhysXCommon_64.dll
 0001:00000ae7       __imp_load_cookTriangleMesh 0000000180001ae7 f   PhysXCommon_64:PhysXCommon_64.dll
 0001:00000af3       cookTriangleMesh           0000000180001af3 f   PhysXCommon_64:PhysXCommon_64.dll
 0001:00000af9       __imp_load_cookTetrahedronMesh 0000000180001af9 f   PhysXCommon_64:PhysXCommon_64.dll
 0001:00000b05       cookTetrahedronMesh        0000000180001b05 f   PhysXCommon_64:PhysXCommon_64.dll
 0001:00000b0b       __imp_load_createTetrahedronMesh 0000000180001b0b f   PhysXCommon_64:PhysXCommon_64.dll
 0001:00000b17       createTetrahedronMesh      0000000180001b17 f   PhysXCommon_64:PhysXCommon_64.dll
 0001:00000b1d       __imp_load_cookDeformableVolumeMesh 0000000180001b1d f   PhysXCommon_64:PhysXCommon_64.dll
 0001:00000b29       cookDeformableVolumeMesh   0000000180001b29 f   PhysXCommon_64:PhysXCommon_64.dll
 0001:00000b2f       __imp_load_createDeformableVolumeMesh 0000000180001b2f f   PhysXCommon_64:PhysXCommon_64.dll
 0001:00000b3b       createDeformableVolumeMesh 0000000180001b3b f   PhysXCommon_64:PhysXCommon_64.dll
 0001:00000b41       __imp_load_computeModelsMapping 0000000180001b41 f   PhysXCommon_64:PhysXCommon_64.dll
 0001:00000b4d       computeModelsMapping       0000000180001b4d f   PhysXCommon_64:PhysXCommon_64.dll
 0001:00000b53       __imp_load_computeCollisionData 0000000180001b53 f   PhysXCommon_64:PhysXCommon_64.dll
 0001:00000b5f       computeCollisionData       0000000180001b5f f   PhysXCommon_64:PhysXCommon_64.dll
 0001:00000b65       __imp_load_computeSimulationData 0000000180001b65 f   PhysXCommon_64:PhysXCommon_64.dll
 0001:00000b71       computeSimulationData      0000000180001b71 f   PhysXCommon_64:PhysXCommon_64.dll
 0001:00000b77       __imp_load_assembleDeformableVolumeMesh 0000000180001b77 f   PhysXCommon_64:PhysXCommon_64.dll
 0001:00000b83       assembleDeformableVolumeMesh 0000000180001b83 f   PhysXCommon_64:PhysXCommon_64.dll
 0001:00000b89       __imp_load_?release@AABBTreeBounds@Gu@physx@@QEAAXXZ 0000000180001b89 f   PhysXCommon_64:PhysXCommon_64.dll
 0001:00000b95       ?release@AABBTreeBounds@Gu@physx@@QEAAXXZ 0000000180001b95 f   PhysXCommon_64:PhysXCommon_64.dll
 0001:00000b9b       __imp_load_??0BVH@Gu@physx@@QEAA@AEBUPxBVHInternalData@2@@Z 0000000180001b9b f   PhysXCommon_64:PhysXCommon_64.dll
 0001:00000ba7       ??0BVH@Gu@physx@@QEAA@AEBUPxBVHInternalData@2@@Z 0000000180001ba7 f   PhysXCommon_64:PhysXCommon_64.dll
 0001:00000bad       __imp_load_??0BV4TriangleMesh@Gu@physx@@QEAA@AEBUPxTriangleMeshInternalData@2@@Z 0000000180001bad f   PhysXCommon_64:PhysXCommon_64.dll
 0001:00000bb9       ??0BV4TriangleMesh@Gu@physx@@QEAA@AEBUPxTriangleMeshInternalData@2@@Z 0000000180001bb9 f   PhysXCommon_64:PhysXCommon_64.dll
 0001:00000bbf       __imp_load_PxGetBroadcastAllocator 0000000180001bbf f   PhysXFoundation_64:PhysXFoundation_64.dll
 0001:00000bcb       PxGetBroadcastAllocator    0000000180001bcb f   PhysXFoundation_64:PhysXFoundation_64.dll
 0001:00000bd1       __tailMerge_physxfoundation_64_dll 0000000180001bd1     PhysXFoundation_64:PhysXFoundation_64.dll
 0001:00000c4c       ?DloadAcquireSectionWriteAccess@@YAXXZ 0000000180001c4c f i Delayimp:delayhlp.obj
 0001:00000cf8       ?DloadGetSRWLockFunctionPointers@@YAEXZ 0000000180001cf8 f i Delayimp:delayhlp.obj
 0001:00000d94       ?DloadMakePermanentImageCommit@@YAXPEAX_K@Z 0000000180001d94 f i Delayimp:delayhlp.obj
 0001:00000e2c       ?DloadObtainSection@@YAPEAXPEAK0@Z 0000000180001e2c f i Delayimp:delayhlp.obj
 0001:00000ec8       ?DloadProtectSection@@YAXKPEAK@Z 0000000180001ec8 f i Delayimp:delayhlp.obj
 0001:00000f58       ?DloadReleaseSectionWriteAccess@@YAXXZ 0000000180001f58 f i Delayimp:delayhlp.obj
 0001:00000fec       __delayLoadHelper2         0000000180001fec f   Delayimp:delayhlp.obj
 0001:000012c0       ??3@YAXPEAX@Z              00000001800022c0 f   LIBCMT:delete_scalar.obj
 0001:000012c8       ??3@YAXPEAX_K@Z            00000001800022c8 f   LIBCMT:delete_scalar_size.obj
 0001:000012c8       ??_V@YAXPEAX@Z             00000001800022c8 f   LIBCMT:delete_array.obj
 0001:000012d0       ??_V@YAXPEAX_K@Z           00000001800022d0 f   LIBCMT:delete_array_size.obj
 0001:000012d8       ??_Gtype_info@@UEAAPEAXI@Z 00000001800022d8 f i LIBCMT:std_type_info_static.obj
 0001:000012d8       ??_Etype_info@@UEAAPEAXI@Z 00000001800022d8 f i LIBCMT:std_type_info_static.obj
 0001:00001304       ?__scrt_initialize_type_info@@YAXXZ 0000000180002304 f   LIBCMT:tncleanup.obj
 0001:00001314       ?__scrt_uninitialize_type_info@@YAXXZ 0000000180002314 f   LIBCMT:tncleanup.obj
 0001:00001640       _DllMainCRTStartup         0000000180002640 f   LIBCMT:dll_dllmain.obj
 0001:00001680       __security_init_cookie     0000000180002680 f   LIBCMT:gs_support.obj
 0001:0000172c       _get_startup_argv_mode     000000018000272c f   LIBCMT:argv_mode.obj
 0001:0000172c       DllMain                    000000018000272c f   LIBCMT:dll_dllmain_stub.obj
 0001:0000172c       ?raw_length@charNode@@UEBAHXZ 000000018000272c f   libvcruntime:undname.obj
 0001:0000172c       ?length@charNode@@UEBAHXZ  000000018000272c f   libvcruntime:undname.obj
 0001:00001734       __local_stdio_printf_options 0000000180002734 f i LIBCMT:default_local_stdio_options.obj
 0001:0000173c       __local_stdio_scanf_options 000000018000273c f i LIBCMT:default_local_stdio_options.obj
 0001:00001744       __scrt_initialize_default_local_stdio_options 0000000180002744 f   LIBCMT:default_local_stdio_options.obj
 0001:00001760       __scrt_acquire_startup_lock 0000000180002760 f   LIBCMT:utility.obj
 0001:0000179c       __scrt_dllmain_after_initialize_c 000000018000279c f   LIBCMT:utility.obj
 0001:000017d0       __scrt_dllmain_before_initialize_c 00000001800027d0 f   LIBCMT:utility.obj
 0001:000017e8       __scrt_dllmain_crt_thread_attach 00000001800027e8 f   LIBCMT:utility.obj
 0001:00001810       __scrt_dllmain_crt_thread_detach 0000000180002810 f   LIBCMT:utility.obj
 0001:00001828       __scrt_dllmain_exception_filter 0000000180002828 f   LIBCMT:utility.obj
 0001:00001888       __scrt_dllmain_uninitialize_c 0000000180002888 f   LIBCMT:utility.obj
 0001:000018b8       __scrt_dllmain_uninitialize_critical 00000001800028b8 f   LIBCMT:utility.obj
 0001:000018cc       __scrt_initialize_crt      00000001800028cc f   LIBCMT:utility.obj
 0001:00001918       __scrt_initialize_onexit_tables 0000000180002918 f   LIBCMT:utility.obj
 0001:000019a4       __scrt_is_nonwritable_in_current_image 00000001800029a4 f   LIBCMT:utility.obj
 0001:00001a3c       __scrt_release_startup_lock 0000000180002a3c f   LIBCMT:utility.obj
 0001:00001a60       __scrt_uninitialize_crt    0000000180002a60 f   LIBCMT:utility.obj
 0001:00001a8c       __scrt_get_dyn_tls_init_callback 0000000180002a8c f   LIBCMT:dyn_tls_init.obj
 0001:00001a94       __crt_debugger_hook        0000000180002a94 f   LIBCMT:utility_desktop.obj
 0001:00001a9c       __scrt_fastfail            0000000180002a9c f   LIBCMT:utility_desktop.obj
 0001:00001be8       _RTC_Initialize            0000000180002be8 f   LIBCMT:initsect.obj
 0001:00001c24       _RTC_Terminate             0000000180002c24 f   LIBCMT:initsect.obj
 0001:00001c60       __isa_available_init       0000000180002c60 f   LIBCMT:cpu_disp.obj
 0001:00001e04       __scrt_is_ucrt_dll_in_use  0000000180002e04 f   LIBCMT:ucrt_detection.obj
 0001:00001e10       _get_purecall_handler      0000000180002e10 f   libvcruntime:purevirt.obj
 0001:00001e1c       _purecall                  0000000180002e1c f   libvcruntime:purevirt.obj
 0001:00001e40       __std_type_info_compare    0000000180002e40 f   libvcruntime:std_type_info.obj
 0001:00001e68       __std_type_info_destroy_list 0000000180002e68 f   libvcruntime:std_type_info.obj
 0001:00001e94       __std_type_info_name       0000000180002e94 f   libvcruntime:std_type_info.obj
 0001:00001fc0       memset_repmovs             0000000180002fc0 f   libvcruntime:memset.obj
 0001:00001fe0       memset                     0000000180002fe0 f   libvcruntime:memset.obj
 0001:00002170       strstr                     0000000180003170 f   libvcruntime:strstr.obj
 0001:0000236c       __C_specific_handler       000000018000336c f   libvcruntime:riscchandler.obj
 0001:00002578       __vcrt_initialize          0000000180003578 f   libvcruntime:initialization.obj
 0001:000025a0       __vcrt_thread_attach       00000001800035a0 f   libvcruntime:initialization.obj
 0001:000025b4       __vcrt_thread_detach       00000001800035b4 f   libvcruntime:initialization.obj
 0001:000025c8       __vcrt_uninitialize        00000001800035c8 f   libvcruntime:initialization.obj
 0001:000025e4       __vcrt_uninitialize_critical 00000001800035e4 f   libvcruntime:initialization.obj
 0001:000025f4       __DestructExceptionObject  00000001800035f4 f   libvcruntime:ehhelpers.obj
 0001:00002664       ?_CallMemberFunction0@@YAXQEAX0@Z 0000000180003664 f i libvcruntime:ehhelpers.obj
 0001:00002668       _IsExceptionObjectToBeDestroyed 0000000180003668 f   libvcruntime:ehhelpers.obj
 0001:00002698       __AdjustPointer            0000000180003698 f   libvcruntime:ehhelpers.obj
 0001:000026bc       __FrameUnwindFilter        00000001800036bc f   libvcruntime:ehhelpers.obj
 0001:00002724       ??$?0$00@DName@@QEAA@PEBDU?$StringLifeSelector@$00@@@Z 0000000180003724 f i libvcruntime:undname.obj
 0001:00002764       ??$?0$01@DName@@QEAA@PEBDU?$StringLifeSelector@$01@@@Z 0000000180003764 f i libvcruntime:undname.obj
 0001:00002764       ??$?0$0A@@DName@@QEAA@PEBDU?$StringLifeSelector@$0A@@@@Z 0000000180003764 f i libvcruntime:undname.obj
 0001:000027a4       ??$?0$0A@@pcharNode@@QEAA@PEBDHU?$StringLifeSelector@$0A@@@@Z 00000001800037a4 f i libvcruntime:undname.obj
 0001:000027a4       ??$?0$01@pcharNode@@QEAA@PEBDHU?$StringLifeSelector@$01@@@Z 00000001800037a4 f i libvcruntime:undname.obj
 0001:00002818       ??$append@VpcharNode@@@DName@@AEAAXPEBVpcharNode@@@Z 0000000180003818 f i libvcruntime:undname.obj
 0001:00002818       ??$append@VDNameNode@@@DName@@AEAAXPEBVDNameNode@@@Z 0000000180003818 f i libvcruntime:undname.obj
 0001:00002818       ??$append@VcharNode@@@DName@@AEAAXPEBVcharNode@@@Z 0000000180003818 f i libvcruntime:undname.obj
 0001:00002818       ??$append@VDNameStatusNode@@@DName@@AEAAXPEBVDNameStatusNode@@@Z 0000000180003818 f i libvcruntime:undname.obj
 0001:0000287c       ??$doPchar@$00@DName@@AEAAXPEBDH@Z 000000018000387c f i libvcruntime:undname.obj
 0001:00002920       ??$doPchar@$0A@@DName@@AEAAXPEBDH@Z 0000000180003920 f i libvcruntime:undname.obj
 0001:00002920       ??$doPchar@$01@DName@@AEAAXPEBDH@Z 0000000180003920 f i libvcruntime:undname.obj
 0001:000029b8       ??0DName@@QEAA@AEAPEBDD@Z  00000001800039b8 f   libvcruntime:undname.obj
 0001:00002a68       ??0DName@@QEAA@AEBUStringLiteral@@@Z 0000000180003a68 f   libvcruntime:undname.obj
 0001:00002a94       ??0DName@@QEAA@PEAV0@@Z    0000000180003a94 f   libvcruntime:undname.obj
 0001:00002b18       ??0DName@@QEAA@_J@Z        0000000180003b18 f   libvcruntime:undname.obj
 0001:00002bc0       ??0DName@@QEAA@_K@Z        0000000180003bc0 f   libvcruntime:undname.obj
 0001:00002c50       ??2@YAPEAX_KAEAV_HeapManager@@H@Z 0000000180003c50 f   libvcruntime:undname.obj
 0001:00002c7c       ??AReplicator@@QEBA?AVDName@@H@Z 0000000180003c7c f   libvcruntime:undname.obj
 0001:00002cbc       ??HDName@@QEBA?AV0@AEBUStringLiteral@@@Z 0000000180003cbc f   libvcruntime:undname.obj
 0001:00002ce8       ??HDName@@QEBA?AV0@AEBV0@@Z 0000000180003ce8 f   libvcruntime:undname.obj
 0001:00002d14       ??HDName@@QEBA?AV0@D@Z     0000000180003d14 f   libvcruntime:undname.obj
 0001:00002d40       ??HDName@@QEBA?AV0@W4DNameStatus@@@Z 0000000180003d40 f   libvcruntime:undname.obj
 0001:00002d6c       ??YDName@@QEAAAEAV0@AEBUStringLiteral@@@Z 0000000180003d6c f   libvcruntime:undname.obj
 0001:00002dec       ??YDName@@QEAAAEAV0@AEBV0@@Z 0000000180003dec f   libvcruntime:undname.obj
 0001:00002ea0       ??YDName@@QEAAAEAV0@D@Z    0000000180003ea0 f   libvcruntime:undname.obj
 0001:00002f0c       ??YDName@@QEAAAEAV0@W4DNameStatus@@@Z 0000000180003f0c f   libvcruntime:undname.obj
 0001:00002f78       ??YReplicator@@QEAAAEAV0@AEBVDName@@@Z 0000000180003f78 f   libvcruntime:undname.obj
 0001:00002fd0       ?UScore@UnDecorator@@SA?AUStringLiteral@@W4Tokens@@@Z 0000000180003fd0 f   libvcruntime:undname.obj
 0001:0000301c       ?composeDeclaration@UnDecorator@@CA?AVDName@@AEBV2@@Z 000000018000401c f i libvcruntime:undname.obj
 0001:00003ec4       ?doPchar@DName@@AEAAXD@Z   0000000180004ec4 f   libvcruntime:undname.obj
 0001:00003f14       ?getAddressOf@UnDecorator@@CA?AVDName@@XZ 0000000180004f14 f   libvcruntime:undname.obj
 0001:00003fa4       ?getArgumentList@UnDecorator@@CA?AVDName@@XZ 0000000180004fa4 f   libvcruntime:undname.obj
 0001:00004138       ?getArgumentTypes@UnDecorator@@CA?AVDName@@XZ 0000000180005138 f   libvcruntime:undname.obj
 0001:00004284       ?getArrayAccess@UnDecorator@@CA?AVDName@@XZ 0000000180005284 f   libvcruntime:undname.obj
 0001:00004320       ?getArrayObject@UnDecorator@@CA?AVDName@@XZ 0000000180005320 f   libvcruntime:undname.obj
 0001:000043f4       ?getArrayType@UnDecorator@@CA?AVDName@@AEBV2@@Z 00000001800053f4 f i libvcruntime:undname.obj
 0001:0000463c       ?getBasedType@UnDecorator@@CA?AVDName@@XZ 000000018000563c f   libvcruntime:undname.obj
 0001:00004734       ?getBasicDataType@UnDecorator@@CA?AVDName@@AEBV2@@Z 0000000180005734 f   libvcruntime:undname.obj
 0001:00004cd8       ?getCallingConvention@UnDecorator@@CA?AVDName@@XZ 0000000180005cd8 f   libvcruntime:undname.obj
 0001:00004e18       ?getDataIndirectType@UnDecorator@@CA?AVDName@@AEBV2@W4IndirectionKind@@0H@Z 0000000180005e18 f   libvcruntime:undname.obj
 0001:000056b0       ?getDataType@UnDecorator@@CA?AVDName@@PEAV2@@Z 00000001800066b0 f   libvcruntime:undname.obj
 0001:000057c4       ?getDecoratedName@UnDecorator@@CA?AVDName@@XZ 00000001800067c4 f   libvcruntime:undname.obj
 0001:00005aa8       ?getDimension@UnDecorator@@CA?AVDName@@_N@Z 0000000180006aa8 f   libvcruntime:undname.obj
 0001:00005bf0       ?getDispatchTarget@UnDecorator@@CA?AVDName@@XZ 0000000180006bf0 f   libvcruntime:undname.obj
 0001:00005c54       ?getECSUDataType@UnDecorator@@CA?AVDName@@XZ 0000000180006c54 f   libvcruntime:undname.obj
 0001:00005e4c       ?getEnumType@UnDecorator@@CA?AVDName@@XZ 0000000180006e4c f i libvcruntime:undname.obj
 0001:00005f7c       ?getExtendedDataIndirectType@UnDecorator@@CA?AVDName@@AEAW4IndirectionKind@@AEA_NH@Z 0000000180006f7c f   libvcruntime:undname.obj
 0001:00006184       ?getExternalDataType@UnDecorator@@CA?AVDName@@AEBV2@@Z 0000000180007184 f i libvcruntime:undname.obj
 0001:00006244       ?getFloatingPoint@UnDecorator@@CA?AVDName@@H@Z 0000000180007244 f   libvcruntime:undname.obj
 0001:0000636c       ?getFunctionIndirectType@UnDecorator@@CA?AVDName@@AEBV2@@Z 000000018000736c f   libvcruntime:undname.obj
 0001:000068a4       ?getLastChar@DNameStatusNode@@UEBADXZ 00000001800078a4 f i libvcruntime:undname.obj
 0001:000068b0       ?getLastChar@charNode@@UEBADXZ 00000001800078b0 f i libvcruntime:undname.obj
 0001:000068b4       ?getLastChar@pDNameNode@@UEBADXZ 00000001800078b4 f i libvcruntime:undname.obj
 0001:000068e0       ?getLastChar@pairNode@@UEBADXZ 00000001800078e0 f i libvcruntime:undname.obj
 0001:00006918       ?getLastChar@pcharNode@@UEBADXZ 0000000180007918 f i libvcruntime:undname.obj
 0001:0000692c       ?getLexicalFrame@UnDecorator@@CA?AVDName@@XZ 000000018000792c f i libvcruntime:undname.obj
 0001:00006990       ?getMemberAccess@UnDecorator@@CA?AVDName@@XZ 0000000180007990 f   libvcruntime:undname.obj
 0001:00006a24       ?getMemoryWithBuffer@_HeapManager@@QEAAPEAX_K@Z 0000000180007a24 f   libvcruntime:undname.obj
 0001:00006ab4       ?getNoexcept@UnDecorator@@CA?AVDName@@XZ 0000000180007ab4 f   libvcruntime:undname.obj
 0001:00006b18       ?getNumberOfDimensions@UnDecorator@@CAHXZ 0000000180007b18 f   libvcruntime:undname.obj
 0001:00006b78       ?getOperatorName@UnDecorator@@CA?AVDName@@_NPEA_N@Z 0000000180007b78 f i libvcruntime:undname.obj
 0001:00007528       ?getPointerToMember@UnDecorator@@CA?AVDName@@XZ 0000000180008528 f   libvcruntime:undname.obj
 0001:00007620       ?getPrimaryDataType@UnDecorator@@CA?AVDName@@AEBV2@@Z 0000000180008620 f   libvcruntime:undname.obj
 0001:000078d4       ?getPtrRefDataType@UnDecorator@@CA?AVDName@@AEBV2@H@Z 00000001800088d4 f   libvcruntime:undname.obj
 0001:00007aa0       ?getPtrRefType@UnDecorator@@CA?AVDName@@AEBV2@0W4IndirectionKind@@@Z 0000000180008aa0 f   libvcruntime:undname.obj
 0001:00007c78       ?getRestrictionSpec@UnDecorator@@CA?AVDName@@XZ 0000000180008c78 f   libvcruntime:undname.obj
 0001:00007e44       ?getReturnType@UnDecorator@@CA?AVDName@@PEAV2@@Z 0000000180008e44 f   libvcruntime:undname.obj
 0001:00007e78       ?getScope@UnDecorator@@CA?AVDName@@XZ 0000000180008e78 f   libvcruntime:undname.obj
 0001:0000832c       ?getScopedName@UnDecorator@@CA?AVDName@@XZ 000000018000932c f   libvcruntime:undname.obj
 0001:00008468       ?getSignedDimension@UnDecorator@@CA?AVDName@@XZ 0000000180009468 f   libvcruntime:undname.obj
 0001:000084f0       ?getString@DNameStatusNode@@UEBAPEADPEAD0@Z 00000001800094f0 f i libvcruntime:undname.obj
 0001:00008538       ?getString@charNode@@UEBAPEADPEAD0@Z 0000000180009538 f i libvcruntime:undname.obj
 0001:0000854c       ?getString@pDNameNode@@UEBAPEADPEAD0@Z 000000018000954c f i libvcruntime:undname.obj
 0001:0000857c       ?getString@pairNode@@UEBAPEADPEAD0@Z 000000018000957c f i libvcruntime:undname.obj
 0001:000085c8       ?getString@pcharNode@@UEBAPEADPEAD0@Z 00000001800095c8 f i libvcruntime:undname.obj
 0001:00008600       ?getStringEncoding@UnDecorator@@CA?AVDName@@W4PrefixKind@@H@Z 0000000180009600 f   libvcruntime:undname.obj
 0001:000086f8       ?getStringObject@UnDecorator@@CA?AVDName@@XZ 00000001800096f8 f   libvcruntime:undname.obj
 0001:00008760       ?getSymbolName@UnDecorator@@CA?AVDName@@XZ 0000000180009760 f i libvcruntime:undname.obj
 0001:000087ac       ?getTemplateArgumentList@UnDecorator@@CA?AVDName@@XZ 00000001800097ac f   libvcruntime:undname.obj
 0001:00008a20       ?getTemplateName@UnDecorator@@CA?AVDName@@_N@Z 0000000180009a20 f   libvcruntime:undname.obj
 0001:00008cb4       ?getTemplateNonTypeArgument@UnDecorator@@CA?AVDName@@XZ 0000000180009cb4 f   libvcruntime:undname.obj
 0001:000091e4       ?getTemplateTypeArgument@UnDecorator@@CA?AVDName@@XZ 000000018000a1e4 f   libvcruntime:undname.obj
 0001:0000934c       ?getThrowTypes@UnDecorator@@CA?AVDName@@XZ 000000018000a34c f   libvcruntime:undname.obj
 0001:00009370       ?getTypeEncoding@UnDecorator@@CAHXZ 000000018000a370 f i libvcruntime:undname.obj
 0001:00009724       ?getUndecoratedName@UnDecorator@@QEAAPEADPEADH@Z 000000018000a724 f i libvcruntime:undname.obj
 0001:00009878       ?getUnionObject@UnDecorator@@CA?AVDName@@XZ 000000018000a878 f   libvcruntime:undname.obj
 0001:00009950       ?getVCallThunkType@UnDecorator@@CA?AVDName@@XZ 000000018000a950 f i libvcruntime:undname.obj
 0001:000099c8       ?getValue@UnDecorator@@CA?AV?$optional@_K@std@@XZ 000000018000a9c8 f   libvcruntime:undname.obj
 0001:00009a3c       ?getValueObject@UnDecorator@@CA?AVDName@@XZ 000000018000aa3c f   libvcruntime:undname.obj
 0001:00009ba0       ?getVdispMapType@UnDecorator@@CA?AVDName@@AEBV2@@Z 000000018000aba0 f i libvcruntime:undname.obj
 0001:00009c1c       ?getVfTableType@UnDecorator@@CA?AVDName@@AEBV2@@Z 000000018000ac1c f i libvcruntime:undname.obj
 0001:00009e24       ?getZName@UnDecorator@@CA?AVDName@@_N0@Z 000000018000ae24 f   libvcruntime:undname.obj
 0001:0000a100       ?length@DNameStatusNode@@UEBAHXZ 000000018000b100 f i libvcruntime:undname.obj
 0001:0000a100       ?raw_length@DNameStatusNode@@UEBAHXZ 000000018000b100 f i libvcruntime:undname.obj
 0001:0000a104       ?length@pDNameNode@@UEBAHXZ 000000018000b104 f i libvcruntime:undname.obj
 0001:0000a12c       ?length@pairNode@@UEBAHXZ  000000018000b12c f i libvcruntime:undname.obj
 0001:0000a174       ?length@pcharNode@@UEBAHXZ 000000018000b174 f i libvcruntime:undname.obj
 0001:0000a174       ?raw_length@pcharNode@@UEBAHXZ 000000018000b174 f i libvcruntime:undname.obj
 0001:0000a178       ?parseDecoratedName@UnDecorator@@CA?AVDName@@XZ 000000018000b178 f   libvcruntime:undname.obj
 0001:0000a290       ?raw_length@pDNameNode@@UEBAHXZ 000000018000b290 f i libvcruntime:undname.obj
 0001:0000a294       ?raw_length@pairNode@@UEBAHXZ 000000018000b294 f i libvcruntime:undname.obj
 0001:0000a298       __unDName                  000000018000b298 f   libvcruntime:undname.obj
 0001:0000a2c0       __unDNameEx                000000018000b2c0 f   libvcruntime:undname.obj
 0001:0000a3f4       sprintf_s                  000000018000b3f4 f i libvcruntime:undname.obj
 0001:0000a460       _NLG_Notify                000000018000b460 f   libvcruntime:notify.obj
 0001:0000a480       __NLG_Dispatch2            000000018000b480 f   libvcruntime:notify.obj
 0001:0000a490       __NLG_Return2              000000018000b490 f   libvcruntime:notify.obj
 0001:0000a494       __except_validate_context_record 000000018000b494 f   libvcruntime:jbcxrval.obj
 0001:0000a4cc       __vcrt_freefls             000000018000b4cc f   libvcruntime:per_thread_data.obj
 0001:0000a4ec       __vcrt_freeptd             000000018000b4ec f   libvcruntime:per_thread_data.obj
 0001:0000a53c       __vcrt_getptd              000000018000b53c f   libvcruntime:per_thread_data.obj
 0001:0000a558       __vcrt_getptd_noexit       000000018000b558 f   libvcruntime:per_thread_data.obj
 0001:0000a618       __vcrt_initialize_ptd      000000018000b618 f   libvcruntime:per_thread_data.obj
 0001:0000a660       __vcrt_uninitialize_ptd    000000018000b660 f   libvcruntime:per_thread_data.obj
 0001:0000a684       __vcrt_initialize_locks    000000018000b684 f   libvcruntime:locks.obj
 0001:0000a6b8       __vcrt_lock                000000018000b6b8 f   libvcruntime:locks.obj
 0001:0000a6d4       __vcrt_uninitialize_locks  000000018000b6d4 f   libvcruntime:locks.obj
 0001:0000a70c       __vcrt_unlock              000000018000b70c f   libvcruntime:locks.obj
 0001:0000a728       ??$_CallSETranslator@V__FrameHandler4@@@@YAHPEAUEHExceptionRecord@@PEA_KPEAU_CONTEXT@@PEAU_xDISPATCHER_CONTEXT@@PEAUFuncInfo4@FH4@@K1H@Z 000000018000b728 f i libvcruntime:risctrnsctrl.obj
 0001:0000a77c       ?DecompFuncInfo@FH4@@YA_JPEAEAEAUFuncInfo4@1@_KH_N@Z 000000018000b77c f i libvcruntime:risctrnsctrl.obj
 0001:0000a8a0       ?ExecutionInCatch@__FrameHandler4@@SA_NPEAU_xDISPATCHER_CONTEXT@@PEAUFuncInfo4@FH4@@@Z 000000018000b8a0 f   libvcruntime:risctrnsctrl.obj
 0001:0000a8a8       ?FrameUnwindToEmptyState@__FrameHandler4@@SAXPEA_KPEAU_xDISPATCHER_CONTEXT@@PEAUFuncInfo4@FH4@@@Z 000000018000b8a8 f   libvcruntime:risctrnsctrl.obj
 0001:0000a8dc       ?GetEstablisherFrame@__FrameHandler4@@SAPEA_KPEA_KPEAU_xDISPATCHER_CONTEXT@@PEAUFuncInfo4@FH4@@0@Z 000000018000b8dc f   libvcruntime:risctrnsctrl.obj
 0001:0000a900       ?GetRangeOfTrysToCheck@__FrameHandler4@@SA?AU?$pair@Viterator@TryBlockMap4@FH4@@V123@@std@@AEAVTryBlockMap4@FH4@@HPEAU_xDISPATCHER_CONTEXT@@PEAUFuncInfo4@5@H@Z 000000018000b900 f   libvcruntime:risctrnsctrl.obj
 0001:0000aa68       ?UnwindNestedFrames@__FrameHandler4@@SAXPEA_KPEAUEHExceptionRecord@@PEAU_CONTEXT@@0PEAXPEAUFuncInfo4@FH4@@HHPEAUHandlerType4@5@PEAU_xDISPATCHER_CONTEXT@@E@Z 000000018000ba68 f   libvcruntime:risctrnsctrl.obj
 0001:0000ab88       ?setBuffer@TryBlockMap4@FH4@@QEAAXViterator@12@@Z 000000018000bb88 f i libvcruntime:risctrnsctrl.obj
 0001:0000ad48       _CreateFrameInfo           000000018000bd48 f   libvcruntime:risctrnsctrl.obj
 0001:0000ad84       _FindAndUnlinkFrame        000000018000bd84 f   libvcruntime:risctrnsctrl.obj
 0001:0000add8       _GetImageBase              000000018000bdd8 f   libvcruntime:risctrnsctrl.obj
 0001:0000adec       _GetThrowImageBase         000000018000bdec f   libvcruntime:risctrnsctrl.obj
 0001:0000ae00       _SetImageBase              000000018000be00 f   libvcruntime:risctrnsctrl.obj
 0001:0000ae18       _SetThrowImageBase         000000018000be18 f   libvcruntime:risctrnsctrl.obj
 0001:0000ae30       __CxxFrameHandler4         000000018000be30 f   libvcruntime:risctrnsctrl.obj
 0001:0000af00       memcpy_repmovs             000000018000bf00 f   libvcruntime:memcpy.obj
 0001:0000af20       memcpy                     000000018000bf20 f   libvcruntime:memcpy.obj
 0001:0000af20       memmove                    000000018000bf20 f   libvcruntime:memcpy.obj
 0001:0000b6e8       __vcrt_FlsAlloc            000000018000c6e8 f   libvcruntime:winapi_downlevel.obj
 0001:0000b730       __vcrt_FlsFree             000000018000c730 f   libvcruntime:winapi_downlevel.obj
 0001:0000b778       __vcrt_FlsGetValue         000000018000c778 f   libvcruntime:winapi_downlevel.obj
 0001:0000b7c0       __vcrt_FlsSetValue         000000018000c7c0 f   libvcruntime:winapi_downlevel.obj
 0001:0000b814       __vcrt_InitializeCriticalSectionEx 000000018000c814 f   libvcruntime:winapi_downlevel.obj
 0001:0000b878       ?StateFromControlPc@__FrameHandler4@@SAHPEAUFuncInfo4@FH4@@PEAU_xDISPATCHER_CONTEXT@@@Z 000000018000c878 f   libvcruntime:ehstate.obj
 0001:0000b880       ?StateFromIp@__FrameHandler4@@SAHPEAUFuncInfo4@FH4@@PEAU_xDISPATCHER_CONTEXT@@_K@Z 000000018000c880 f   libvcruntime:ehstate.obj
 0001:0000c4f0       ??$TypeMatchHelper@V__FrameHandler3@@@@YAHPEBU_s_HandlerType@@PEBU_s_CatchableType@@PEBU_s_ThrowInfo@@@Z 000000018000d4f0 f i libvcruntime:frame.obj
 0001:0000c630       ??$TypeMatchHelper@V__FrameHandler4@@@@YAHPEAUHandlerType4@FH4@@PEBU_s_CatchableType@@PEBU_s_ThrowInfo@@@Z 000000018000d630 f i libvcruntime:frame.obj
 0001:0000c774       ??$__InternalCxxFrameHandler@V__FrameHandler4@@@@YA?AW4_EXCEPTION_DISPOSITION@@PEAUEHExceptionRecord@@PEA_KPEAU_CONTEXT@@PEAU_xDISPATCHER_CONTEXT@@PEAUFuncInfo4@FH4@@H1E@Z 000000018000d774 f i libvcruntime:frame.obj
 0001:0000ca08       ??0HandlerMap4@FH4@@QEAA@PEBUTryBlockMapEntry4@1@_KH@Z 000000018000da08 f i libvcruntime:frame.obj
 0001:0000ca84       ??0TryBlockMap4@FH4@@QEAA@PEBUFuncInfo4@1@_K@Z 000000018000da84 f i libvcruntime:frame.obj
 0001:0000cb5c       ??0bad_exception@std@@QEAA@AEBV01@@Z 000000018000db5c f i libvcruntime:frame.obj
 0001:0000cb98       ??0bad_exception@std@@QEAA@XZ 000000018000db98 f i libvcruntime:frame.obj
 0001:0000cbb8       ??0exception@std@@QEAA@AEBV01@@Z 000000018000dbb8 f i libvcruntime:frame.obj
 0001:0000cbec       ??1bad_exception@std@@UEAA@XZ 000000018000dbec f i libvcruntime:frame.obj
 0001:0000cc00       ??_Eexception@std@@UEAAPEAXI@Z 000000018000dc00 f i libvcruntime:frame.obj
 0001:0000cc00       ??_Ebad_exception@std@@UEAAPEAXI@Z 000000018000dc00 f i libvcruntime:frame.obj
 0001:0000cc00       ??_Gbad_exception@std@@UEAAPEAXI@Z 000000018000dc00 f i libvcruntime:frame.obj
 0001:0000cc00       ??_Gexception@std@@UEAAPEAXI@Z 000000018000dc00 f i libvcruntime:frame.obj
 0001:0000cc44       ?CxxCallCatchBlock@__FrameHandler4@@SAPEAXPEAU_EXCEPTION_RECORD@@@Z 000000018000dc44 f   libvcruntime:frame.obj
 0001:0000ce94       ?DecompHandler@HandlerMap4@FH4@@AEAAXXZ 000000018000de94 f i libvcruntime:frame.obj
 0001:0000d0d4       ?FrameUnwindToState@__FrameHandler4@@SAXPEA_KPEAU_xDISPATCHER_CONTEXT@@PEAUFuncInfo4@FH4@@H@Z 000000018000e0d4 f   libvcruntime:frame.obj
 0001:0000d534       ?ReadEntry@UWMap4@FH4@@AEAAXPEAPEAE@Z 000000018000e534 f i libvcruntime:frame.obj
 0001:0000d5d4       ?_CallMemberFunction1@@YAXQEAX00@Z 000000018000e5d4 f i libvcruntime:frame.obj
 0001:0000d5e0       ?_CallMemberFunction2@@YAXQEAX00H@Z 000000018000e5e0 f i libvcruntime:frame.obj
 0001:0000d5f0       ?getStartStop@UWMap4@FH4@@QEAAXHHAEAViterator@12@0@Z 000000018000e5f0 f i libvcruntime:frame.obj
 0001:0000d6c0       ?getStateFromIterators@UWMap4@FH4@@SAHAEBViterator@12@H0H0@Z 000000018000e6c0 f i libvcruntime:frame.obj
 0001:0000d788       ?what@exception@std@@UEBAPEBDXZ 000000018000e788 f i libvcruntime:frame.obj
 0001:0000d7b0       _CallSettingFrame          000000018000e7b0 f   libvcruntime:handlers.obj
 0001:0000d800       _CallSettingFrame_LookupContinuationIndex 000000018000e800 f   libvcruntime:handlers.obj
 0001:0000d830       _CallSettingFrame_NotifyContinuationAddr 000000018000e830 f   libvcruntime:handlers.obj
 0001:0000d860       _CallSettingFrameEncoded   000000018000e860 f   libvcruntime:handlers.obj
 0001:0000d8a8       __std_exception_copy       000000018000e8a8 f   libvcruntime:std_exception.obj
 0001:0000d938       __std_exception_destroy    000000018000e938 f   libvcruntime:std_exception.obj
 0001:0000d960       _CxxThrowException         000000018000e960 f   libvcruntime:throw.obj
 0001:0000da00       free                       000000018000ea00 f   libucrt:free.obj
 0001:0000da14       _initterm                  000000018000ea14 f   libucrt:initterm.obj
 0001:0000da78       _initterm_e                000000018000ea78 f   libucrt:initterm.obj
 0001:0000dab8       _seh_filter_dll            000000018000eab8 f   libucrt:exception_filter.obj
 0001:0000dacc       _seh_filter_exe            000000018000eacc f   libucrt:exception_filter.obj
 0001:0000debc       __acrt_initialize_thread_local_exit_callback 000000018000eebc f   libucrt:exit.obj
 0001:0000dec4       _cexit                     000000018000eec4 f   libucrt:exit.obj
 0001:0000ded4       _exit                      000000018000eed4 f   libucrt:exit.obj
 0001:0000dee0       _is_c_termination_complete 000000018000eee0 f   libucrt:exit.obj
 0001:0000e0ac       __acrt_allocate_buffer_for_argv 000000018000f0ac f   libucrt:argv_parsing.obj
 0001:0000e10c       _configure_narrow_argv     000000018000f10c f   libucrt:argv_parsing.obj
 0001:0000e484       __dcrt_uninitialize_environments_nolock 000000018000f484 f   libucrt:environment_initialization.obj
 0001:0000e4bc       _initialize_narrow_environment 000000018000f4bc f   libucrt:environment_initialization.obj
 0001:0000e618       _execute_onexit_table      000000018000f618 f   libucrt:onexit.obj
 0001:0000e654       _initialize_onexit_table   000000018000f654 f   libucrt:onexit.obj
 0001:0000e6b4       __acrt_uninitialize_command_line 000000018000f6b4 f   libucrt:argv_data.obj
 0001:0000e7ac       __acrt_initialize          000000018000f7ac f   libucrt:initialization.obj
 0001:0000e7c0       __acrt_thread_attach       000000018000f7c0 f   libucrt:initialization.obj
 0001:0000e7d4       __acrt_thread_detach       000000018000f7d4 f   libucrt:initialization.obj
 0001:0000e7e4       __acrt_uninitialize        000000018000f7e4 f   libucrt:initialization.obj
 0001:0000e81c       __acrt_uninitialize_critical 000000018000f81c f   libucrt:initialization.obj
 0001:0000e82c       terminate                  000000018000f82c f   libucrt:terminate.obj
 0001:0000e84c       abort                      000000018000f84c f   libucrt:abort.obj
 0001:0000e8a4       malloc                     000000018000f8a4 f   libucrt:malloc.obj
 0001:0000e8ac       strcpy_s                   000000018000f8ac f   libucrt:strcpy_s.obj
 0001:0000ead8       ??$ensure_buffer_is_big_enough@D@formatting_buffer@__crt_stdio_output@@QEAA_N_K@Z 000000018000fad8 f i libucrt:output.obj
 0001:0000eb80       ??$type_case_integer_parse_into_buffer@I@?$output_processor@DV?$string_output_adapter@D@__crt_stdio_output@@V?$format_validation_base@DV?$string_output_adapter@D@__crt_stdio_output@@@2@@__crt_stdio_output@@AEAAXII_N@Z 000000018000fb80 f i libucrt:output.obj
 0001:0000ec08       ??$type_case_integer_parse_into_buffer@_K@?$output_processor@DV?$string_output_adapter@D@__crt_stdio_output@@V?$format_validation_base@DV?$string_output_adapter@D@__crt_stdio_output@@@2@@__crt_stdio_output@@AEAAX_KI_N@Z 000000018000fc08 f i libucrt:output.obj
 0001:0000ec98       ??$write_multiple_characters@V?$string_output_adapter@D@__crt_stdio_output@@D@__crt_stdio_output@@YAXAEBV?$string_output_adapter@D@0@DHQEAH@Z 000000018000fc98 f i libucrt:output.obj
 0001:0000ed10       ??0_LocaleUpdate@@QEAA@QEAU__crt_locale_pointers@@@Z 000000018000fd10 f i libucrt:output.obj
 0001:0000edac       ?crop_zeroes@__crt_stdio_output@@YAXPEADQEAU__crt_locale_pointers@@@Z 000000018000fdac f i libucrt:output.obj
 0001:0000ee18       ?parse_int_from_format_string@?$output_processor@DV?$string_output_adapter@D@__crt_stdio_output@@V?$format_validation_base@DV?$string_output_adapter@D@__crt_stdio_output@@@2@@__crt_stdio_output@@AEAA_NQEAH@Z 000000018000fe18 f i libucrt:output.obj
 0001:0000eebc       ?process@?$output_processor@DV?$string_output_adapter@D@__crt_stdio_output@@V?$format_validation_base@DV?$string_output_adapter@D@__crt_stdio_output@@@2@@__crt_stdio_output@@QEAAHXZ 000000018000febc f i libucrt:output.obj
 0001:0000f0d4       ?state_case_normal@?$output_processor@DV?$string_output_adapter@D@__crt_stdio_output@@V?$format_validation_base@DV?$string_output_adapter@D@__crt_stdio_output@@@2@@__crt_stdio_output@@AEAA_NXZ 00000001800100d4 f i libucrt:output.obj
 0001:0000f148       ?state_case_normal_tchar@?$output_processor@DV?$string_output_adapter@D@__crt_stdio_output@@V?$format_validation_base@DV?$string_output_adapter@D@__crt_stdio_output@@@2@@__crt_stdio_output@@AEAA_ND@Z 0000000180010148 f i libucrt:output.obj
 0001:0000f1f0       ?state_case_size@?$output_processor@DV?$string_output_adapter@D@__crt_stdio_output@@V?$format_validation_base@DV?$string_output_adapter@D@__crt_stdio_output@@@2@@__crt_stdio_output@@AEAA_NXZ 00000001800101f0 f i libucrt:output.obj
 0001:0000f364       ?state_case_type@?$output_processor@DV?$string_output_adapter@D@__crt_stdio_output@@V?$format_validation_base@DV?$string_output_adapter@D@__crt_stdio_output@@@2@@__crt_stdio_output@@AEAA_NXZ 0000000180010364 f i libucrt:output.obj
 0001:0000f5cc       ?type_case_Z@?$output_processor@DV?$string_output_adapter@D@__crt_stdio_output@@V?$format_validation_base@DV?$string_output_adapter@D@__crt_stdio_output@@@2@@__crt_stdio_output@@AEAA_NXZ 00000001800105cc f i libucrt:output.obj
 0001:0000f640       ?type_case_a@?$output_processor@DV?$string_output_adapter@D@__crt_stdio_output@@V?$format_validation_base@DV?$string_output_adapter@D@__crt_stdio_output@@@2@@__crt_stdio_output@@AEAA_NXZ 0000000180010640 f i libucrt:output.obj
 0001:0000f858       ?type_case_c_tchar@?$output_processor@DV?$string_output_adapter@D@__crt_stdio_output@@V?$format_validation_base@DV?$string_output_adapter@D@__crt_stdio_output@@@2@@__crt_stdio_output@@AEAA_ND@Z 0000000180010858 f i libucrt:output.obj
 0001:0000f914       ?type_case_integer@?$output_processor@DV?$string_output_adapter@D@__crt_stdio_output@@V?$format_validation_base@DV?$string_output_adapter@D@__crt_stdio_output@@@2@@__crt_stdio_output@@AEAA_NI_N@Z 0000000180010914 f i libucrt:output.obj
 0001:0000fadc       ?type_case_n@?$output_processor@DV?$string_output_adapter@D@__crt_stdio_output@@V?$format_validation_base@DV?$string_output_adapter@D@__crt_stdio_output@@@2@@__crt_stdio_output@@AEAA_NXZ 0000000180010adc f i libucrt:output.obj
 0001:0000fbb8       ?type_case_s@?$output_processor@DV?$string_output_adapter@D@__crt_stdio_output@@V?$format_validation_base@DV?$string_output_adapter@D@__crt_stdio_output@@@2@@__crt_stdio_output@@AEAA_NXZ 0000000180010bb8 f i libucrt:output.obj
 0001:0000fc50       ?write_stored_string_tchar@?$output_processor@DV?$string_output_adapter@D@__crt_stdio_output@@V?$format_validation_base@DV?$string_output_adapter@D@__crt_stdio_output@@@2@@__crt_stdio_output@@AEAA_ND@Z 0000000180010c50 f i libucrt:output.obj
 0001:0000fd28       ?write_string@?$string_output_adapter@D@__crt_stdio_output@@QEBAXQEBDHQEAHAEAV__crt_deferred_errno_cache@@@Z 0000000180010d28 f i libucrt:output.obj
 0001:0000fdcc       __stdio_common_vsprintf_s  0000000180010dcc f   libucrt:output.obj
 0001:0000fe30       ??$parse_integer@KV?$c_string_character_source@D@__crt_strtox@@@__crt_strtox@@YAKQEAU__crt_locale_pointers@@V?$c_string_character_source@D@0@H_N@Z 0000000180010e30 f i libucrt:atox.obj
 0001:00010138       _ischartype_l              0000000180011138 f i libucrt:atox.obj
 0001:000101b0       atol                       00000001800111b0 f   libucrt:atox.obj
 0001:000101f0       strncmp                    00000001800111f0 f   libucrt:strncmp.obj
 0001:00010270       calloc                     0000000180011270 f   libucrt:calloc.obj
 0001:00010278       wcsncmp                    0000000180011278 f   libucrt:wcsncmp.obj
 0001:000102a4       _free_base                 00000001800112a4 f   libucrt:free_base.obj
 0001:0001065c       __acrt_freeptd             000000018001165c f   libucrt:per_thread_data.obj
 0001:000106a0       __acrt_getptd              00000001800116a0 f   libucrt:per_thread_data.obj
 0001:00010774       __acrt_getptd_head         0000000180011774 f   libucrt:per_thread_data.obj
 0001:0001081c       __acrt_getptd_noexit       000000018001181c f   libucrt:per_thread_data.obj
 0001:000108e8       __acrt_initialize_ptd      00000001800118e8 f   libucrt:per_thread_data.obj
 0001:00010924       __acrt_uninitialize_ptd    0000000180011924 f   libucrt:per_thread_data.obj
 0001:00010948       __acrt_initialize_locks    0000000180011948 f   libucrt:locks.obj
 0001:00010990       __acrt_lock                0000000180011990 f   libucrt:locks.obj
 0001:000109ac       __acrt_uninitialize_locks  00000001800119ac f   libucrt:locks.obj
 0001:000109e4       __acrt_unlock              00000001800119e4 f   libucrt:locks.obj
 0001:00010a00       __acrt_get_process_end_policy 0000000180011a00 f   libucrt:win_policies.obj
 0001:00010a3c       __acrt_call_reportfault    0000000180011a3c f   libucrt:invalid_parameter.obj
 0001:00010b98       __acrt_initialize_invalid_parameter_handler 0000000180011b98 f   libucrt:invalid_parameter.obj
 0001:00010ba0       _invalid_parameter         0000000180011ba0 f   libucrt:invalid_parameter.obj
 0001:00010c50       _invalid_parameter_noinfo  0000000180011c50 f   libucrt:invalid_parameter.obj
 0001:00010c70       _invoke_watson             0000000180011c70 f   libucrt:invalid_parameter.obj
 0001:00010cb8       __acrt_errno_from_os_error 0000000180011cb8 f   libucrt:errno.obj
 0001:00010d00       __acrt_errno_map_os_error  0000000180011d00 f   libucrt:errno.obj
 0001:00010d50       __doserrno                 0000000180011d50 f   libucrt:errno.obj
 0001:00010d70       _errno                     0000000180011d70 f   libucrt:errno.obj
 0001:00010d90       _calloc_base               0000000180011d90 f   libucrt:calloc_base.obj
 0001:00010e1c       ??$__acrt_mbs_to_wcs_cp@U__crt_win32_buffer_internal_dynamic_resizing@@@@YAHQEBDAEAV?$__crt_win32_buffer@_WU__crt_win32_buffer_internal_dynamic_resizing@@@@I@Z 0000000180011e1c f i libucrt:argv_wildcards.obj
 0001:00010f94       ??$__acrt_wcs_to_mbs_cp@U__crt_win32_buffer_internal_dynamic_resizing@@@@YAHQEB_WAEAV?$__crt_win32_buffer@DU__crt_win32_buffer_internal_dynamic_resizing@@@@I@Z 0000000180011f94 f i libucrt:argv_wildcards.obj
 0001:000117c4       __acrt_expand_narrow_argv_wildcards 00000001800127c4 f   libucrt:argv_wildcards.obj
 0001:000117cc       ??$__acrt_wcs_to_mbs_cp@U__crt_win32_buffer_no_resizing@@@@YAHQEB_WAEAV?$__crt_win32_buffer@DU__crt_win32_buffer_no_resizing@@@@I@Z 00000001800127cc f i libucrt:getmodulefilenamea.obj
 0001:000118e0       __acrt_GetModuleFileNameA  00000001800128e0 f   libucrt:getmodulefilenamea.obj
 0001:0001212c       __acrt_initialize_multibyte 000000018001312c f   libucrt:mbctype.obj
 0001:0001218c       __acrt_update_thread_multibyte_data 000000018001318c f   libucrt:mbctype.obj
 0001:000121a8       _setmbcp_nolock            00000001800131a8 f   libucrt:mbctype.obj
 0001:000124dc       _ismbblead                 00000001800134dc f   libucrt:ismbbyte.obj
 0001:000124f0       __acrt_initialize_command_line 00000001800134f0 f   libucrt:argv_data.obj
 0001:00012518       __acrt_MultiByteToWideChar 0000000180013518 f   libucrt:multibytetowidechar.obj
 0001:00012574       __acrt_WideCharToMultiByte 0000000180013574 f   libucrt:widechartomultibyte.obj
 0001:0001260c       __dcrt_get_narrow_environment_from_os 000000018001360c f   libucrt:get_environment_from_os.obj
 0001:00012710       _recalloc_base             0000000180013710 f   libucrt:recalloc.obj
 0001:00012980       __acrt_AppPolicyGetProcessTerminationMethodInternal 0000000180013980 f   libucrt:winapi_thunks.obj
 0001:000129d0       __acrt_AreFileApisANSI     00000001800139d0 f   libucrt:winapi_thunks.obj
 0001:00012a0c       __acrt_FlsAlloc            0000000180013a0c f   libucrt:winapi_thunks.obj
 0001:00012a54       __acrt_FlsFree             0000000180013a54 f   libucrt:winapi_thunks.obj
 0001:00012a9c       __acrt_FlsGetValue         0000000180013a9c f   libucrt:winapi_thunks.obj
 0001:00012ae4       __acrt_FlsSetValue         0000000180013ae4 f   libucrt:winapi_thunks.obj
 0001:00012b38       __acrt_InitializeCriticalSectionEx 0000000180013b38 f   libucrt:winapi_thunks.obj
 0001:00012b9c       __acrt_LCMapStringEx       0000000180013b9c f   libucrt:winapi_thunks.obj
 0001:00012c78       __acrt_LocaleNameToLCID    0000000180013c78 f   libucrt:winapi_thunks.obj
 0001:00012cc8       __acrt_initialize_winapi_thunks 0000000180013cc8 f   libucrt:winapi_thunks.obj
 0001:00012cfc       __acrt_uninitialize_winapi_thunks 0000000180013cfc f   libucrt:winapi_thunks.obj
 0001:00012d40       __acrt_initialize_heap     0000000180013d40 f   libucrt:heap_handle.obj
 0001:00012d5c       __acrt_uninitialize_heap   0000000180013d5c f   libucrt:heap_handle.obj
 0001:00012f64       __acrt_initialize_lowio    0000000180013f64 f   libucrt:ioinit.obj
 0001:00012fa0       __acrt_uninitialize_lowio  0000000180013fa0 f   libucrt:ioinit.obj
 0001:00012fe0       __acrt_execute_initializers 0000000180013fe0 f   libucrt:shared_initialization.obj
 0001:00013060       __acrt_execute_uninitializers 0000000180014060 f   libucrt:shared_initialization.obj
 0001:0001309c       __acrt_initialize_new_handler 000000018001409c f   libucrt:new_handler.obj
 0001:000130a4       _callnewh                  00000001800140a4 f   libucrt:new_handler.obj
 0001:000130d4       _query_new_handler         00000001800140d4 f   libucrt:new_handler.obj
 0001:00013150       __acrt_get_sigabrt_handler 0000000180014150 f   libucrt:signal.obj
 0001:00013180       __acrt_initialize_signal_handlers 0000000180014180 f   libucrt:signal.obj
 0001:000131a0       raise                      00000001800141a0 f   libucrt:signal.obj
 0001:0001340c       __acrt_has_user_matherr    000000018001440c f   libucrt:matherr.obj
 0001:0001342c       __acrt_initialize_user_matherr 000000018001442c f   libucrt:matherr.obj
 0001:00013434       __acrt_invoke_user_matherr 0000000180014434 f   libucrt:matherr.obj
 0001:00013640       __acrt_stdio_flush_nolock  0000000180014640 f   libucrt:fflush.obj
 0001:000136bc       _fflush_nolock             00000001800146bc f   libucrt:fflush.obj
 0001:00013708       _flushall                  0000000180014708 f   libucrt:fflush.obj
 0001:00013710       __acrt_initialize_stdio    0000000180014710 f   libucrt:_file.obj
 0001:00013830       __acrt_uninitialize_stdio  0000000180014830 f   libucrt:_file.obj
 0001:0001388c       _lock_file                 000000018001488c f   libucrt:_file.obj
 0001:00013898       _unlock_file               0000000180014898 f   libucrt:_file.obj
 0001:000138a4       _malloc_base               00000001800148a4 f   libucrt:malloc_base.obj
 0001:00013904       strtol                     0000000180014904 f   libucrt:strtox.obj
 0001:00013930       _mbtowc_l                  0000000180014930 f   libucrt:mbtowc.obj
 0001:00013ab0       mbtowc                     0000000180014ab0 f   libucrt:mbtowc.obj
 0001:00013ab8       _wctomb_s_l                0000000180014ab8 f   libucrt:wctomb.obj
 0001:00013c54       wctomb_s                   0000000180014c54 f   libucrt:wctomb.obj
 0001:00013c68       strnlen                    0000000180014c68 f   libucrt:strnlen.obj
 0001:00013db8       wcsnlen                    0000000180014db8 f   libucrt:strnlen.obj
 0001:00013f90       __acrt_update_locale_info  0000000180014f90 f   libucrt:locale_update.obj
 0001:00013fc4       __acrt_update_multibyte_info 0000000180014fc4 f   libucrt:locale_update.obj
 0001:00014890       __acrt_fp_format           0000000180015890 f   libucrt:cvt.obj
 0001:00014b94       _fileno                    0000000180015b94 f   libucrt:fileno.obj
 0001:00014bbc       _get_printf_count_output   0000000180015bbc f   libucrt:printf_count_output.obj
 0001:00014c44       __acrt_set_locale_changed  0000000180015c44 f   libucrt:wsetlocale.obj
 0001:00014c50       __acrt_uninitialize_locale 0000000180015c50 f   libucrt:wsetlocale.obj
 0001:00014c80       __pctype_func              0000000180015c80 f   libucrt:ctype.obj
 0001:00014cb0       _isctype_l                 0000000180015cb0 f   libucrt:isctype.obj
 0001:00014db8       __acrt_add_locale_ref      0000000180015db8 f   libucrt:locale_refcounting.obj
 0001:00014e44       __acrt_free_locale         0000000180015e44 f   libucrt:locale_refcounting.obj
 0001:00014fbc       __acrt_locale_add_lc_time_reference 0000000180015fbc f   libucrt:locale_refcounting.obj
 0001:00014fe4       __acrt_locale_free_lc_time_if_unreferenced 0000000180015fe4 f   libucrt:locale_refcounting.obj
 0001:0001501c       __acrt_locale_release_lc_time_reference 000000018001601c f   libucrt:locale_refcounting.obj
 0001:00015044       __acrt_release_locale_ref  0000000180016044 f   libucrt:locale_refcounting.obj
 0001:000150ec       __acrt_update_thread_locale_data 00000001800160ec f   libucrt:locale_refcounting.obj
 0001:00015158       _updatetlocinfoEx_nolock   0000000180016158 f   libucrt:locale_refcounting.obj
 0001:000151c0       _query_new_mode            00000001800161c0 f   libucrt:new_mode.obj
 0001:000151d0       qsort                      00000001800161d0 f   libucrt:qsort.obj
 0001:00015580       strncpy_s                  0000000180016580 f   libucrt:strncpy_s.obj
 0001:00015700       strpbrk                    0000000180016700 f   libucrt:strpbrk.obj
 0001:00015ae0       _mbsdec                    0000000180016ae0 f   libucrt:mbsdec.obj
 0001:00015ae8       _mbsdec_l                  0000000180016ae8 f   libucrt:mbsdec.obj
 0001:00015b7c       __acrt_GetStringTypeA      0000000180016b7c f   libucrt:getstringtypea.obj
 0001:00016024       __acrt_LCMapStringA        0000000180017024 f   libucrt:lcmapstringa.obj
 0001:000160d4       _msize_base                00000001800170d4 f   libucrt:msize.obj
 0001:00016110       _realloc_base              0000000180017110 f   libucrt:realloc_base.obj
 0001:0001618c       __acrt_DownlevelLocaleNameToLCID 000000018001718c f   libucrt:lcidtoname_downlevel.obj
 0001:0001623c       __acrt_lowio_create_handle_array 000000018001723c f   libucrt:osfinfo.obj
 0001:000162e4       __acrt_lowio_destroy_handle_array 00000001800172e4 f   libucrt:osfinfo.obj
 0001:00016334       __acrt_lowio_ensure_fh_exists 0000000180017334 f   libucrt:osfinfo.obj
 0001:000163dc       __acrt_lowio_lock_fh       00000001800173dc f   libucrt:osfinfo.obj
 0001:00016404       __acrt_lowio_unlock_fh     0000000180017404 f   libucrt:osfinfo.obj
 0001:0001642c       _free_osfhnd               000000018001742c f   libucrt:osfinfo.obj
 0001:000164e8       _get_osfhandle             00000001800174e8 f   libucrt:osfinfo.obj
 0001:000165ec       _commit                    00000001800175ec f   libucrt:commit.obj
 0001:00016ee0       _write                     0000000180017ee0 f   libucrt:write.obj
 0001:00016fcc       _write_nolock              0000000180017fcc f   libucrt:write.obj
 0001:000172a8       _fcloseall                 00000001800182a8 f   libucrt:closeall.obj
 0001:0001735c       __acrt_stdio_free_buffer_nolock 000000018001835c f   libucrt:_freebuf.obj
 0001:0001739c       _isatty                    000000018001839c f   libucrt:isatty.obj
 0001:000173fc       _isleadbyte_l              00000001800183fc f i libucrt:_wctype.obj
 0001:00017448       ?__mbrtowc_utf8@__crt_mbstring@@YA_KPEA_WPEBD_KPEAU_Mbstatet@@@Z 0000000180018448 f   libucrt:mbrtowc.obj
 0001:00017484       ?__mbsrtowcs_utf8@__crt_mbstring@@YA_KPEA_WPEAPEBD_KPEAU_Mbstatet@@@Z 0000000180018484 f   libucrt:mbrtowc.obj
 0001:000175fc       ?__c32rtomb_utf8@__crt_mbstring@@YA_KPEAD_UPEAU_Mbstatet@@@Z 00000001800185fc f   libucrt:c32rtomb.obj
 0001:000176b0       __acrt_fp_strflt_to_string 00000001800186b0 f   libucrt:_fptostr.obj
 0001:000177a0       ?divide@__crt_strtox@@YA_KAEAUbig_integer@1@AEBU21@@Z 00000001800187a0 f i libucrt:cfout.obj
 0001:00017bcc       __acrt_fltout              0000000180018bcc f   libucrt:cfout.obj
 0001:00018e88       __acrt_locale_free_monetary 0000000180019e88 f   libucrt:initmon.obj
 0001:00018f94       __acrt_locale_free_numeric 0000000180019f94 f   libucrt:initnum.obj
 0001:00019058       __acrt_locale_free_time    000000018001a058 f   libucrt:inittime.obj
 0001:00019160       __strncnt                  000000018001a160 f   libucrt:strncnt.obj
 0001:00019178       __ascii_wcsnicmp           000000018001a178 f   libucrt:wcsnicmp.obj
 0001:000191c4       _query_app_type            000000018001a1c4 f   libucrt:report_runtime_error.obj
 0001:00019268       _lseeki64_nolock           000000018001a268 f   libucrt:lseek.obj
 0001:00019270       _putwch_nolock             000000018001a270 f   libucrt:putwch.obj
 0001:000192ac       _fclose_nolock             000000018001a2ac f   libucrt:fclose.obj
 0001:00019330       fclose                     000000018001a330 f   libucrt:fclose.obj
 0001:00019394       ?__mbrtoc32_utf8@__crt_mbstring@@YA_KPEA_UPEBD_KPEAU_Mbstatet@@@Z 000000018001a394 f   libucrt:mbrtoc32.obj
 0001:00019570       fegetenv                   000000018001a570 f   libucrt:fegetenv.obj
 0001:00019590       fesetenv                   000000018001a590 f   libucrt:fesetenv.obj
 0001:000195dc       feholdexcept               000000018001a5dc f   libucrt:feholdexcept.obj
 0001:0001962c       ceil                       000000018001a62c f   libucrt:ceil.obj
 0001:000196f0       log10                      000000018001a6f0 f   libucrt:log10.obj
 0001:00019c9c       __dcrt_lowio_ensure_console_output_initialized 000000018001ac9c f   libucrt:initcon.obj
 0001:00019cf0       __dcrt_terminate_console_output 000000018001acf0 f   libucrt:initcon.obj
 0001:00019d0c       __dcrt_write_console       000000018001ad0c f   libucrt:initcon.obj
 0001:00019e40       _close                     000000018001ae40 f   libucrt:close.obj
 0001:00019ee4       _close_nolock              000000018001aee4 f   libucrt:close.obj
 0001:00019fa4       ?__acrt_stdio_free_stream@@YAXV__crt_stdio_stream@@@Z 000000018001afa4 f   libucrt:stream.obj
 0001:00019fc0       __acrt_fenv_get_control    000000018001afc0 f   libucrt:_fenvutils.obj
 0001:0001a0b4       __acrt_fenv_get_status     000000018001b0b4 f   libucrt:_fenvutils.obj
 0001:0001a108       __acrt_fenv_set_control    000000018001b108 f   libucrt:_fenvutils.obj
 0001:0001a250       __acrt_fenv_set_status     000000018001b250 f   libucrt:_fenvutils.obj
 0001:0001a2d4       _clearfp                   000000018001b2d4 f   libucrt:ieee.obj
 0001:0001a468       _handle_error              000000018001b468 f   libucrt:libm_error.obj
 0001:0001a590       _handle_nan                000000018001b590 f   libucrt:libm_error.obj
 0001:0001a5b0       __acrt_initialize_fma3     000000018001b5b0 f   libucrt:fma3_available.obj
 0001:0001a620       _log10_special             000000018001b620 f   libucrt:log_special.obj
 0001:0001a6f0       _get_fpsr                  000000018001b6f0 f   libucrt:fpsr.obj
 0001:0001a700       _set_fpsr                  000000018001b700 f   libucrt:fpsr.obj
 0001:0001a70a       _fclrf                     000000018001b70a f   libucrt:fpsr.obj
 0001:0001a71e       _frnd                      000000018001b71e f   libucrt:fpsr.obj
 0001:0001a740       _raise_exc                 000000018001b740 f   libucrt:fpexcept.obj
 0001:0001a768       _raise_exc_ex              000000018001b768 f   libucrt:fpexcept.obj
 0001:0001aa78       _set_errno_from_matherr    000000018001ba78 f   libucrt:fpexcept.obj
 0001:0001aaa8       _clrfp                     000000018001baa8 f   libucrt:fpctrl.obj
 0001:0001aac8       _ctrlfp                    000000018001bac8 f   libucrt:fpctrl.obj
 0001:0001ab44       _set_statfp                000000018001bb44 f   libucrt:fpctrl.obj
 0001:0001ab64       _statfp                    000000018001bb64 f   libucrt:fpctrl.obj
 0001:0001ab80       _FindPESection             000000018001bb80 f   LIBCMT:pesect.obj
 0001:0001abd0       _IsNonwritableInCurrentImage 000000018001bbd0 f   LIBCMT:pesect.obj
 0001:0001ac20       _ValidateImageBase         000000018001bc20 f   LIBCMT:pesect.obj
 0001:0001ac50       __GSHandlerCheck           000000018001bc50 f   LIBCMT:gshandler.obj
 0001:0001ac70       __GSHandlerCheckCommon     000000018001bc70 f   LIBCMT:gshandler.obj
 0001:0001ace0       __security_check_cookie    000000018001bce0 f   LIBCMT:amdsecgs.obj
 0001:0001ad00       __GSHandlerCheck_SEH       000000018001bd00 f   LIBCMT:gshandlerseh.obj
 0001:0001ad88       __raise_securityfailure    000000018001bd88 f   LIBCMT:gs_report.obj
 0001:0001adbc       __report_gsfailure         000000018001bdbc f   LIBCMT:gs_report.obj
 0001:0001ae90       __report_rangecheckfailure 000000018001be90 f   LIBCMT:gs_report.obj
 0001:0001aea4       __report_securityfailure   000000018001bea4 f   LIBCMT:gs_report.obj
 0001:0001b040       __chkstk                   000000018001c040 f   LIBCMT:chkstk.obj
 0001:0001b040       _alloca_probe              000000018001c040 f   LIBCMT:chkstk.obj
 0001:0001b090       strrchr                    000000018001c090 f   libvcruntime:strrchr.obj
 0001:0001b1d0       memcmp                     000000018001c1d0 f   libvcruntime:memcmp.obj
 0001:0001b2b0       _guard_dispatch_icall_nop  000000018001c2b0 f   LIBCMT:guard_dispatch.obj
 0001:0001b2d0       _guard_xfg_dispatch_icall_nop 000000018001c2d0 f   LIBCMT:guard_xfg_dispatch.obj
 0002:00000000       __imp_LoadLibraryA         000000018001d000     kernel32:KERNEL32.dll
 0002:00000008       __imp_WriteConsoleW        000000018001d008     kernel32:KERNEL32.dll
 0002:00000010       __imp_RaiseException       000000018001d010     kernel32:KERNEL32.dll
 0002:00000018       __imp_GetLastError         000000018001d018     kernel32:KERNEL32.dll
 0002:00000020       __imp_GetSystemInfo        000000018001d020     kernel32:KERNEL32.dll
 0002:00000028       __imp_VirtualProtect       000000018001d028     kernel32:KERNEL32.dll
 0002:00000030       __imp_VirtualQuery         000000018001d030     kernel32:KERNEL32.dll
 0002:00000038       __imp_FreeLibrary          000000018001d038     kernel32:KERNEL32.dll
 0002:00000040       __imp_GetModuleHandleW     000000018001d040     kernel32:KERNEL32.dll
 0002:00000048       __imp_GetProcAddress       000000018001d048     kernel32:KERNEL32.dll
 0002:00000050       __imp_LoadLibraryExA       000000018001d050     kernel32:KERNEL32.dll
 0002:00000058       __imp_InitializeSListHead  000000018001d058     kernel32:KERNEL32.dll
 0002:00000060       __imp_QueryPerformanceCounter 000000018001d060     kernel32:KERNEL32.dll
 0002:00000068       __imp_GetCurrentProcessId  000000018001d068     kernel32:KERNEL32.dll
 0002:00000070       __imp_GetCurrentThreadId   000000018001d070     kernel32:KERNEL32.dll
 0002:00000078       __imp_GetSystemTimeAsFileTime 000000018001d078     kernel32:KERNEL32.dll
 0002:00000080       __imp_RtlCaptureContext    000000018001d080     kernel32:KERNEL32.dll
 0002:00000088       __imp_RtlLookupFunctionEntry 000000018001d088     kernel32:KERNEL32.dll
 0002:00000090       __imp_RtlVirtualUnwind     000000018001d090     kernel32:KERNEL32.dll
 0002:00000098       __imp_IsDebuggerPresent    000000018001d098     kernel32:KERNEL32.dll
 0002:000000a0       __imp_UnhandledExceptionFilter 000000018001d0a0     kernel32:KERNEL32.dll
 0002:000000a8       __imp_SetUnhandledExceptionFilter 000000018001d0a8     kernel32:KERNEL32.dll
 0002:000000b0       __imp_GetStartupInfoW      000000018001d0b0     kernel32:KERNEL32.dll
 0002:000000b8       __imp_IsProcessorFeaturePresent 000000018001d0b8     kernel32:KERNEL32.dll
 0002:000000c0       __imp_InterlockedPushEntrySList 000000018001d0c0     kernel32:KERNEL32.dll
 0002:000000c8       __imp_InterlockedFlushSList 000000018001d0c8     kernel32:KERNEL32.dll
 0002:000000d0       __imp_RtlUnwindEx          000000018001d0d0     kernel32:KERNEL32.dll
 0002:000000d8       __imp_SetLastError         000000018001d0d8     kernel32:KERNEL32.dll
 0002:000000e0       __imp_EnterCriticalSection 000000018001d0e0     kernel32:KERNEL32.dll
 0002:000000e8       __imp_LeaveCriticalSection 000000018001d0e8     kernel32:KERNEL32.dll
 0002:000000f0       __imp_DeleteCriticalSection 000000018001d0f0     kernel32:KERNEL32.dll
 0002:000000f8       __imp_InitializeCriticalSectionAndSpinCount 000000018001d0f8     kernel32:KERNEL32.dll
 0002:00000100       __imp_TlsAlloc             000000018001d100     kernel32:KERNEL32.dll
 0002:00000108       __imp_TlsGetValue          000000018001d108     kernel32:KERNEL32.dll
 0002:00000110       __imp_TlsSetValue          000000018001d110     kernel32:KERNEL32.dll
 0002:00000118       __imp_TlsFree              000000018001d118     kernel32:KERNEL32.dll
 0002:00000120       __imp_LoadLibraryExW       000000018001d120     kernel32:KERNEL32.dll
 0002:00000128       __imp_EncodePointer        000000018001d128     kernel32:KERNEL32.dll
 0002:00000130       __imp_RtlPcToFileHeader    000000018001d130     kernel32:KERNEL32.dll
 0002:00000138       __imp_GetCurrentProcess    000000018001d138     kernel32:KERNEL32.dll
 0002:00000140       __imp_ExitProcess          000000018001d140     kernel32:KERNEL32.dll
 0002:00000148       __imp_TerminateProcess     000000018001d148     kernel32:KERNEL32.dll
 0002:00000150       __imp_GetModuleHandleExW   000000018001d150     kernel32:KERNEL32.dll
 0002:00000158       __imp_GetModuleFileNameW   000000018001d158     kernel32:KERNEL32.dll
 0002:00000160       __imp_HeapFree             000000018001d160     kernel32:KERNEL32.dll
 0002:00000168       __imp_HeapAlloc            000000018001d168     kernel32:KERNEL32.dll
 0002:00000170       __imp_FindClose            000000018001d170     kernel32:KERNEL32.dll
 0002:00000178       __imp_FindFirstFileExW     000000018001d178     kernel32:KERNEL32.dll
 0002:00000180       __imp_FindNextFileW        000000018001d180     kernel32:KERNEL32.dll
 0002:00000188       __imp_IsValidCodePage      000000018001d188     kernel32:KERNEL32.dll
 0002:00000190       __imp_GetACP               000000018001d190     kernel32:KERNEL32.dll
 0002:00000198       __imp_GetOEMCP             000000018001d198     kernel32:KERNEL32.dll
 0002:000001a0       __imp_GetCPInfo            000000018001d1a0     kernel32:KERNEL32.dll
 0002:000001a8       __imp_GetCommandLineA      000000018001d1a8     kernel32:KERNEL32.dll
 0002:000001b0       __imp_GetCommandLineW      000000018001d1b0     kernel32:KERNEL32.dll
 0002:000001b8       __imp_MultiByteToWideChar  000000018001d1b8     kernel32:KERNEL32.dll
 0002:000001c0       __imp_WideCharToMultiByte  000000018001d1c0     kernel32:KERNEL32.dll
 0002:000001c8       __imp_GetEnvironmentStringsW 000000018001d1c8     kernel32:KERNEL32.dll
 0002:000001d0       __imp_FreeEnvironmentStringsW 000000018001d1d0     kernel32:KERNEL32.dll
 0002:000001d8       __imp_LCMapStringW         000000018001d1d8     kernel32:KERNEL32.dll
 0002:000001e0       __imp_GetProcessHeap       000000018001d1e0     kernel32:KERNEL32.dll
 0002:000001e8       __imp_GetStdHandle         000000018001d1e8     kernel32:KERNEL32.dll
 0002:000001f0       __imp_GetFileType          000000018001d1f0     kernel32:KERNEL32.dll
 0002:000001f8       __imp_GetStringTypeW       000000018001d1f8     kernel32:KERNEL32.dll
 0002:00000200       __imp_HeapSize             000000018001d200     kernel32:KERNEL32.dll
 0002:00000208       __imp_HeapReAlloc          000000018001d208     kernel32:KERNEL32.dll
 0002:00000210       __imp_SetStdHandle         000000018001d210     kernel32:KERNEL32.dll
 0002:00000218       __imp_FlushFileBuffers     000000018001d218     kernel32:KERNEL32.dll
 0002:00000220       __imp_WriteFile            000000018001d220     kernel32:KERNEL32.dll
 0002:00000228       __imp_GetConsoleCP         000000018001d228     kernel32:KERNEL32.dll
 0002:00000230       __imp_GetConsoleMode       000000018001d230     kernel32:KERNEL32.dll
 0002:00000238       __imp_SetFilePointerEx     000000018001d238     kernel32:KERNEL32.dll
 0002:00000240       __imp_CreateFileW          000000018001d240     kernel32:KERNEL32.dll
 0002:00000248       __imp_CloseHandle          000000018001d248     kernel32:KERNEL32.dll
 0002:00000250       \177KERNEL32_NULL_THUNK_DATA 000000018001d250     kernel32:KERNEL32.dll
 0002:00000258       __guard_check_icall_fptr   000000018001d258     LIBCMT:guard_support.obj
 0002:00000260       __guard_xfg_check_icall_fptr 000000018001d260     LIBCMT:guard_support.obj
 0002:00000268       __guard_dispatch_icall_fptr 000000018001d268     LIBCMT:guard_support.obj
 0002:00000270       __guard_xfg_dispatch_icall_fptr 000000018001d270     LIBCMT:guard_support.obj
 0002:00000278       __guard_xfg_table_dispatch_icall_fptr 000000018001d278     LIBCMT:guard_support.obj
 0002:00000280       __xc_a                     000000018001d280     LIBCMT:initializers.obj
 0002:000002b8       __xc_z                     000000018001d2b8     LIBCMT:initializers.obj
 0002:000002c0       __xi_a                     000000018001d2c0     LIBCMT:initializers.obj
 0002:000002c8       __acrt_multibyte_initializer 000000018001d2c8     libucrt:multibyte_initializer.obj
 0002:000002d0       __acrt_stdio_initializer   000000018001d2d0     libucrt:stdio_initializer.obj
 0002:000002d8       __acrt_tran_fma3_initializer 000000018001d2d8     libucrt:fma3_initializer.obj
 0002:000002e0       __xi_z                     000000018001d2e0     LIBCMT:initializers.obj
 0002:000002e8       __xp_a                     000000018001d2e8     LIBCMT:initializers.obj
 0002:000002f0       __acrt_locale_terminator   000000018001d2f0     libucrt:locale_initializer.obj
 0002:000002f8       __dcrt_console_output_terminator 000000018001d2f8     libucrt:console_output_initializer.obj
 0002:00000300       __acrt_stdio_terminator    000000018001d300     libucrt:stdio_initializer.obj
 0002:00000308       __xp_z                     000000018001d308     LIBCMT:initializers.obj
 0002:00000310       __xt_a                     000000018001d310     LIBCMT:initializers.obj
 0002:00000318       __xt_z                     000000018001d318     LIBCMT:initializers.obj
 0002:00000340       ??_7PxFoundation@physx@@6B@ 000000018001d340     Cooking.obj
 0002:000003b0       ??_C@_0EA@COEOFKIE@D?3?2Coding?2physx?2PhysX?2physx?2sou@ 000000018001d3b0     Cooking.obj
 0002:000003f0       ??_C@_0BM@OIFKLHDN@?$DMallocation?5names?5disabled?$DO@ 000000018001d3f0     Cooking.obj
 0002:00000410       ??_C@_0DJ@CCGDCLJG@D?3?2Coding?2physx?2PhysX?2physx?2inc@ 000000018001d410     Cooking.obj
 0002:00000450       __xmm@000000003a83126f3a83126f3a83126f 000000018001d450     Cooking.obj
 0002:00000460       __xmm@00000000ba83126fba83126fba83126f 000000018001d460     Cooking.obj
 0002:00000470       __xmm@3a83126f3a83126f3a83126f3a83126f 000000018001d470     Cooking.obj
 0002:00000480       __xmm@ba83126fba83126fba83126fba83126f 000000018001d480     Cooking.obj
 0002:00000490       __xmm@cdcdcdcdcdcdcdcdcdcdcdcdcdcdcdcd 000000018001d490     Cooking.obj
 0002:000004a0       ??_C@_0BA@EGLNOO@PhysXFoundation@ 000000018001d4a0     WindowsCookingDelayLoadHook.obj
 0002:000004b0       ??_C@_0M@ILKNCJKN@PhysXCommon@ 000000018001d4b0     WindowsCookingDelayLoadHook.obj
 0002:000004c0       __sz_PhysXCommon_64_dll    000000018001d4c0     PhysXCommon_64:PhysXCommon_64.dll
 0002:000004e0       __sz_PhysXFoundation_64_dll 000000018001d4e0     PhysXFoundation_64:PhysXFoundation_64.dll
 0002:000004f8       ??_C@_1BK@DBDEIDLH@?$AAK?$AAE?$AAR?$AAN?$AAE?$AAL?$AA3?$AA2?$AA?4?$AAD?$AAL?$AAL@ 000000018001d4f8     Delayimp:delayhlp.obj
 0002:00000518       ??_C@_0BI@OMNLIJDB@AcquireSRWLockExclusive@ 000000018001d518     Delayimp:delayhlp.obj
 0002:00000530       ??_C@_0BI@HMIEPCNJ@ReleaseSRWLockExclusive@ 000000018001d530     Delayimp:delayhlp.obj
 0002:00000548       __pfnDliFailureHook2       000000018001d548     Delayimp:delayhk1.obj
 0002:00000558       ??_7type_info@@6B@         000000018001d558     LIBCMT:std_type_info_static.obj
 0002:00000560       _pDefaultRawDllMain        000000018001d560     LIBCMT:dll_dllmain.obj
 0002:00000560       _pRawDllMain               000000018001d560     LIBCMT:dll_dllmain.obj
 0002:00000570       _load_config_used          000000018001d570     LIBCMT:loadcfg.obj
 0002:000006b0       __xmm@ffffffffffffffffffffffffffffffff 000000018001d6b0     LIBCMT:utility.obj
 0002:000006c0       _pDestructExceptionObject  000000018001d6c0     libvcruntime:ehhelpers.obj
 0002:00000dd0       ??_C@_08EHJDFFNH@__based?$CI@ 000000018001ddd0     libvcruntime:undname.obj
 0002:00000de0       ??_C@_07KOLFKCDI@__cdecl@  000000018001dde0     libvcruntime:undname.obj
 0002:00000de8       ??_C@_08GHMPAG@__pascal@   000000018001dde8     libvcruntime:undname.obj
 0002:00000df8       ??_C@_09IFJBGAPI@__stdcall@ 000000018001ddf8     libvcruntime:undname.obj
 0002:00000e08       ??_C@_0L@NPHFGOKO@__thiscall@ 000000018001de08     libvcruntime:undname.obj
 0002:00000e18       ??_C@_0L@JMKHOMEK@__fastcall@ 000000018001de18     libvcruntime:undname.obj
 0002:00000e28       ??_C@_0N@BCKKPABJ@__vectorcall@ 000000018001de28     libvcruntime:undname.obj
 0002:00000e38       ??_C@_09HIJEGCPM@__clrcall@ 000000018001de38     libvcruntime:undname.obj
 0002:00000e44       ??_C@_06GHPCKEAG@__eabi@   000000018001de44     libvcruntime:undname.obj
[...]
 0002:0000a3d4       $unwind$__acrt_get_sigabrt_handler 00000001800273d4     libucrt:signal.obj
 0002:0000a3dc       $unwind$raise              00000001800273dc     libucrt:signal.obj
 0002:0000a418       $unwind$??$?RV<lambda_450d765d439847d4c735a33c368b5fc0>@@AEAV<lambda_44731a7d0e6d81c3e6aa82d741081786>@@V<lambda_601a2a7da3b7a96e9554ac7215c4b07c>@@@?$__crt_seh_guarded_call@P6AXH@Z@@QEAAP6AXH@Z$$QEAV<lambda_450d765d439847d4c735a33c368b5fc0>@@AEAV<lambda_44731a7d0e6d81c3e6aa82d741081786>@@$$QEAV<lambda_601a2a7da3b7a96e9554ac7215c4b07c>@@@Z 0000000180027418     libucrt:signal.obj
 0002:0000a43c       $unwind$?common_flush_all@@YAH_N@Z 000000018002743c     libucrt:fflush.obj
 0002:0000a444       $unwind$??$?RV<lambda_842d9ff0dc9ef11c61343bbaebe7f885>@@AEAV<lambda_c5860995281e5c4ce005b3de8f5874ee>@@V<lambda_d90129c13df834fdcbf8d2b88dafcf2d>@@@?$__crt_seh_guarded_call@X@@QEAAX$$QEAV<lambda_842d9ff0dc9ef11c61343bbaebe7f885>@@AEAV<lambda_c5860995281e5c4ce005b3de8f5874ee>@@$$QEAV<lambda_d90129c13df834fdcbf8d2b88dafcf2d>@@@Z 0000000180027444     libucrt:fflush.obj
 0002:0000a468       $unwind$??$?RV<lambda_886d6c58226a84441f68b9f2b8217b83>@@AEAV<lambda_ab61a845afdef5b7c387490eaf3616ee>@@V<lambda_f7f22ab5edc0698d5f6905b0d3f44752>@@@?$__crt_seh_guarded_call@X@@QEAAX$$QEAV<lambda_886d6c58226a84441f68b9f2b8217b83>@@AEAV<lambda_ab61a845afdef5b7c387490eaf3616ee>@@$$QEAV<lambda_f7f22ab5edc0698d5f6905b0d3f44752>@@@Z 0000000180027468     libucrt:fflush.obj
 0002:0000a490       $unwind$_wctomb_s_l        0000000180027490     libucrt:wctomb.obj
 0002:0000a4a0       $unwind$__acrt_fp_format   00000001800274a0     libucrt:cvt.obj
 0002:0000a4b4       $unwind$?fp_format_e_internal@@YAHQEAD_KH_NIQEAU_strflt@@2QEAU__crt_locale_pointers@@@Z 00000001800274b4     libucrt:cvt.obj
 0002:0000a4cc       $unwind$?fp_format_a@@YAHQEBNPEAD_KQEAD2H_NIQEAU__crt_locale_pointers@@@Z 00000001800274cc     libucrt:cvt.obj
 0002:0000a4e8       $unwind$?fp_format_g@@YAHQEBNQEAD_K12H_NIQEAU__crt_locale_pointers@@@Z 00000001800274e8     libucrt:cvt.obj
 0002:0000a4fc       $unwind$??$?RV<lambda_410d79af7f07d98d83a3f525b3859a53>@@AEAV<lambda_3e16ef9562a7dcce91392c22ab16ea36>@@V<lambda_38119f0e861e05405d8a144b9b982f0a>@@@?$__crt_seh_guarded_call@X@@QEAAX$$QEAV<lambda_410d79af7f07d98d83a3f525b3859a53>@@AEAV<lambda_3e16ef9562a7dcce91392c22ab16ea36>@@$$QEAV<lambda_38119f0e861e05405d8a144b9b982f0a>@@@Z 00000001800274fc     libucrt:wsetlocale.obj
 0002:0000a524       $unwind$_isctype_l         0000000180027524     libucrt:isctype.obj
 0002:0000a540       $unwind$__acrt_update_thread_locale_data 0000000180027540     libucrt:locale_refcounting.obj
 0002:0000a564       $unwind$qsort              0000000180027564     libucrt:qsort.obj
 0002:0000a57c       $chain$4$qsort             000000018002757c     libucrt:qsort.obj
 0002:0000a5a0       $chain$5$qsort             00000001800275a0     libucrt:qsort.obj
 0002:0000a5b0       $unwind$fallbackMethod     00000001800275b0     libucrt:strpbrk.obj
 0002:0000a5c0       $unwind$__acrt_GetStringTypeA 00000001800275c0     libucrt:getstringtypea.obj
 0002:0000a5e8       $unwind$__acrt_LCMapStringA 00000001800275e8     libucrt:lcmapstringa.obj
 0002:0000a5f8       $unwind$?__acrt_LCMapStringA_stat@@YAHPEAU__crt_locale_pointers@@PEB_WKPEBDHPEADHHH@Z 00000001800275f8     libucrt:lcmapstringa.obj
 0002:0000a620       $unwind$__acrt_lowio_destroy_handle_array 0000000180027620     libucrt:osfinfo.obj
 0002:0000a630       $unwind$__acrt_lowio_ensure_fh_exists 0000000180027630     libucrt:osfinfo.obj
 0002:0000a65c       $unwind$_close             000000018002765c     libucrt:close.obj
 0002:0000a65c       $unwind$_commit            000000018002765c     libucrt:commit.obj
 0002:0000a664       $unwind$??$?RV<lambda_a37b2b86f63e897a80ea819b0eb08c01>@@AEAV<lambda_38ce7e780aa69e748d6df282ebc68efe>@@V<lambda_99fb1378e971ab6e7edea83e3a7a83a2>@@@?$__crt_seh_guarded_call@H@@QEAAH$$QEAV<lambda_a37b2b86f63e897a80ea819b0eb08c01>@@AEAV<lambda_38ce7e780aa69e748d6df282ebc68efe>@@$$QEAV<lambda_99fb1378e971ab6e7edea83e3a7a83a2>@@@Z 0000000180027664     libucrt:commit.obj
 0002:0000a688       $unwind$_write             0000000180027688     libucrt:write.obj
 0002:0000a6b8       $unwind$_write_nolock      00000001800276b8     libucrt:write.obj
 0002:0000a6d0       $unwind$?write_double_translated_ansi_nolock@@YA?AUwrite_result@?A0x17268360@@HQEBDI@Z 00000001800276d0     libucrt:write.obj
 0002:0000a6f4       $unwind$?write_text_ansi_nolock@@YA?AUwrite_result@?A0x17268360@@HQEBDI@Z 00000001800276f4     libucrt:write.obj
 0002:0000a6f4       $unwind$?write_text_utf16le_nolock@@YA?AUwrite_result@?A0x17268360@@HQEBDI@Z 00000001800276f4     libucrt:write.obj
 0002:0000a714       $unwind$?write_text_utf8_nolock@@YA?AUwrite_result@?A0x17268360@@HQEBDI@Z 0000000180027714     libucrt:write.obj
 0002:0000a738       $unwind$_fcloseall         0000000180027738     libucrt:closeall.obj
 0002:0000a75c       $unwind$?__mbsrtowcs_utf8@__crt_mbstring@@YA_KPEA_WPEAPEBD_KPEAU_Mbstatet@@@Z 000000018002775c     libucrt:mbrtowc.obj
 0002:0000a774       $unwind$__acrt_fltout      0000000180027774     libucrt:cfout.obj
 0002:0000a794       $unwind$?divide@__crt_strtox@@YA_KAEAUbig_integer@1@AEBU21@@Z 0000000180027794     libucrt:cfout.obj
 0002:0000a7ac       $chain$0$?divide@__crt_strtox@@YA_KAEAUbig_integer@1@AEBU21@@Z 00000001800277ac     libucrt:cfout.obj
 0002:0000a7c0       $chain$1$?divide@__crt_strtox@@YA_KAEAUbig_integer@1@AEBU21@@Z 00000001800277c0     libucrt:cfout.obj
 0002:0000a7d0       $unwind$__acrt_locale_free_monetary 00000001800277d0     libucrt:initmon.obj
 0002:0000a7d8       $unwind$__acrt_locale_free_time 00000001800277d8     libucrt:inittime.obj
 0002:0000a7e8       $unwind$_putwch_nolock     00000001800277e8     libucrt:putwch.obj
 0002:0000a7f0       $unwind$fclose             00000001800277f0     libucrt:fclose.obj
 0002:0000a814       $unwind$?__mbrtoc32_utf8@__crt_mbstring@@YA_KPEA_UPEBD_KPEAU_Mbstatet@@@Z 0000000180027814     libucrt:mbrtoc32.obj
 0002:0000a830       $xdatasym                  0000000180027830     libucrt:log10.obj
 0002:0000a83c       $unwind$??$?RV<lambda_751a882b2c74d4b022dec766aa51a29a>@@AEAV<lambda_628dfdc04ba53c8bfc02c9951375f3f5>@@V<lambda_f6c7be5f7998530c34de24c7437d6b54>@@@?$__crt_seh_guarded_call@H@@QEAAH$$QEAV<lambda_751a882b2c74d4b022dec766aa51a29a>@@AEAV<lambda_628dfdc04ba53c8bfc02c9951375f3f5>@@$$QEAV<lambda_f6c7be5f7998530c34de24c7437d6b54>@@@Z 000000018002783c     libucrt:close.obj
 0002:0000a860       $unwind$__acrt_fenv_set_control 0000000180027860     libucrt:_fenvutils.obj
 0002:0000a870       $unwind$_call_matherr      0000000180027870     libucrt:libm_error.obj
 0002:0000a878       $unwind$_handle_error      0000000180027878     libucrt:libm_error.obj
 0002:0000a898       $unwind$__acrt_initialize_fma3 0000000180027898     libucrt:fma3_available.obj
 0002:0000a8a0       $unwind$_log_special_common 00000001800278a0     libucrt:log_special.obj
 0002:0000a8b0       $xdatasym                  00000001800278b0     libucrt:fpsr.obj
 0002:0000a8b8       $unwind$_raise_exc_ex      00000001800278b8     libucrt:fpexcept.obj
 0002:0000a8cc       $unwind$_ctrlfp            00000001800278cc     libucrt:fpctrl.obj
 0002:0000a8f4       $unwind$_IsNonwritableInCurrentImage 00000001800278f4     LIBCMT:pesect.obj
 0002:0000a918       $xdatasym                  0000000180027918     LIBCMT:amdsecgs.obj
 0002:0000a91c       $unwind$__report_securityfailure 000000018002791c     LIBCMT:gs_report.obj
 0002:0000a924       $unwind$__report_gsfailure 0000000180027924     LIBCMT:gs_report.obj
 0002:0000a92c       $unwind$capture_current_context 000000018002792c     LIBCMT:gs_report.obj
 0002:0000a938       $unwind$capture_previous_context 0000000180027938     LIBCMT:gs_report.obj
 0002:0000a948       $xdatasym                  0000000180027948     LIBCMT:chkstk.obj
 0002:0000a950       $xdatasym                  0000000180027950     libvcruntime:memcmp.obj
 0002:0000ae60       .edata                     0000000180027e60     PhysXCooking_64.exp
 0002:0000ae88       rgpv                       0000000180027e88     PhysXCooking_64.exp
 0002:0000af6c       rgszName                   0000000180027f6c     PhysXCooking_64.exp
 0002:0000b050       rgwOrd                     0000000180028050     PhysXCooking_64.exp
 0002:0000b0c2       szName                     00000001800280c2     PhysXCooking_64.exp
 0002:0000b0d6       $N00001                    00000001800280d6     PhysXCooking_64.exp
 0002:0000b0fa       $N00002                    00000001800280fa     PhysXCooking_64.exp
 0002:0000b129       $N00003                    0000000180028129     PhysXCooking_64.exp
 0002:0000b150       $N00004                    0000000180028150     PhysXCooking_64.exp
 0002:0000b1a7       $N00005                    00000001800281a7     PhysXCooking_64.exp
 0002:0000b1d2       $N00006                    00000001800281d2     PhysXCooking_64.exp
 0002:0000b1f8       $N00007                    00000001800281f8     PhysXCooking_64.exp
 0002:0000b217       $N00008                    0000000180028217     PhysXCooking_64.exp
 0002:0000b23b       $N00009                    000000018002823b     PhysXCooking_64.exp
 0002:0000b262       $N00010                    0000000180028262     PhysXCooking_64.exp
 0002:0000b28b       $N00011                    000000018002828b     PhysXCooking_64.exp
 0002:0000b2aa       $N00012                    00000001800282aa     PhysXCooking_64.exp
 0002:0000b2dd       $N00013                    00000001800282dd     PhysXCooking_64.exp
 0002:0000b313       $N00014                    0000000180028313     PhysXCooking_64.exp
 0002:0000b34b       $N00015                    000000018002834b     PhysXCooking_64.exp
 0002:0000b37d       $N00016                    000000018002837d     PhysXCooking_64.exp
 0002:0000b3a9       $N00017                    00000001800283a9     PhysXCooking_64.exp
 0002:0000b3c5       $N00018                    00000001800283c5     PhysXCooking_64.exp
 0002:0000b3ef       $N00019                    00000001800283ef     PhysXCooking_64.exp
 0002:0000b42b       $N00020                    000000018002842b     PhysXCooking_64.exp
 0002:0000b466       $N00021                    0000000180028466     PhysXCooking_64.exp
 0002:0000b4a1       $N00022                    00000001800284a1     PhysXCooking_64.exp
 0002:0000b4d6       $N00023                    00000001800284d6     PhysXCooking_64.exp
 0002:0000b512       $N00024                    0000000180028512     PhysXCooking_64.exp
 0002:0000b545       $N00025                    0000000180028545     PhysXCooking_64.exp
 0002:0000b578       $N00026                    0000000180028578     PhysXCooking_64.exp
 0002:0000b5b2       $N00027                    00000001800285b2     PhysXCooking_64.exp
 0002:0000b5ec       $N00028                    00000001800285ec     PhysXCooking_64.exp
 0002:0000b619       $N00029                    0000000180028619     PhysXCooking_64.exp
 0002:0000b64c       $N00030                    000000018002864c     PhysXCooking_64.exp
 0002:0000b67a       $N00031                    000000018002867a     PhysXCooking_64.exp
 0002:0000b6a7       $N00032                    00000001800286a7     PhysXCooking_64.exp
 0002:0000b6e3       $N00033                    00000001800286e3     PhysXCooking_64.exp
 0002:0000b720       $N00034                    0000000180028720     PhysXCooking_64.exp
 0002:0000b750       $N00035                    0000000180028750     PhysXCooking_64.exp
 0002:0000b76f       $N00036                    000000018002876f     PhysXCooking_64.exp
 0002:0000b786       $N00037                    0000000180028786     PhysXCooking_64.exp
 0002:0000b79c       $N00038                    000000018002879c     PhysXCooking_64.exp
 0002:0000b7b3       $N00039                    00000001800287b3     PhysXCooking_64.exp
 0002:0000b7cb       $N00040                    00000001800287cb     PhysXCooking_64.exp
 0002:0000b7d5       $N00041                    00000001800287d5     PhysXCooking_64.exp
 0002:0000b7e6       $N00042                    00000001800287e6     PhysXCooking_64.exp
 0002:0000b801       $N00043                    0000000180028801     PhysXCooking_64.exp
 0002:0000b813       $N00044                    0000000180028813     PhysXCooking_64.exp
 0002:0000b829       $N00045                    0000000180028829     PhysXCooking_64.exp
 0002:0000b83c       $N00046                    000000018002883c     PhysXCooking_64.exp
 0002:0000b848       $N00047                    0000000180028848     PhysXCooking_64.exp
 0002:0000b85c       $N00048                    000000018002885c     PhysXCooking_64.exp
 0002:0000b86f       $N00049                    000000018002886f     PhysXCooking_64.exp
 0002:0000b88c       $N00050                    000000018002888c     PhysXCooking_64.exp
 0002:0000b8a0       $N00051                    00000001800288a0     PhysXCooking_64.exp
 0002:0000b8b8       $N00052                    00000001800288b8     PhysXCooking_64.exp
 0002:0000b8cd       $N00053                    00000001800288cd     PhysXCooking_64.exp
 0002:0000b8ea       $N00054                    00000001800288ea     PhysXCooking_64.exp
 0002:0000b90b       $N00055                    000000018002890b     PhysXCooking_64.exp
 0002:0000b92a       $N00056                    000000018002892a     PhysXCooking_64.exp
 0002:0000b93f       $N00057                    000000018002893f     PhysXCooking_64.exp
 0002:0000bbe8       .idata$6                   0000000180028be8     kernel32:KERNEL32.dll
 0003:00000040       ?prefix@?1??getDimension@UnDecorator@@CA?AVDName@@_N@Z@4UStringLiteral@@A 000000018002a040     libvcruntime:undname.obj
 0003:00000050       ?__vcrt_flsindex@@3KA      000000018002a050     libvcruntime:per_thread_data.obj
 0003:00000070       ?__acrt_flsindex@@3KA      000000018002a070     libucrt:per_thread_data.obj
 0003:00000074       ?errno_no_memory@@3HA      000000018002a074     libucrt:errno.obj
 0003:00000078       ?doserrno_no_memory@@3KA   000000018002a078     libucrt:errno.obj
 0003:000002b0       _mbctypes                  000000018002a2b0     libucrt:mbctype.obj
 0003:000003c0       _mbcasemaps                000000018002a3c0     libucrt:mbctype.obj
 0003:000004c0       ?__rgctypeflag@@3PADA      000000018002a4c0     libucrt:mbctype.obj
 0003:000004d0       ?__rgcode_page_info@@3PAUcode_page_info@@A 000000018002a4d0     libucrt:mbctype.obj
 0003:000009e0       ?__dcrt_lowio_console_output_handle@@3PEAXEA 000000018002a9e0     libucrt:initcon.obj
 0003:000009f0       ?dazSupported@?1??_ctrlfp@@9@9 000000018002a9f0     libucrt:fpctrl.obj
 0003:00000ca0       ?maxV3Error@vecMathTests@aos@physx@@3T__m128@@B 000000018002aca0     Cooking.obj
 0003:00000cb0       ?minFError@vecMathTests@aos@physx@@3T__m128@@B 000000018002acb0     Cooking.obj
 0003:00000cc0       ?maxV4Error@vecMathTests@aos@physx@@3T__m128@@B 000000018002acc0     Cooking.obj
 0003:00000cd0       ?minV4Error@vecMathTests@aos@physx@@3T__m128@@B 000000018002acd0     Cooking.obj
 0003:00000ce0       ?minV3Error@vecMathTests@aos@physx@@3T__m128@@B 000000018002ace0     Cooking.obj
 0003:00000cf0       ?maxFError@vecMathTests@aos@physx@@3T__m128@@B 000000018002acf0     Cooking.obj
 0003:00000d00       ?gCookingDelayLoadHook@@3PEBVPxDelayLoadHook@physx@@EB 000000018002ad00     WindowsCookingDelayLoadHook.obj
 0003:00000d60       ?__proc_attached@@3HA      000000018002ad60     LIBCMT:dll_dllmain.obj
 0003:00000d90       ?is_initialized_as_dll@@3_NA 000000018002ad90     LIBCMT:utility.obj
 0003:00000d91       ?module_local_atexit_table_initialized@@3_NA 000000018002ad91     LIBCMT:utility.obj
 0003:00000d98       ?module_local_atexit_table@@3U_onexit_table_t@@A 000000018002ad98     LIBCMT:utility.obj
 0003:00000db0       ?module_local_at_quick_exit_table@@3U_onexit_table_t@@A 000000018002adb0     LIBCMT:utility.obj
 0003:00000e20       ?heap@@3V_HeapManager@@A   000000018002ae20     libvcruntime:undname.obj
 0003:00000e50       ?__vcrt_startup_thread_ptd@@3U__vcrt_ptd@@A 000000018002ae50     libvcruntime:per_thread_data.obj
 0003:00000ed0       __vcrt_lock_table          000000018002aed0     libvcruntime:locks.obj
 0003:00000ef8       __vcrt_locks_initialized   000000018002aef8     libvcruntime:locks.obj
 0003:00000f00       ?module_handles@@3PAPEAUHINSTANCE__@@A 000000018002af00     libvcruntime:winapi_downlevel.obj
 0003:00000f18       ?function_pointers@@3PAPEAXA 000000018002af18     libvcruntime:winapi_downlevel.obj
 0003:00000f40       ?c_termination_complete@@3JA 000000018002af40     libucrt:exit.obj
 0003:00000f48       ?thread_local_exit_callback_func@@3P6AXPEAXK0@ZEA 000000018002af48     libucrt:exit.obj
 0003:00000f60       ?program_name@?1???$common_configure_argv@D@@YAHW4_crt_argv_mode@@@Z@4PADA 000000018002af60     libucrt:argv_parsing.obj
 0003:000010c0       ?__acrt_lock_table@@3PAU_RTL_CRITICAL_SECTION@@A 000000018002b0c0     libucrt:locks.obj
 0003:000012f0       ?__acrt_locks_initialized@@3IA 000000018002b2f0     libucrt:locks.obj
 0003:000012f8       ?__acrt_invalid_parameter_handler@@3V?$dual_state_global@P6AXPEB_W00I_K@Z@__crt_state_management@@A 000000018002b2f8     libucrt:invalid_parameter.obj
 0003:00001318       ?fSystemSet@@3HA           000000018002b318     libucrt:mbctype.obj
 0003:0000131c       ?initialized@?1??__acrt_initialize_multibyte@@9@4_NA 000000018002b31c     libucrt:mbctype.obj
 0003:00001350       ?module_handles@@3PAPEAUHINSTANCE__@@A 000000018002b350     libucrt:winapi_thunks.obj
 0003:000013f0       ?encoded_function_pointers@@3PAPEAXA 000000018002b3f0     libucrt:winapi_thunks.obj
 0003:00001918       ?__acrt_new_handler@@3V?$dual_state_global@P6AH_K@Z@__crt_state_management@@A 000000018002b918     libucrt:new_handler.obj
 0003:00001920       ?ctrlc_action@@3V?$dual_state_global@P6AXH@Z@__crt_state_management@@A 000000018002b920     libucrt:signal.obj
 0003:00001928       ?ctrlbreak_action@@3V?$dual_state_global@P6AXH@Z@__crt_state_management@@A 000000018002b928     libucrt:signal.obj
 0003:00001930       ?abort_action@@3V?$dual_state_global@P6AXH@Z@__crt_state_management@@A 000000018002b930     libucrt:signal.obj
 0003:00001938       ?term_action@@3V?$dual_state_global@P6AXH@Z@__crt_state_management@@A 000000018002b938     libucrt:signal.obj
 0003:00001940       ?user_matherr@@3V?$dual_state_global@P6AHPEAU_exception@@@Z@__crt_state_management@@A 000000018002b940     libucrt:matherr.obj
 0003:00001970       ?internal_state@?1??_mbtowc_l@@9@4U_Mbstatet@@A 000000018002b970     libucrt:mbtowc.obj
 0003:00001978       ?enable_percent_n@@3_KA    000000018002b978     libucrt:printf_count_output.obj
 0003:00001984       ?__acrt_global_new_mode@@3V?$dual_state_global@J@__crt_state_management@@A 000000018002b984     libucrt:new_mode.obj
 0003:00001990       ?__acrt_app_type@@3W4_crt_app_type@@A 000000018002b990     libucrt:report_runtime_error.obj
 0003:00001998       ?internal_pst@?1??__mbrtoc32_utf8@__crt_mbstring@@YA_KPEA_UPEBD_KPEAU_Mbstatet@@@Z@4U3@A 000000018002b998     libucrt:mbrtoc32.obj
 0003:000019b0       GS_ExceptionRecord         000000018002b9b0     LIBCMT:gs_report.obj
 0003:00001a50       GS_ContextRecord           000000018002ba50     LIBCMT:gs_report.obj
 0005:00000000       MsetTab                    000000018002e000     libvcruntime:memset.obj
 0005:00000050       MoveSmall                  000000018002e050     libvcruntime:memcpy.obj
 0005:00000090       MoveSmallYmm               000000018002e090     libvcruntime:memcpy.obj
 0005:000000b4       MoveSmallYmmNT             000000018002e0b4     libvcruntime:memcpy.obj
 0005:000000d8       MoveSmallXmm               000000018002e0d8     libvcruntime:memcpy.obj
 0006:000000a0       $R000000                   000000018002f0a0     PhysXCooking.res
 0006:000003d0       $R000330                   000000018002f3d0     PhysXCooking.res
