 PhysXCooking_64

 Timestamp is 6999f2e9 (Sat Feb 21 19:01:13 2026)

 Preferred load address is 0000000180000000

 Start         Length     Name                   Class
 0001:00000000 00000060H .text$di                CODE
 0001:00000060 0001b1d0H .text$mn                CODE
 0001:0001b230 00000040H .text$mn$00             CODE
 0001:0001b270 00000490H .text$x                 CODE
 0002:00000000 00000258H .idata$5                DATA
 0002:00000258 00000028H .00cfg                  DATA
 0002:00000280 00000008H .CRT$XCA                DATA
 0002:00000288 00000030H .CRT$XCU                DATA
 0002:000002b8 00000008H .CRT$XCZ                DATA
 0002:000002c0 00000008H .CRT$XIA                DATA
 0002:000002c8 00000018H .CRT$XIC                DATA
 0002:000002e0 00000008H .CRT$XIZ                DATA
 0002:000002e8 00000008H .CRT$XPA                DATA
 0002:000002f0 00000010H .CRT$XPX                DATA
 0002:00000300 00000008H .CRT$XPXA               DATA
 0002:00000308 00000008H .CRT$XPZ                DATA
 0002:00000310 00000008H .CRT$XTA                DATA
 0002:00000318 00000008H .CRT$XTZ                DATA
 0002:00000320 00000000H .gehcont$y              DATA
 0002:00000320 00000000H .gfids$y                DATA
 0002:00000320 000089e0H .rdata                  DATA
 0002:00008d00 00000000H .rdata$CastGuardVftablesA DATA
 0002:00008d00 00000000H .rdata$CastGuardVftablesC DATA
 0002:00008d00 0000043cH .rdata$r                DATA
 0002:0000913c 00000020H .rdata$voltmd           DATA
 0002:0000915c 0000040cH .rdata$zzzdbg           DATA
 0002:00009568 00000008H .rtc$IAA                DATA
 0002:00009570 00000008H .rtc$IZZ                DATA
 0002:00009578 00000008H .rtc$TAA                DATA
 0002:00009580 00000008H .rtc$TZZ                DATA
 0002:00009588 00001328H .xdata                  DATA
 0002:0000a8b0 00000084H .xdata$x                DATA
 0002:0000a934 00000040H .didat$2                DATA
 0002:0000a974 00000024H .didat$3                DATA
 0002:0000a998 000000d0H .didat$4                DATA
 0002:0000aa68 00000280H .didat$6                DATA
 0002:0000ace8 000000d8H .didat$7                DATA
 0002:0000adc0 00000af8H .edata                  DATA
 0002:0000b8b8 00000014H .idata$2                DATA
 0002:0000b8cc 00000014H .idata$3                DATA
 0002:0000b8e0 00000258H .idata$4                DATA
 0002:0000bb38 00000576H .idata$6                DATA
 0003:00000000 00000a00H .data                   DATA
 0003:00000a00 000000e0H .data$r                 DATA
 0003:00000ae0 000000f0H .data$rs                DATA
 0003:00000bd0 000000d0H .didat$5                DATA
 0003:00000ca0 00001290H .bss                    DATA
 0004:00000000 000016bcH .pdata                  DATA
 0005:00000000 000000fcH _RDATA                  DATA
 0006:00000000 000000a0H .rsrc$01                DATA
 0006:000000a0 000004b0H .rsrc$02                DATA

  Address         Publics by Value              Rva+Base               Lib:Object

 0000:00000000       ___safe_se_handler_table   0000000000000000     <absolute>
 0000:00000000       __guard_longjmp_table      0000000000000000     <absolute>
 0000:00000000       __x64_code_ranges_to_entry_points 0000000000000000     <absolute>
 0000:00000000       __arm64x_redirection_metadata 0000000000000000     <absolute>
 0000:00000000       __guard_iat_table          0000000000000000     <absolute>
 0000:00000000       __guard_fids_count         0000000000000000     <absolute>
 0000:00000000       __arm64x_extra_rfe_table   0000000000000000     <absolute>
 0000:00000000       __guard_iat_count          0000000000000000     <absolute>
 0000:00000000       __guard_longjmp_count      0000000000000000     <absolute>
 0000:00000000       __dynamic_value_reloc_table 0000000000000000     <absolute>
 0000:00000000       __hybrid_code_map          0000000000000000     <absolute>
 0000:00000000       __x64_code_ranges_to_entry_points_count 0000000000000000     <absolute>
 0000:00000000       __hybrid_auxiliary_iat     0000000000000000     <absolute>
 0000:00000000       __arm64x_extra_rfe_table_size 0000000000000000     <absolute>
 0000:00000000       __hybrid_auxiliary_iat_copy 0000000000000000     <absolute>
 0000:00000000       ___safe_se_handler_count   0000000000000000     <absolute>
 0000:00000000       __AbsoluteZero             0000000000000000     <absolute>
 0000:00000000       __guard_check_icall_a64n_fptr 0000000000000000     <absolute>
 0000:00000000       __guard_eh_cont_count      0000000000000000     <absolute>
 0000:00000000       __guard_fids_table         0000000000000000     <absolute>
 0000:00000000       __arm64x_redirection_metadata_count 0000000000000000     <absolute>
 0000:00000000       __enclave_config           0000000000000000     <absolute>
 0000:00000000       __guard_eh_cont_table      0000000000000000     <absolute>
 0000:00000000       __arm64x_native_entrypoint 0000000000000000     <absolute>
 0000:00000000       __hybrid_code_map_count    0000000000000000     <absolute>
 0000:00000100       __guard_flags              0000000000000100     <absolute>
 0000:00000000       __ImageBase                0000000180000000     <linker-defined>
 0001:00000060       ??$copy@V?$PxReflectionAllocator@USlab@NodeAllocator@Gu@physx@@@physx@@@?$PxArray@USlab@NodeAllocator@Gu@physx@@V?$PxReflectionAllocator@USlab@NodeAllocator@Gu@physx@@@4@@physx@@IEAAXAEBV01@@Z 0000000180001060 f i Cooking.obj
 0001:000000e0       ??0AABBTreeBounds@Gu@physx@@QEAA@XZ 00000001800010e0 f i Cooking.obj
 0001:000000f0       ??0AABBTreeBuildNode@Gu@physx@@QEAA@AEBV012@@Z 00000001800010f0 f i Cooking.obj
 0001:000000f0       ??4AABBTreeBuildNode@Gu@physx@@QEAAAEAV012@AEBV012@@Z 00000001800010f0 f i Cooking.obj
 0001:00000130       ??0AABBTreeBuildNode@Gu@physx@@QEAA@XZ 0000000180001130 f i Cooking.obj
 0001:00000130       ?getAABB@AABBTreeBuildNode@Gu@physx@@QEBAAEBVPxBounds3@3@XZ 0000000180001130 f i Cooking.obj
 0001:00000130       ??4PxFoundation@physx@@QEAAAEAV01@AEBV01@@Z 0000000180001130 f i Cooking.obj
 0001:00000130       ??$forward@_K@std@@YA$$QEA_KAEA_K@Z 0000000180001130 f i libvcruntime:undname.obj
 0001:00000140       ??0AABBTreeBuildParams@Gu@physx@@QEAA@IIPEBVAABBTreeBounds@12@W4BVHBuildStrategy@12@@Z 0000000180001140 f i Cooking.obj
 0001:00000160       ??0NodeAllocator@Gu@physx@@QEAA@AEBV012@@Z 0000000180001160 f i Cooking.obj
 0001:000001a0       ??0PxFoundation@physx@@QEAA@AEBV01@@Z 00000001800011a0 f i Cooking.obj
 0001:000001a0       ??0PxFoundation@physx@@QEAA@XZ 00000001800011a0 f i Cooking.obj
 0001:000001b0       ??1AABBTreeBounds@Gu@physx@@QEAA@XZ 00000001800011b0 f i Cooking.obj
 0001:000001c0       ??1AABBTreeBuildNode@Gu@physx@@QEAA@XZ 00000001800011c0 f i Cooking.obj
 0001:000001c0       _guard_check_icall_nop     00000001800011c0 f i LIBCMT:guard_support.obj
 0001:000001d0       ??1AABBTreeBuildParams@Gu@physx@@QEAA@XZ 00000001800011d0 f i Cooking.obj
 0001:000001d0       ?reset@AABBTreeBuildParams@Gu@physx@@QEAAXXZ 00000001800011d0 f i Cooking.obj
 0001:00000220       ??1PxFoundation@physx@@MEAA@XZ 0000000180001220 f i Cooking.obj
 0001:00000230       ??4AABBTreeBounds@Gu@physx@@QEAAAEAV012@AEBV012@@Z 0000000180001230 f i Cooking.obj
 0001:00000240       ??4AABBTreeBuildParams@Gu@physx@@QEAAAEAV012@AEBV012@@Z 0000000180001240 f i Cooking.obj
 0001:00000260       ??4NodeAllocator@Gu@physx@@QEAAAEAV012@AEBV012@@Z 0000000180001260 f i Cooking.obj
 0001:00000310       ??_EPxFoundation@physx@@MEAAPEAXI@Z 0000000180001310 f i Cooking.obj
 0001:000003a0       ??_FAABBTreeBuildParams@Gu@physx@@QEAAXXZ 00000001800013a0 f i Cooking.obj
 0001:000003c0       ?allocate@?$PxArray@USlab@NodeAllocator@Gu@physx@@V?$PxReflectionAllocator@USlab@NodeAllocator@Gu@physx@@@4@@physx@@IEAAPEAUSlab@NodeAllocator@Gu@2@IPEAI@Z 00000001800013c0 f i Cooking.obj
 0001:00000440       ?getBounds@AABBTreeBounds@Gu@physx@@QEBAPEBVPxBounds3@3@XZ 0000000180001440 f i Cooking.obj
 0001:00000440       ?getBounds@AABBTreeBounds@Gu@physx@@QEAAPEAVPxBounds3@3@XZ 0000000180001440 f i Cooking.obj
 0001:00000450       ?getNbRuntimePrimitives@AABBTreeBuildNode@Gu@physx@@QEBAIXZ 0000000180001450 f i Cooking.obj
 0001:00000450       ?getNbPrimitives@AABBTreeBuildNode@Gu@physx@@QEBAIXZ 0000000180001450 f i Cooking.obj
 0001:00000460       ?getNeg@AABBTreeBuildNode@Gu@physx@@QEBAPEBV123@XZ 0000000180001460 f i Cooking.obj
 0001:00000480       ?getPos@AABBTreeBuildNode@Gu@physx@@QEBAPEBV123@XZ 0000000180001480 f i Cooking.obj
 0001:00000490       ?getPrimitives@AABBTreeBuildNode@Gu@physx@@QEAAPEAIPEAI@Z 0000000180001490 f i Cooking.obj
 0001:00000490       ?getPrimitives@AABBTreeBuildNode@Gu@physx@@QEBAPEBIPEBI@Z 0000000180001490 f i Cooking.obj
 0001:000004a0       ?isLeaf@AABBTreeBuildNode@Gu@physx@@QEBA_NXZ 00000001800014a0 f i Cooking.obj
 0001:000004b0       ?moveFrom@AABBTreeBounds@Gu@physx@@QEAAXAEAV123@@Z 00000001800014b0 f i Cooking.obj
 0001:000004c0       ?ownsMemory@AABBTreeBounds@Gu@physx@@QEBA_NXZ 00000001800014c0 f i Cooking.obj
 0001:000004d0       ?recreate@?$PxArray@USlab@NodeAllocator@Gu@physx@@V?$PxReflectionAllocator@USlab@NodeAllocator@Gu@physx@@@4@@physx@@IEAAXI@Z 00000001800014d0 f i Cooking.obj
 0001:000005c0       ?setBounds@AABBTreeBounds@Gu@physx@@QEAAXPEAVPxBounds3@3@@Z 00000001800015c0 f i Cooking.obj
 0001:000005d0       ?setNbRunTimePrimitives@AABBTreeBuildNode@Gu@physx@@QEAAXI@Z 00000001800015d0 f i Cooking.obj
 0001:000005e0       ?takeOwnership@AABBTreeBounds@Gu@physx@@QEAAXXZ 00000001800015e0 f i Cooking.obj
 0001:000005f0       PxAssembleDeformableVolumeMesh 00000001800015f0 f   Cooking.obj
 0001:00000600       PxComputeCollisionData     0000000180001600 f   Cooking.obj
 0001:00000610       PxComputeHullPolygons      0000000180001610 f   Cooking.obj
 0001:00000620       PxComputeModelsMapping     0000000180001620 f   Cooking.obj
 0001:00000630       PxComputeSimulationData    0000000180001630 f   Cooking.obj
 0001:00000640       PxCookBVH                  0000000180001640 f   Cooking.obj
 0001:00000650       PxCookConvexMesh           0000000180001650 f   Cooking.obj
 0001:00000660       PxCookDeformableVolumeMesh 0000000180001660 f   Cooking.obj
 0001:00000670       PxCookHeightField          0000000180001670 f   Cooking.obj
 0001:00000680       PxCookTetrahedronMesh      0000000180001680 f   Cooking.obj
 0001:00000690       PxCookTriangleMesh         0000000180001690 f   Cooking.obj
 0001:000006a0       PxCreateBVH                00000001800016a0 f   Cooking.obj
 0001:000006b0       PxCreateBVHInternal        00000001800016b0 f   Cooking.obj
 0001:00000740       PxCreateConvexMesh         0000000180001740 f   Cooking.obj
 0001:00000750       PxCreateDeformableVolumeMesh 0000000180001750 f   Cooking.obj
 0001:00000760       PxCreateHeightField        0000000180001760 f   Cooking.obj
 0001:00000770       PxCreateTetrahedronMesh    0000000180001770 f   Cooking.obj
 0001:00000780       PxCreateTriangleMesh       0000000180001780 f   Cooking.obj
 0001:00000790       PxCreateTriangleMeshInternal 0000000180001790 f   Cooking.obj
 0001:00000820       PxGetStandaloneInsertionCallback 0000000180001820 f   Cooking.obj
 0001:00000830       PxValidateConvexMesh       0000000180001830 f   Cooking.obj
 0001:00000840       PxValidateTriangleMesh     0000000180001840 f   Cooking.obj
 0001:00000850       ?cookingDelayHook@@YAP6A_JXZIPEAUDelayLoadInfo@@@Z 0000000180001850 f   WindowsCookingDelayLoadHook.obj
 0001:00000930       PxSetPhysXCookingDelayLoadHook 0000000180001930 f   WindowsCookingDelayLoadHook.obj
 0001:00000938       __imp_load_getInsertionCallback 0000000180001938 f   PhysXCommon_64:PhysXCommon_64.dll
 0001:00000944       getInsertionCallback       0000000180001944 f   PhysXCommon_64:PhysXCommon_64.dll
 0001:0000094a       __tailMerge_physxcommon_64_dll 000000018000194a     PhysXCommon_64:PhysXCommon_64.dll
 0001:000009c3       __imp_load_cookBVH         00000001800019c3 f   PhysXCommon_64:PhysXCommon_64.dll
 0001:000009cf       cookBVH                    00000001800019cf f   PhysXCommon_64:PhysXCommon_64.dll
 0001:000009d5       __imp_load_createBVH       00000001800019d5 f   PhysXCommon_64:PhysXCommon_64.dll
 0001:000009e1       createBVH                  00000001800019e1 f   PhysXCommon_64:PhysXCommon_64.dll
 0001:000009e7       __imp_load_cookHeightField 00000001800019e7 f   PhysXCommon_64:PhysXCommon_64.dll
 0001:000009f3       cookHeightField            00000001800019f3 f   PhysXCommon_64:PhysXCommon_64.dll
 0001:000009f9       __imp_load_createHeightField 00000001800019f9 f   PhysXCommon_64:PhysXCommon_64.dll
 0001:00000a05       createHeightField          0000000180001a05 f   PhysXCommon_64:PhysXCommon_64.dll
 0001:00000a0b       __imp_load_cookConvexMesh  0000000180001a0b f   PhysXCommon_64:PhysXCommon_64.dll
 0001:00000a17       cookConvexMesh             0000000180001a17 f   PhysXCommon_64:PhysXCommon_64.dll
 0001:00000a1d       __imp_load_createConvexMesh 0000000180001a1d f   PhysXCommon_64:PhysXCommon_64.dll
 0001:00000a29       createConvexMesh           0000000180001a29 f   PhysXCommon_64:PhysXCommon_64.dll
 0001:00000a2f       __imp_load_validateConvexMesh 0000000180001a2f f   PhysXCommon_64:PhysXCommon_64.dll
 0001:00000a3b       validateConvexMesh         0000000180001a3b f   PhysXCommon_64:PhysXCommon_64.dll
 0001:00000a41       __imp_load_computeHullPolygons 0000000180001a41 f   PhysXCommon_64:PhysXCommon_64.dll
 0001:00000a4d       computeHullPolygons        0000000180001a4d f   PhysXCommon_64:PhysXCommon_64.dll
 0001:00000a53       __imp_load_validateTriangleMesh 0000000180001a53 f   PhysXCommon_64:PhysXCommon_64.dll
 0001:00000a5f       validateTriangleMesh       0000000180001a5f f   PhysXCommon_64:PhysXCommon_64.dll
 0001:00000a65       __imp_load_createTriangleMesh 0000000180001a65 f   PhysXCommon_64:PhysXCommon_64.dll
 0001:00000a71       createTriangleMesh         0000000180001a71 f   PhysXCommon_64:PhysXCommon_64.dll
 0001:00000a77       __imp_load_cookTriangleMesh 0000000180001a77 f   PhysXCommon_64:PhysXCommon_64.dll
 0001:00000a83       cookTriangleMesh           0000000180001a83 f   PhysXCommon_64:PhysXCommon_64.dll
 0001:00000a89       __imp_load_cookTetrahedronMesh 0000000180001a89 f   PhysXCommon_64:PhysXCommon_64.dll
 0001:00000a95       cookTetrahedronMesh        0000000180001a95 f   PhysXCommon_64:PhysXCommon_64.dll
 0001:00000a9b       __imp_load_createTetrahedronMesh 0000000180001a9b f   PhysXCommon_64:PhysXCommon_64.dll
 0001:00000aa7       createTetrahedronMesh      0000000180001aa7 f   PhysXCommon_64:PhysXCommon_64.dll
 0001:00000aad       __imp_load_cookDeformableVolumeMesh 0000000180001aad f   PhysXCommon_64:PhysXCommon_64.dll
 0001:00000ab9       cookDeformableVolumeMesh   0000000180001ab9 f   PhysXCommon_64:PhysXCommon_64.dll
 0001:00000abf       __imp_load_createDeformableVolumeMesh 0000000180001abf f   PhysXCommon_64:PhysXCommon_64.dll
 0001:00000acb       createDeformableVolumeMesh 0000000180001acb f   PhysXCommon_64:PhysXCommon_64.dll
 0001:00000ad1       __imp_load_computeModelsMapping 0000000180001ad1 f   PhysXCommon_64:PhysXCommon_64.dll
 0001:00000add       computeModelsMapping       0000000180001add f   PhysXCommon_64:PhysXCommon_64.dll
 0001:00000ae3       __imp_load_computeCollisionData 0000000180001ae3 f   PhysXCommon_64:PhysXCommon_64.dll
 0001:00000aef       computeCollisionData       0000000180001aef f   PhysXCommon_64:PhysXCommon_64.dll
 0001:00000af5       __imp_load_computeSimulationData 0000000180001af5 f   PhysXCommon_64:PhysXCommon_64.dll
 0001:00000b01       computeSimulationData      0000000180001b01 f   PhysXCommon_64:PhysXCommon_64.dll
 0001:00000b07       __imp_load_assembleDeformableVolumeMesh 0000000180001b07 f   PhysXCommon_64:PhysXCommon_64.dll
 0001:00000b13       assembleDeformableVolumeMesh 0000000180001b13 f   PhysXCommon_64:PhysXCommon_64.dll
 0001:00000b19       __imp_load_?release@AABBTreeBounds@Gu@physx@@QEAAXXZ 0000000180001b19 f   PhysXCommon_64:PhysXCommon_64.dll
 0001:00000b25       ?release@AABBTreeBounds@Gu@physx@@QEAAXXZ 0000000180001b25 f   PhysXCommon_64:PhysXCommon_64.dll
 0001:00000b2b       __imp_load_??0BVH@Gu@physx@@QEAA@AEBUPxBVHInternalData@2@@Z 0000000180001b2b f   PhysXCommon_64:PhysXCommon_64.dll
 0001:00000b37       ??0BVH@Gu@physx@@QEAA@AEBUPxBVHInternalData@2@@Z 0000000180001b37 f   PhysXCommon_64:PhysXCommon_64.dll
 0001:00000b3d       __imp_load_??0BV4TriangleMesh@Gu@physx@@QEAA@AEBUPxTriangleMeshInternalData@2@@Z 0000000180001b3d f   PhysXCommon_64:PhysXCommon_64.dll
 0001:00000b49       ??0BV4TriangleMesh@Gu@physx@@QEAA@AEBUPxTriangleMeshInternalData@2@@Z 0000000180001b49 f   PhysXCommon_64:PhysXCommon_64.dll
 0001:00000b4f       __imp_load_PxGetBroadcastAllocator 0000000180001b4f f   PhysXFoundation_64:PhysXFoundation_64.dll
 0001:00000b5b       PxGetBroadcastAllocator    0000000180001b5b f   PhysXFoundation_64:PhysXFoundation_64.dll
 0001:00000b61       __tailMerge_physxfoundation_64_dll 0000000180001b61     PhysXFoundation_64:PhysXFoundation_64.dll
 0001:00000bdc       ?DloadAcquireSectionWriteAccess@@YAXXZ 0000000180001bdc f i Delayimp:delayhlp.obj
 0001:00000c88       ?DloadGetSRWLockFunctionPointers@@YAEXZ 0000000180001c88 f i Delayimp:delayhlp.obj
 0001:00000d24       ?DloadMakePermanentImageCommit@@YAXPEAX_K@Z 0000000180001d24 f i Delayimp:delayhlp.obj
 0001:00000dbc       ?DloadObtainSection@@YAPEAXPEAK0@Z 0000000180001dbc f i Delayimp:delayhlp.obj
 0001:00000e58       ?DloadProtectSection@@YAXKPEAK@Z 0000000180001e58 f i Delayimp:delayhlp.obj
 0001:00000ee8       ?DloadReleaseSectionWriteAccess@@YAXXZ 0000000180001ee8 f i Delayimp:delayhlp.obj
 0001:00000f7c       __delayLoadHelper2         0000000180001f7c f   Delayimp:delayhlp.obj
 0001:00001250       ??3@YAXPEAX@Z              0000000180002250 f   LIBCMT:delete_scalar.obj
 0001:00001258       ??3@YAXPEAX_K@Z            0000000180002258 f   LIBCMT:delete_scalar_size.obj
 0001:00001258       ??_V@YAXPEAX@Z             0000000180002258 f   LIBCMT:delete_array.obj
 0001:00001260       ??_V@YAXPEAX_K@Z           0000000180002260 f   LIBCMT:delete_array_size.obj
 0001:00001268       ??_Etype_info@@UEAAPEAXI@Z 0000000180002268 f i LIBCMT:std_type_info_static.obj
 0001:00001268       ??_Gtype_info@@UEAAPEAXI@Z 0000000180002268 f i LIBCMT:std_type_info_static.obj
 0001:00001294       ?__scrt_initialize_type_info@@YAXXZ 0000000180002294 f   LIBCMT:tncleanup.obj
 0001:000012a4       ?__scrt_uninitialize_type_info@@YAXXZ 00000001800022a4 f   LIBCMT:tncleanup.obj
 0001:000015d0       _DllMainCRTStartup         00000001800025d0 f   LIBCMT:dll_dllmain.obj
 0001:00001610       __security_init_cookie     0000000180002610 f   LIBCMT:gs_support.obj
 0001:000016bc       ?length@charNode@@UEBAHXZ  00000001800026bc f   libvcruntime:undname.obj
 0001:000016bc       _get_startup_argv_mode     00000001800026bc f   LIBCMT:argv_mode.obj
 0001:000016bc       ?raw_length@charNode@@UEBAHXZ 00000001800026bc f   libvcruntime:undname.obj
 0001:000016bc       DllMain                    00000001800026bc f   LIBCMT:dll_dllmain_stub.obj
 0001:000016c4       __local_stdio_printf_options 00000001800026c4 f i LIBCMT:default_local_stdio_options.obj
 0001:000016cc       __local_stdio_scanf_options 00000001800026cc f i LIBCMT:default_local_stdio_options.obj
 0001:000016d4       __scrt_initialize_default_local_stdio_options 00000001800026d4 f   LIBCMT:default_local_stdio_options.obj
 0001:000016f0       __scrt_acquire_startup_lock 00000001800026f0 f   LIBCMT:utility.obj
 0001:0000172c       __scrt_dllmain_after_initialize_c 000000018000272c f   LIBCMT:utility.obj
 0001:00001760       __scrt_dllmain_before_initialize_c 0000000180002760 f   LIBCMT:utility.obj
 0001:00001778       __scrt_dllmain_crt_thread_attach 0000000180002778 f   LIBCMT:utility.obj
 0001:000017a0       __scrt_dllmain_crt_thread_detach 00000001800027a0 f   LIBCMT:utility.obj
 0001:000017b8       __scrt_dllmain_exception_filter 00000001800027b8 f   LIBCMT:utility.obj
 0001:00001818       __scrt_dllmain_uninitialize_c 0000000180002818 f   LIBCMT:utility.obj
 0001:00001848       __scrt_dllmain_uninitialize_critical 0000000180002848 f   LIBCMT:utility.obj
 0001:0000185c       __scrt_initialize_crt      000000018000285c f   LIBCMT:utility.obj
 0001:000018a8       __scrt_initialize_onexit_tables 00000001800028a8 f   LIBCMT:utility.obj
 0001:00001934       __scrt_is_nonwritable_in_current_image 0000000180002934 f   LIBCMT:utility.obj
 0001:000019cc       __scrt_release_startup_lock 00000001800029cc f   LIBCMT:utility.obj
 0001:000019f0       __scrt_uninitialize_crt    00000001800029f0 f   LIBCMT:utility.obj
 0001:00001a1c       __scrt_get_dyn_tls_init_callback 0000000180002a1c f   LIBCMT:dyn_tls_init.obj
 0001:00001a24       __crt_debugger_hook        0000000180002a24 f   LIBCMT:utility_desktop.obj
 0001:00001a2c       __scrt_fastfail            0000000180002a2c f   LIBCMT:utility_desktop.obj
 0001:00001b78       _RTC_Initialize            0000000180002b78 f   LIBCMT:initsect.obj
 0001:00001bb4       _RTC_Terminate             0000000180002bb4 f   LIBCMT:initsect.obj
 0001:00001bf0       __isa_available_init       0000000180002bf0 f   LIBCMT:cpu_disp.obj
 0001:00001d94       __scrt_is_ucrt_dll_in_use  0000000180002d94 f   LIBCMT:ucrt_detection.obj
 0001:00001da0       _get_purecall_handler      0000000180002da0 f   libvcruntime:purevirt.obj
 0001:00001dac       _purecall                  0000000180002dac f   libvcruntime:purevirt.obj
 0001:00001dd0       __std_type_info_compare    0000000180002dd0 f   libvcruntime:std_type_info.obj
 0001:00001df8       __std_type_info_destroy_list 0000000180002df8 f   libvcruntime:std_type_info.obj
 0001:00001e24       __std_type_info_name       0000000180002e24 f   libvcruntime:std_type_info.obj
 0001:00001f3c       strstr                     0000000180002f3c f   libvcruntime:strstr.obj
 0001:00002138       __C_specific_handler       0000000180003138 f   libvcruntime:riscchandler.obj
 0001:00002344       __vcrt_initialize          0000000180003344 f   libvcruntime:initialization.obj
 0001:0000236c       __vcrt_thread_attach       000000018000336c f   libvcruntime:initialization.obj
 0001:00002380       __vcrt_thread_detach       0000000180003380 f   libvcruntime:initialization.obj
 0001:00002394       __vcrt_uninitialize        0000000180003394 f   libvcruntime:initialization.obj
 0001:000023b0       __vcrt_uninitialize_critical 00000001800033b0 f   libvcruntime:initialization.obj
 0001:000023c0       __DestructExceptionObject  00000001800033c0 f   libvcruntime:ehhelpers.obj
 0001:00002430       ?_CallMemberFunction0@@YAXQEAX0@Z 0000000180003430 f i libvcruntime:ehhelpers.obj
 0001:00002434       _IsExceptionObjectToBeDestroyed 0000000180003434 f   libvcruntime:ehhelpers.obj
 0001:00002464       __AdjustPointer            0000000180003464 f   libvcruntime:ehhelpers.obj
 0001:00002488       __FrameUnwindFilter        0000000180003488 f   libvcruntime:ehhelpers.obj
 0001:00002500       memset_repmovs             0000000180003500 f   libvcruntime:memset.obj
 0001:00002520       memset                     0000000180003520 f   libvcruntime:memset.obj
 0001:000026b0       ??$?0$00@DName@@QEAA@PEBDU?$StringLifeSelector@$00@@@Z 00000001800036b0 f i libvcruntime:undname.obj
 0001:000026f0       ??$?0$01@DName@@QEAA@PEBDU?$StringLifeSelector@$01@@@Z 00000001800036f0 f i libvcruntime:undname.obj
 0001:000026f0       ??$?0$0A@@DName@@QEAA@PEBDU?$StringLifeSelector@$0A@@@@Z 00000001800036f0 f i libvcruntime:undname.obj
 0001:00002730       ??$?0$0A@@pcharNode@@QEAA@PEBDHU?$StringLifeSelector@$0A@@@@Z 0000000180003730 f i libvcruntime:undname.obj
 0001:00002730       ??$?0$01@pcharNode@@QEAA@PEBDHU?$StringLifeSelector@$01@@@Z 0000000180003730 f i libvcruntime:undname.obj
 0001:000027a4       ??$append@VcharNode@@@DName@@AEAAXPEBVcharNode@@@Z 00000001800037a4 f i libvcruntime:undname.obj
 0001:000027a4       ??$append@VDNameStatusNode@@@DName@@AEAAXPEBVDNameStatusNode@@@Z 00000001800037a4 f i libvcruntime:undname.obj
 0001:000027a4       ??$append@VDNameNode@@@DName@@AEAAXPEBVDNameNode@@@Z 00000001800037a4 f i libvcruntime:undname.obj
 0001:000027a4       ??$append@VpcharNode@@@DName@@AEAAXPEBVpcharNode@@@Z 00000001800037a4 f i libvcruntime:undname.obj
 0001:00002808       ??$doPchar@$00@DName@@AEAAXPEBDH@Z 0000000180003808 f i libvcruntime:undname.obj
 0001:000028ac       ??$doPchar@$0A@@DName@@AEAAXPEBDH@Z 00000001800038ac f i libvcruntime:undname.obj
 0001:000028ac       ??$doPchar@$01@DName@@AEAAXPEBDH@Z 00000001800038ac f i libvcruntime:undname.obj
 0001:00002944       ??0DName@@QEAA@AEAPEBDD@Z  0000000180003944 f   libvcruntime:undname.obj
 0001:000029f4       ??0DName@@QEAA@AEBUStringLiteral@@@Z 00000001800039f4 f   libvcruntime:undname.obj
 0001:00002a20       ??0DName@@QEAA@PEAV0@@Z    0000000180003a20 f   libvcruntime:undname.obj
 0001:00002aa4       ??0DName@@QEAA@_J@Z        0000000180003aa4 f   libvcruntime:undname.obj
 0001:00002b4c       ??0DName@@QEAA@_K@Z        0000000180003b4c f   libvcruntime:undname.obj
 0001:00002bdc       ??2@YAPEAX_KAEAV_HeapManager@@H@Z 0000000180003bdc f   libvcruntime:undname.obj
 0001:00002c08       ??AReplicator@@QEBA?AVDName@@H@Z 0000000180003c08 f   libvcruntime:undname.obj
 0001:00002c48       ??HDName@@QEBA?AV0@AEBUStringLiteral@@@Z 0000000180003c48 f   libvcruntime:undname.obj
 0001:00002c74       ??HDName@@QEBA?AV0@AEBV0@@Z 0000000180003c74 f   libvcruntime:undname.obj
 0001:00002ca0       ??HDName@@QEBA?AV0@D@Z     0000000180003ca0 f   libvcruntime:undname.obj
 0001:00002ccc       ??HDName@@QEBA?AV0@W4DNameStatus@@@Z 0000000180003ccc f   libvcruntime:undname.obj
 0001:00002cf8       ??YDName@@QEAAAEAV0@AEBUStringLiteral@@@Z 0000000180003cf8 f   libvcruntime:undname.obj
 0001:00002d78       ??YDName@@QEAAAEAV0@AEBV0@@Z 0000000180003d78 f   libvcruntime:undname.obj
 0001:00002e2c       ??YDName@@QEAAAEAV0@D@Z    0000000180003e2c f   libvcruntime:undname.obj
 0001:00002e98       ??YDName@@QEAAAEAV0@W4DNameStatus@@@Z 0000000180003e98 f   libvcruntime:undname.obj
 0001:00002f04       ??YReplicator@@QEAAAEAV0@AEBVDName@@@Z 0000000180003f04 f   libvcruntime:undname.obj
 0001:00002f5c       ?UScore@UnDecorator@@SA?AUStringLiteral@@W4Tokens@@@Z 0000000180003f5c f   libvcruntime:undname.obj
 0001:00002fa8       ?composeDeclaration@UnDecorator@@CA?AVDName@@AEBV2@@Z 0000000180003fa8 f i libvcruntime:undname.obj
 0001:00003e50       ?doPchar@DName@@AEAAXD@Z   0000000180004e50 f   libvcruntime:undname.obj
 0001:00003ea0       ?getAddressOf@UnDecorator@@CA?AVDName@@XZ 0000000180004ea0 f   libvcruntime:undname.obj
 0001:00003f30       ?getArgumentList@UnDecorator@@CA?AVDName@@XZ 0000000180004f30 f   libvcruntime:undname.obj
 0001:000040c4       ?getArgumentTypes@UnDecorator@@CA?AVDName@@XZ 00000001800050c4 f   libvcruntime:undname.obj
 0001:00004210       ?getArrayAccess@UnDecorator@@CA?AVDName@@XZ 0000000180005210 f   libvcruntime:undname.obj
 0001:000042ac       ?getArrayObject@UnDecorator@@CA?AVDName@@XZ 00000001800052ac f   libvcruntime:undname.obj
 0001:00004380       ?getArrayType@UnDecorator@@CA?AVDName@@AEBV2@@Z 0000000180005380 f i libvcruntime:undname.obj
 0001:000045c8       ?getBasedType@UnDecorator@@CA?AVDName@@XZ 00000001800055c8 f   libvcruntime:undname.obj
 0001:000046c0       ?getBasicDataType@UnDecorator@@CA?AVDName@@AEBV2@@Z 00000001800056c0 f   libvcruntime:undname.obj
 0001:00004c64       ?getCallingConvention@UnDecorator@@CA?AVDName@@XZ 0000000180005c64 f   libvcruntime:undname.obj
 0001:00004da4       ?getDataIndirectType@UnDecorator@@CA?AVDName@@AEBV2@W4IndirectionKind@@0H@Z 0000000180005da4 f   libvcruntime:undname.obj
 0001:0000563c       ?getDataType@UnDecorator@@CA?AVDName@@PEAV2@@Z 000000018000663c f   libvcruntime:undname.obj
 0001:00005750       ?getDecoratedName@UnDecorator@@CA?AVDName@@XZ 0000000180006750 f   libvcruntime:undname.obj
 0001:00005a34       ?getDimension@UnDecorator@@CA?AVDName@@_N@Z 0000000180006a34 f   libvcruntime:undname.obj
 0001:00005b7c       ?getDispatchTarget@UnDecorator@@CA?AVDName@@XZ 0000000180006b7c f   libvcruntime:undname.obj
 0001:00005be0       ?getECSUDataType@UnDecorator@@CA?AVDName@@XZ 0000000180006be0 f   libvcruntime:undname.obj
 0001:00005dd8       ?getEnumType@UnDecorator@@CA?AVDName@@XZ 0000000180006dd8 f i libvcruntime:undname.obj
 0001:00005f08       ?getExtendedDataIndirectType@UnDecorator@@CA?AVDName@@AEAW4IndirectionKind@@AEA_NH@Z 0000000180006f08 f   libvcruntime:undname.obj
 0001:00006110       ?getExternalDataType@UnDecorator@@CA?AVDName@@AEBV2@@Z 0000000180007110 f i libvcruntime:undname.obj
 0001:000061d0       ?getFloatingPoint@UnDecorator@@CA?AVDName@@H@Z 00000001800071d0 f   libvcruntime:undname.obj
 0001:000062f8       ?getFunctionIndirectType@UnDecorator@@CA?AVDName@@AEBV2@@Z 00000001800072f8 f   libvcruntime:undname.obj
 0001:00006830       ?getLastChar@DNameStatusNode@@UEBADXZ 0000000180007830 f i libvcruntime:undname.obj
 0001:0000683c       ?getLastChar@charNode@@UEBADXZ 000000018000783c f i libvcruntime:undname.obj
 0001:00006840       ?getLastChar@pDNameNode@@UEBADXZ 0000000180007840 f i libvcruntime:undname.obj
 0001:0000686c       ?getLastChar@pairNode@@UEBADXZ 000000018000786c f i libvcruntime:undname.obj
 0001:000068a4       ?getLastChar@pcharNode@@UEBADXZ 00000001800078a4 f i libvcruntime:undname.obj
 0001:000068b8       ?getLexicalFrame@UnDecorator@@CA?AVDName@@XZ 00000001800078b8 f i libvcruntime:undname.obj
 0001:0000691c       ?getMemberAccess@UnDecorator@@CA?AVDName@@XZ 000000018000791c f   libvcruntime:undname.obj
 0001:000069b0       ?getMemoryWithBuffer@_HeapManager@@QEAAPEAX_K@Z 00000001800079b0 f   libvcruntime:undname.obj
 0001:00006a40       ?getNoexcept@UnDecorator@@CA?AVDName@@XZ 0000000180007a40 f   libvcruntime:undname.obj
 0001:00006aa4       ?getNumberOfDimensions@UnDecorator@@CAHXZ 0000000180007aa4 f   libvcruntime:undname.obj
 0001:00006b04       ?getOperatorName@UnDecorator@@CA?AVDName@@_NPEA_N@Z 0000000180007b04 f i libvcruntime:undname.obj
 0001:000074b4       ?getPointerToMember@UnDecorator@@CA?AVDName@@XZ 00000001800084b4 f   libvcruntime:undname.obj
 0001:000075ac       ?getPrimaryDataType@UnDecorator@@CA?AVDName@@AEBV2@@Z 00000001800085ac f   libvcruntime:undname.obj
 0001:00007860       ?getPtrRefDataType@UnDecorator@@CA?AVDName@@AEBV2@H@Z 0000000180008860 f   libvcruntime:undname.obj
 0001:00007a2c       ?getPtrRefType@UnDecorator@@CA?AVDName@@AEBV2@0W4IndirectionKind@@@Z 0000000180008a2c f   libvcruntime:undname.obj
 0001:00007c04       ?getRestrictionSpec@UnDecorator@@CA?AVDName@@XZ 0000000180008c04 f   libvcruntime:undname.obj
 0001:00007dd0       ?getReturnType@UnDecorator@@CA?AVDName@@PEAV2@@Z 0000000180008dd0 f   libvcruntime:undname.obj
 0001:00007e04       ?getScope@UnDecorator@@CA?AVDName@@XZ 0000000180008e04 f   libvcruntime:undname.obj
 0001:000082b8       ?getScopedName@UnDecorator@@CA?AVDName@@XZ 00000001800092b8 f   libvcruntime:undname.obj
 0001:000083f4       ?getSignedDimension@UnDecorator@@CA?AVDName@@XZ 00000001800093f4 f   libvcruntime:undname.obj
 0001:0000847c       ?getString@DNameStatusNode@@UEBAPEADPEAD0@Z 000000018000947c f i libvcruntime:undname.obj
 0001:000084c4       ?getString@charNode@@UEBAPEADPEAD0@Z 00000001800094c4 f i libvcruntime:undname.obj
 0001:000084d8       ?getString@pDNameNode@@UEBAPEADPEAD0@Z 00000001800094d8 f i libvcruntime:undname.obj
 0001:00008508       ?getString@pairNode@@UEBAPEADPEAD0@Z 0000000180009508 f i libvcruntime:undname.obj
 0001:00008554       ?getString@pcharNode@@UEBAPEADPEAD0@Z 0000000180009554 f i libvcruntime:undname.obj
 0001:0000858c       ?getStringEncoding@UnDecorator@@CA?AVDName@@W4PrefixKind@@H@Z 000000018000958c f   libvcruntime:undname.obj
 0001:00008684       ?getStringObject@UnDecorator@@CA?AVDName@@XZ 0000000180009684 f   libvcruntime:undname.obj
 0001:000086ec       ?getSymbolName@UnDecorator@@CA?AVDName@@XZ 00000001800096ec f i libvcruntime:undname.obj
 0001:00008738       ?getTemplateArgumentList@UnDecorator@@CA?AVDName@@XZ 0000000180009738 f   libvcruntime:undname.obj
 0001:000089ac       ?getTemplateName@UnDecorator@@CA?AVDName@@_N@Z 00000001800099ac f   libvcruntime:undname.obj
 0001:00008c40       ?getTemplateNonTypeArgument@UnDecorator@@CA?AVDName@@XZ 0000000180009c40 f   libvcruntime:undname.obj
 0001:00009170       ?getTemplateTypeArgument@UnDecorator@@CA?AVDName@@XZ 000000018000a170 f   libvcruntime:undname.obj
 0001:000092d8       ?getThrowTypes@UnDecorator@@CA?AVDName@@XZ 000000018000a2d8 f   libvcruntime:undname.obj
 0001:000092fc       ?getTypeEncoding@UnDecorator@@CAHXZ 000000018000a2fc f i libvcruntime:undname.obj
 0001:000096b0       ?getUndecoratedName@UnDecorator@@QEAAPEADPEADH@Z 000000018000a6b0 f i libvcruntime:undname.obj
 0001:00009804       ?getUnionObject@UnDecorator@@CA?AVDName@@XZ 000000018000a804 f   libvcruntime:undname.obj
 0001:000098dc       ?getVCallThunkType@UnDecorator@@CA?AVDName@@XZ 000000018000a8dc f i libvcruntime:undname.obj
 0001:00009954       ?getValue@UnDecorator@@CA?AV?$optional@_K@std@@XZ 000000018000a954 f   libvcruntime:undname.obj
 0001:000099c8       ?getValueObject@UnDecorator@@CA?AVDName@@XZ 000000018000a9c8 f   libvcruntime:undname.obj
 0001:00009b2c       ?getVdispMapType@UnDecorator@@CA?AVDName@@AEBV2@@Z 000000018000ab2c f i libvcruntime:undname.obj
 0001:00009ba8       ?getVfTableType@UnDecorator@@CA?AVDName@@AEBV2@@Z 000000018000aba8 f i libvcruntime:undname.obj
 0001:00009db0       ?getZName@UnDecorator@@CA?AVDName@@_N0@Z 000000018000adb0 f   libvcruntime:undname.obj
 0001:0000a08c       ?raw_length@DNameStatusNode@@UEBAHXZ 000000018000b08c f i libvcruntime:undname.obj
 0001:0000a08c       ?length@DNameStatusNode@@UEBAHXZ 000000018000b08c f i libvcruntime:undname.obj
 0001:0000a090       ?length@pDNameNode@@UEBAHXZ 000000018000b090 f i libvcruntime:undname.obj
 0001:0000a0b8       ?length@pairNode@@UEBAHXZ  000000018000b0b8 f i libvcruntime:undname.obj
 0001:0000a100       ?raw_length@pcharNode@@UEBAHXZ 000000018000b100 f i libvcruntime:undname.obj
 0001:0000a100       ?length@pcharNode@@UEBAHXZ 000000018000b100 f i libvcruntime:undname.obj
 0001:0000a104       ?parseDecoratedName@UnDecorator@@CA?AVDName@@XZ 000000018000b104 f   libvcruntime:undname.obj
 0001:0000a21c       ?raw_length@pDNameNode@@UEBAHXZ 000000018000b21c f i libvcruntime:undname.obj
 0001:0000a220       ?raw_length@pairNode@@UEBAHXZ 000000018000b220 f i libvcruntime:undname.obj
 0001:0000a224       __unDName                  000000018000b224 f   libvcruntime:undname.obj
 0001:0000a24c       __unDNameEx                000000018000b24c f   libvcruntime:undname.obj
 0001:0000a380       sprintf_s                  000000018000b380 f i libvcruntime:undname.obj
 0001:0000a3f0       _NLG_Notify                000000018000b3f0 f   libvcruntime:notify.obj
 0001:0000a410       __NLG_Dispatch2            000000018000b410 f   libvcruntime:notify.obj
 0001:0000a420       __NLG_Return2              000000018000b420 f   libvcruntime:notify.obj
 0001:0000a424       __except_validate_context_record 000000018000b424 f   libvcruntime:jbcxrval.obj
 0001:0000a45c       __vcrt_freefls             000000018000b45c f   libvcruntime:per_thread_data.obj
 0001:0000a47c       __vcrt_freeptd             000000018000b47c f   libvcruntime:per_thread_data.obj
 0001:0000a4cc       __vcrt_getptd              000000018000b4cc f   libvcruntime:per_thread_data.obj
 0001:0000a4e8       __vcrt_getptd_noexit       000000018000b4e8 f   libvcruntime:per_thread_data.obj
 0001:0000a5a8       __vcrt_initialize_ptd      000000018000b5a8 f   libvcruntime:per_thread_data.obj
 0001:0000a5f0       __vcrt_uninitialize_ptd    000000018000b5f0 f   libvcruntime:per_thread_data.obj
 0001:0000a614       __vcrt_initialize_locks    000000018000b614 f   libvcruntime:locks.obj
 0001:0000a648       __vcrt_lock                000000018000b648 f   libvcruntime:locks.obj
 0001:0000a664       __vcrt_uninitialize_locks  000000018000b664 f   libvcruntime:locks.obj
 0001:0000a69c       __vcrt_unlock              000000018000b69c f   libvcruntime:locks.obj
 0001:0000a6b8       ??$_CallSETranslator@V__FrameHandler4@@@@YAHPEAUEHExceptionRecord@@PEA_KPEAU_CONTEXT@@PEAU_xDISPATCHER_CONTEXT@@PEAUFuncInfo4@FH4@@K1H@Z 000000018000b6b8 f i libvcruntime:risctrnsctrl.obj
 0001:0000a70c       ?DecompFuncInfo@FH4@@YA_JPEAEAEAUFuncInfo4@1@_KH_N@Z 000000018000b70c f i libvcruntime:risctrnsctrl.obj
 0001:0000a830       ?ExecutionInCatch@__FrameHandler4@@SA_NPEAU_xDISPATCHER_CONTEXT@@PEAUFuncInfo4@FH4@@@Z 000000018000b830 f   libvcruntime:risctrnsctrl.obj
 0001:0000a838       ?FrameUnwindToEmptyState@__FrameHandler4@@SAXPEA_KPEAU_xDISPATCHER_CONTEXT@@PEAUFuncInfo4@FH4@@@Z 000000018000b838 f   libvcruntime:risctrnsctrl.obj
 0001:0000a86c       ?GetEstablisherFrame@__FrameHandler4@@SAPEA_KPEA_KPEAU_xDISPATCHER_CONTEXT@@PEAUFuncInfo4@FH4@@0@Z 000000018000b86c f   libvcruntime:risctrnsctrl.obj
 0001:0000a890       ?GetRangeOfTrysToCheck@__FrameHandler4@@SA?AU?$pair@Viterator@TryBlockMap4@FH4@@V123@@std@@AEAVTryBlockMap4@FH4@@HPEAU_xDISPATCHER_CONTEXT@@PEAUFuncInfo4@5@H@Z 000000018000b890 f   libvcruntime:risctrnsctrl.obj
 0001:0000a9f8       ?UnwindNestedFrames@__FrameHandler4@@SAXPEA_KPEAUEHExceptionRecord@@PEAU_CONTEXT@@0PEAXPEAUFuncInfo4@FH4@@HHPEAUHandlerType4@5@PEAU_xDISPATCHER_CONTEXT@@E@Z 000000018000b9f8 f   libvcruntime:risctrnsctrl.obj
 0001:0000ab18       ?setBuffer@TryBlockMap4@FH4@@QEAAXViterator@12@@Z 000000018000bb18 f i libvcruntime:risctrnsctrl.obj
 0001:0000acd8       _CreateFrameInfo           000000018000bcd8 f   libvcruntime:risctrnsctrl.obj
 0001:0000ad14       _FindAndUnlinkFrame        000000018000bd14 f   libvcruntime:risctrnsctrl.obj
 0001:0000ad68       _GetImageBase              000000018000bd68 f   libvcruntime:risctrnsctrl.obj
 0001:0000ad7c       _GetThrowImageBase         000000018000bd7c f   libvcruntime:risctrnsctrl.obj
 0001:0000ad90       _SetImageBase              000000018000bd90 f   libvcruntime:risctrnsctrl.obj
 0001:0000ada8       _SetThrowImageBase         000000018000bda8 f   libvcruntime:risctrnsctrl.obj
 0001:0000adc0       __CxxFrameHandler4         000000018000bdc0 f   libvcruntime:risctrnsctrl.obj
 0001:0000ae90       memcpy_repmovs             000000018000be90 f   libvcruntime:memcpy.obj
 0001:0000aeb0       memcpy                     000000018000beb0 f   libvcruntime:memcpy.obj
 0001:0000aeb0       memmove                    000000018000beb0 f   libvcruntime:memcpy.obj
 0001:0000b678       __vcrt_FlsAlloc            000000018000c678 f   libvcruntime:winapi_downlevel.obj
 0001:0000b6c0       __vcrt_FlsFree             000000018000c6c0 f   libvcruntime:winapi_downlevel.obj
 0001:0000b708       __vcrt_FlsGetValue         000000018000c708 f   libvcruntime:winapi_downlevel.obj
 0001:0000b750       __vcrt_FlsSetValue         000000018000c750 f   libvcruntime:winapi_downlevel.obj
 0001:0000b7a4       __vcrt_InitializeCriticalSectionEx 000000018000c7a4 f   libvcruntime:winapi_downlevel.obj
 0001:0000b808       ?StateFromControlPc@__FrameHandler4@@SAHPEAUFuncInfo4@FH4@@PEAU_xDISPATCHER_CONTEXT@@@Z 000000018000c808 f   libvcruntime:ehstate.obj
 0001:0000b810       ?StateFromIp@__FrameHandler4@@SAHPEAUFuncInfo4@FH4@@PEAU_xDISPATCHER_CONTEXT@@_K@Z 000000018000c810 f   libvcruntime:ehstate.obj
 0001:0000c480       ??$TypeMatchHelper@V__FrameHandler3@@@@YAHPEBU_s_HandlerType@@PEBU_s_CatchableType@@PEBU_s_ThrowInfo@@@Z 000000018000d480 f i libvcruntime:frame.obj
 0001:0000c5c0       ??$TypeMatchHelper@V__FrameHandler4@@@@YAHPEAUHandlerType4@FH4@@PEBU_s_CatchableType@@PEBU_s_ThrowInfo@@@Z 000000018000d5c0 f i libvcruntime:frame.obj
 0001:0000c704       ??$__InternalCxxFrameHandler@V__FrameHandler4@@@@YA?AW4_EXCEPTION_DISPOSITION@@PEAUEHExceptionRecord@@PEA_KPEAU_CONTEXT@@PEAU_xDISPATCHER_CONTEXT@@PEAUFuncInfo4@FH4@@H1E@Z 000000018000d704 f i libvcruntime:frame.obj
 0001:0000c998       ??0HandlerMap4@FH4@@QEAA@PEBUTryBlockMapEntry4@1@_KH@Z 000000018000d998 f i libvcruntime:frame.obj
 0001:0000ca14       ??0TryBlockMap4@FH4@@QEAA@PEBUFuncInfo4@1@_K@Z 000000018000da14 f i libvcruntime:frame.obj
 0001:0000caec       ??0bad_exception@std@@QEAA@AEBV01@@Z 000000018000daec f i libvcruntime:frame.obj
 0001:0000cb28       ??0bad_exception@std@@QEAA@XZ 000000018000db28 f i libvcruntime:frame.obj
 0001:0000cb48       ??0exception@std@@QEAA@AEBV01@@Z 000000018000db48 f i libvcruntime:frame.obj
 0001:0000cb7c       ??1bad_exception@std@@UEAA@XZ 000000018000db7c f i libvcruntime:frame.obj
 0001:0000cb90       ??_Eexception@std@@UEAAPEAXI@Z 000000018000db90 f i libvcruntime:frame.obj
 0001:0000cb90       ??_Gexception@std@@UEAAPEAXI@Z 000000018000db90 f i libvcruntime:frame.obj
 0001:0000cb90       ??_Ebad_exception@std@@UEAAPEAXI@Z 000000018000db90 f i libvcruntime:frame.obj
 0001:0000cb90       ??_Gbad_exception@std@@UEAAPEAXI@Z 000000018000db90 f i libvcruntime:frame.obj
 0001:0000cbd4       ?CxxCallCatchBlock@__FrameHandler4@@SAPEAXPEAU_EXCEPTION_RECORD@@@Z 000000018000dbd4 f   libvcruntime:frame.obj
 0001:0000ce24       ?DecompHandler@HandlerMap4@FH4@@AEAAXXZ 000000018000de24 f i libvcruntime:frame.obj
 0001:0000d064       ?FrameUnwindToState@__FrameHandler4@@SAXPEA_KPEAU_xDISPATCHER_CONTEXT@@PEAUFuncInfo4@FH4@@H@Z 000000018000e064 f   libvcruntime:frame.obj
 0001:0000d4c4       ?ReadEntry@UWMap4@FH4@@AEAAXPEAPEAE@Z 000000018000e4c4 f i libvcruntime:frame.obj
 0001:0000d564       ?_CallMemberFunction1@@YAXQEAX00@Z 000000018000e564 f i libvcruntime:frame.obj
 0001:0000d570       ?_CallMemberFunction2@@YAXQEAX00H@Z 000000018000e570 f i libvcruntime:frame.obj
 0001:0000d580       ?getStartStop@UWMap4@FH4@@QEAAXHHAEAViterator@12@0@Z 000000018000e580 f i libvcruntime:frame.obj
 0001:0000d650       ?getStateFromIterators@UWMap4@FH4@@SAHAEBViterator@12@H0H0@Z 000000018000e650 f i libvcruntime:frame.obj
 0001:0000d718       ?what@exception@std@@UEBAPEBDXZ 000000018000e718 f i libvcruntime:frame.obj
 0001:0000d740       _CallSettingFrame          000000018000e740 f   libvcruntime:handlers.obj
 0001:0000d790       _CallSettingFrame_LookupContinuationIndex 000000018000e790 f   libvcruntime:handlers.obj
 0001:0000d7c0       _CallSettingFrame_NotifyContinuationAddr 000000018000e7c0 f   libvcruntime:handlers.obj
 0001:0000d7f0       _CallSettingFrameEncoded   000000018000e7f0 f   libvcruntime:handlers.obj
 0001:0000d838       __std_exception_copy       000000018000e838 f   libvcruntime:std_exception.obj
 0001:0000d8c8       __std_exception_destroy    000000018000e8c8 f   libvcruntime:std_exception.obj
 0001:0000d8f0       _CxxThrowException         000000018000e8f0 f   libvcruntime:throw.obj
 0001:0000d990       free                       000000018000e990 f   libucrt:free.obj
 0001:0000d9a4       _initterm                  000000018000e9a4 f   libucrt:initterm.obj
 0001:0000da08       _initterm_e                000000018000ea08 f   libucrt:initterm.obj
 0001:0000da48       _seh_filter_dll            000000018000ea48 f   libucrt:exception_filter.obj
 0001:0000da5c       _seh_filter_exe            000000018000ea5c f   libucrt:exception_filter.obj
 0001:0000de4c       __acrt_initialize_thread_local_exit_callback 000000018000ee4c f   libucrt:exit.obj
 0001:0000de54       _cexit                     000000018000ee54 f   libucrt:exit.obj
 0001:0000de64       _exit                      000000018000ee64 f   libucrt:exit.obj
 0001:0000de70       _is_c_termination_complete 000000018000ee70 f   libucrt:exit.obj
 0001:0000e03c       __acrt_allocate_buffer_for_argv 000000018000f03c f   libucrt:argv_parsing.obj
 0001:0000e09c       _configure_narrow_argv     000000018000f09c f   libucrt:argv_parsing.obj
 0001:0000e414       __dcrt_uninitialize_environments_nolock 000000018000f414 f   libucrt:environment_initialization.obj
 0001:0000e44c       _initialize_narrow_environment 000000018000f44c f   libucrt:environment_initialization.obj
 0001:0000e5a8       _execute_onexit_table      000000018000f5a8 f   libucrt:onexit.obj
 0001:0000e5e4       _initialize_onexit_table   000000018000f5e4 f   libucrt:onexit.obj
 0001:0000e644       __acrt_uninitialize_command_line 000000018000f644 f   libucrt:argv_data.obj
 0001:0000e73c       __acrt_initialize          000000018000f73c f   libucrt:initialization.obj
 0001:0000e750       __acrt_thread_attach       000000018000f750 f   libucrt:initialization.obj
 0001:0000e764       __acrt_thread_detach       000000018000f764 f   libucrt:initialization.obj
 0001:0000e774       __acrt_uninitialize        000000018000f774 f   libucrt:initialization.obj
 0001:0000e7ac       __acrt_uninitialize_critical 000000018000f7ac f   libucrt:initialization.obj
 0001:0000e7bc       terminate                  000000018000f7bc f   libucrt:terminate.obj
 0001:0000e7dc       abort                      000000018000f7dc f   libucrt:abort.obj
 0001:0000e834       malloc                     000000018000f834 f   libucrt:malloc.obj
 0001:0000e83c       strcpy_s                   000000018000f83c f   libucrt:strcpy_s.obj
 0001:0000ea68       ??$ensure_buffer_is_big_enough@D@formatting_buffer@__crt_stdio_output@@QEAA_N_K@Z 000000018000fa68 f i libucrt:output.obj
 0001:0000eb10       ??$type_case_integer_parse_into_buffer@I@?$output_processor@DV?$string_output_adapter@D@__crt_stdio_output@@V?$format_validation_base@DV?$string_output_adapter@D@__crt_stdio_output@@@2@@__crt_stdio_output@@AEAAXII_N@Z 000000018000fb10 f i libucrt:output.obj
 0001:0000eb98       ??$type_case_integer_parse_into_buffer@_K@?$output_processor@DV?$string_output_adapter@D@__crt_stdio_output@@V?$format_validation_base@DV?$string_output_adapter@D@__crt_stdio_output@@@2@@__crt_stdio_output@@AEAAX_KI_N@Z 000000018000fb98 f i libucrt:output.obj
 0001:0000ec28       ??$write_multiple_characters@V?$string_output_adapter@D@__crt_stdio_output@@D@__crt_stdio_output@@YAXAEBV?$string_output_adapter@D@0@DHQEAH@Z 000000018000fc28 f i libucrt:output.obj
 0001:0000eca0       ??0_LocaleUpdate@@QEAA@QEAU__crt_locale_pointers@@@Z 000000018000fca0 f i libucrt:output.obj
 0001:0000ed3c       ?crop_zeroes@__crt_stdio_output@@YAXPEADQEAU__crt_locale_pointers@@@Z 000000018000fd3c f i libucrt:output.obj
 0001:0000eda8       ?parse_int_from_format_string@?$output_processor@DV?$string_output_adapter@D@__crt_stdio_output@@V?$format_validation_base@DV?$string_output_adapter@D@__crt_stdio_output@@@2@@__crt_stdio_output@@AEAA_NQEAH@Z 000000018000fda8 f i libucrt:output.obj
 0001:0000ee4c       ?process@?$output_processor@DV?$string_output_adapter@D@__crt_stdio_output@@V?$format_validation_base@DV?$string_output_adapter@D@__crt_stdio_output@@@2@@__crt_stdio_output@@QEAAHXZ 000000018000fe4c f i libucrt:output.obj
 0001:0000f064       ?state_case_normal@?$output_processor@DV?$string_output_adapter@D@__crt_stdio_output@@V?$format_validation_base@DV?$string_output_adapter@D@__crt_stdio_output@@@2@@__crt_stdio_output@@AEAA_NXZ 0000000180010064 f i libucrt:output.obj
 0001:0000f0d8       ?state_case_normal_tchar@?$output_processor@DV?$string_output_adapter@D@__crt_stdio_output@@V?$format_validation_base@DV?$string_output_adapter@D@__crt_stdio_output@@@2@@__crt_stdio_output@@AEAA_ND@Z 00000001800100d8 f i libucrt:output.obj
 0001:0000f180       ?state_case_size@?$output_processor@DV?$string_output_adapter@D@__crt_stdio_output@@V?$format_validation_base@DV?$string_output_adapter@D@__crt_stdio_output@@@2@@__crt_stdio_output@@AEAA_NXZ 0000000180010180 f i libucrt:output.obj
 0001:0000f2f4       ?state_case_type@?$output_processor@DV?$string_output_adapter@D@__crt_stdio_output@@V?$format_validation_base@DV?$string_output_adapter@D@__crt_stdio_output@@@2@@__crt_stdio_output@@AEAA_NXZ 00000001800102f4 f i libucrt:output.obj
 0001:0000f55c       ?type_case_Z@?$output_processor@DV?$string_output_adapter@D@__crt_stdio_output@@V?$format_validation_base@DV?$string_output_adapter@D@__crt_stdio_output@@@2@@__crt_stdio_output@@AEAA_NXZ 000000018001055c f i libucrt:output.obj
 0001:0000f5d0       ?type_case_a@?$output_processor@DV?$string_output_adapter@D@__crt_stdio_output@@V?$format_validation_base@DV?$string_output_adapter@D@__crt_stdio_output@@@2@@__crt_stdio_output@@AEAA_NXZ 00000001800105d0 f i libucrt:output.obj
 0001:0000f7e8       ?type_case_c_tchar@?$output_processor@DV?$string_output_adapter@D@__crt_stdio_output@@V?$format_validation_base@DV?$string_output_adapter@D@__crt_stdio_output@@@2@@__crt_stdio_output@@AEAA_ND@Z 00000001800107e8 f i libucrt:output.obj
 0001:0000f8a4       ?type_case_integer@?$output_processor@DV?$string_output_adapter@D@__crt_stdio_output@@V?$format_validation_base@DV?$string_output_adapter@D@__crt_stdio_output@@@2@@__crt_stdio_output@@AEAA_NI_N@Z 00000001800108a4 f i libucrt:output.obj
 0001:0000fa6c       ?type_case_n@?$output_processor@DV?$string_output_adapter@D@__crt_stdio_output@@V?$format_validation_base@DV?$string_output_adapter@D@__crt_stdio_output@@@2@@__crt_stdio_output@@AEAA_NXZ 0000000180010a6c f i libucrt:output.obj
 0001:0000fb48       ?type_case_s@?$output_processor@DV?$string_output_adapter@D@__crt_stdio_output@@V?$format_validation_base@DV?$string_output_adapter@D@__crt_stdio_output@@@2@@__crt_stdio_output@@AEAA_NXZ 0000000180010b48 f i libucrt:output.obj
 0001:0000fbe0       ?write_stored_string_tchar@?$output_processor@DV?$string_output_adapter@D@__crt_stdio_output@@V?$format_validation_base@DV?$string_output_adapter@D@__crt_stdio_output@@@2@@__crt_stdio_output@@AEAA_ND@Z 0000000180010be0 f i libucrt:output.obj
 0001:0000fcb8       ?write_string@?$string_output_adapter@D@__crt_stdio_output@@QEBAXQEBDHQEAHAEAV__crt_deferred_errno_cache@@@Z 0000000180010cb8 f i libucrt:output.obj
 0001:0000fd5c       __stdio_common_vsprintf_s  0000000180010d5c f   libucrt:output.obj
 0001:0000fdc0       ??$parse_integer@KV?$c_string_character_source@D@__crt_strtox@@@__crt_strtox@@YAKQEAU__crt_locale_pointers@@V?$c_string_character_source@D@0@H_N@Z 0000000180010dc0 f i libucrt:atox.obj
 0001:000100c8       _ischartype_l              00000001800110c8 f i libucrt:atox.obj
 0001:00010140       atol                       0000000180011140 f   libucrt:atox.obj
 0001:00010180       strncmp                    0000000180011180 f   libucrt:strncmp.obj
 0001:00010200       calloc                     0000000180011200 f   libucrt:calloc.obj
 0001:00010208       wcsncmp                    0000000180011208 f   libucrt:wcsncmp.obj
 0001:00010234       _free_base                 0000000180011234 f   libucrt:free_base.obj
 0001:000105ec       __acrt_freeptd             00000001800115ec f   libucrt:per_thread_data.obj
 0001:00010630       __acrt_getptd              0000000180011630 f   libucrt:per_thread_data.obj
 0001:00010704       __acrt_getptd_head         0000000180011704 f   libucrt:per_thread_data.obj
 0001:000107ac       __acrt_getptd_noexit       00000001800117ac f   libucrt:per_thread_data.obj
 0001:00010878       __acrt_initialize_ptd      0000000180011878 f   libucrt:per_thread_data.obj
 0001:000108b4       __acrt_uninitialize_ptd    00000001800118b4 f   libucrt:per_thread_data.obj
 0001:000108d8       __acrt_initialize_locks    00000001800118d8 f   libucrt:locks.obj
 0001:00010920       __acrt_lock                0000000180011920 f   libucrt:locks.obj
 0001:0001093c       __acrt_uninitialize_locks  000000018001193c f   libucrt:locks.obj
 0001:00010974       __acrt_unlock              0000000180011974 f   libucrt:locks.obj
 0001:00010990       __acrt_get_process_end_policy 0000000180011990 f   libucrt:win_policies.obj
 0001:000109cc       __acrt_call_reportfault    00000001800119cc f   libucrt:invalid_parameter.obj
 0001:00010b28       __acrt_initialize_invalid_parameter_handler 0000000180011b28 f   libucrt:invalid_parameter.obj
 0001:00010b30       _invalid_parameter         0000000180011b30 f   libucrt:invalid_parameter.obj
 0001:00010be0       _invalid_parameter_noinfo  0000000180011be0 f   libucrt:invalid_parameter.obj
 0001:00010c00       _invoke_watson             0000000180011c00 f   libucrt:invalid_parameter.obj
 0001:00010c48       __acrt_errno_from_os_error 0000000180011c48 f   libucrt:errno.obj
 0001:00010c90       __acrt_errno_map_os_error  0000000180011c90 f   libucrt:errno.obj
 0001:00010ce0       __doserrno                 0000000180011ce0 f   libucrt:errno.obj
 0001:00010d00       _errno                     0000000180011d00 f   libucrt:errno.obj
 0001:00010d20       _calloc_base               0000000180011d20 f   libucrt:calloc_base.obj
 0001:00010dac       ??$__acrt_mbs_to_wcs_cp@U__crt_win32_buffer_internal_dynamic_resizing@@@@YAHQEBDAEAV?$__crt_win32_buffer@_WU__crt_win32_buffer_internal_dynamic_resizing@@@@I@Z 0000000180011dac f i libucrt:argv_wildcards.obj
 0001:00010f24       ??$__acrt_wcs_to_mbs_cp@U__crt_win32_buffer_internal_dynamic_resizing@@@@YAHQEB_WAEAV?$__crt_win32_buffer@DU__crt_win32_buffer_internal_dynamic_resizing@@@@I@Z 0000000180011f24 f i libucrt:argv_wildcards.obj
 0001:00011754       __acrt_expand_narrow_argv_wildcards 0000000180012754 f   libucrt:argv_wildcards.obj
 0001:0001175c       ??$__acrt_wcs_to_mbs_cp@U__crt_win32_buffer_no_resizing@@@@YAHQEB_WAEAV?$__crt_win32_buffer@DU__crt_win32_buffer_no_resizing@@@@I@Z 000000018001275c f i libucrt:getmodulefilenamea.obj
 0001:00011870       __acrt_GetModuleFileNameA  0000000180012870 f   libucrt:getmodulefilenamea.obj
 0001:000120bc       __acrt_initialize_multibyte 00000001800130bc f   libucrt:mbctype.obj
 0001:0001211c       __acrt_update_thread_multibyte_data 000000018001311c f   libucrt:mbctype.obj
 0001:00012138       _setmbcp_nolock            0000000180013138 f   libucrt:mbctype.obj
 0001:0001246c       _ismbblead                 000000018001346c f   libucrt:ismbbyte.obj
 0001:00012480       __acrt_initialize_command_line 0000000180013480 f   libucrt:argv_data.obj
 0001:000124a8       __acrt_MultiByteToWideChar 00000001800134a8 f   libucrt:multibytetowidechar.obj
 0001:00012504       __acrt_WideCharToMultiByte 0000000180013504 f   libucrt:widechartomultibyte.obj
 0001:0001259c       __dcrt_get_narrow_environment_from_os 000000018001359c f   libucrt:get_environment_from_os.obj
 0001:000126a0       _recalloc_base             00000001800136a0 f   libucrt:recalloc.obj
 0001:00012910       __acrt_AppPolicyGetProcessTerminationMethodInternal 0000000180013910 f   libucrt:winapi_thunks.obj
 0001:00012960       __acrt_AreFileApisANSI     0000000180013960 f   libucrt:winapi_thunks.obj
 0001:0001299c       __acrt_FlsAlloc            000000018001399c f   libucrt:winapi_thunks.obj
 0001:000129e4       __acrt_FlsFree             00000001800139e4 f   libucrt:winapi_thunks.obj
 0001:00012a2c       __acrt_FlsGetValue         0000000180013a2c f   libucrt:winapi_thunks.obj
 0001:00012a74       __acrt_FlsSetValue         0000000180013a74 f   libucrt:winapi_thunks.obj
 0001:00012ac8       __acrt_InitializeCriticalSectionEx 0000000180013ac8 f   libucrt:winapi_thunks.obj
 0001:00012b2c       __acrt_LCMapStringEx       0000000180013b2c f   libucrt:winapi_thunks.obj
 0001:00012c08       __acrt_LocaleNameToLCID    0000000180013c08 f   libucrt:winapi_thunks.obj
 0001:00012c58       __acrt_initialize_winapi_thunks 0000000180013c58 f   libucrt:winapi_thunks.obj
 0001:00012c8c       __acrt_uninitialize_winapi_thunks 0000000180013c8c f   libucrt:winapi_thunks.obj
 0001:00012cd0       __acrt_initialize_heap     0000000180013cd0 f   libucrt:heap_handle.obj
 0001:00012cec       __acrt_uninitialize_heap   0000000180013cec f   libucrt:heap_handle.obj
 0001:00012ef4       __acrt_initialize_lowio    0000000180013ef4 f   libucrt:ioinit.obj
 0001:00012f30       __acrt_uninitialize_lowio  0000000180013f30 f   libucrt:ioinit.obj
 0001:00012f70       __acrt_execute_initializers 0000000180013f70 f   libucrt:shared_initialization.obj
 0001:00012ff0       __acrt_execute_uninitializers 0000000180013ff0 f   libucrt:shared_initialization.obj
 0001:0001302c       __acrt_initialize_new_handler 000000018001402c f   libucrt:new_handler.obj
 0001:00013034       _callnewh                  0000000180014034 f   libucrt:new_handler.obj
 0001:00013064       _query_new_handler         0000000180014064 f   libucrt:new_handler.obj
 0001:000130e0       __acrt_get_sigabrt_handler 00000001800140e0 f   libucrt:signal.obj
 0001:00013110       __acrt_initialize_signal_handlers 0000000180014110 f   libucrt:signal.obj
 0001:00013130       raise                      0000000180014130 f   libucrt:signal.obj
 0001:0001339c       __acrt_has_user_matherr    000000018001439c f   libucrt:matherr.obj
 0001:000133bc       __acrt_initialize_user_matherr 00000001800143bc f   libucrt:matherr.obj
 0001:000133c4       __acrt_invoke_user_matherr 00000001800143c4 f   libucrt:matherr.obj
 0001:000135d0       __acrt_stdio_flush_nolock  00000001800145d0 f   libucrt:fflush.obj
 0001:0001364c       _fflush_nolock             000000018001464c f   libucrt:fflush.obj
 0001:00013698       _flushall                  0000000180014698 f   libucrt:fflush.obj
 0001:000136a0       __acrt_initialize_stdio    00000001800146a0 f   libucrt:_file.obj
 0001:000137c0       __acrt_uninitialize_stdio  00000001800147c0 f   libucrt:_file.obj
 0001:0001381c       _lock_file                 000000018001481c f   libucrt:_file.obj
 0001:00013828       _unlock_file               0000000180014828 f   libucrt:_file.obj
 0001:00013834       _malloc_base               0000000180014834 f   libucrt:malloc_base.obj
 0001:00013894       strtol                     0000000180014894 f   libucrt:strtox.obj
 0001:000138c0       _mbtowc_l                  00000001800148c0 f   libucrt:mbtowc.obj
 0001:00013a40       mbtowc                     0000000180014a40 f   libucrt:mbtowc.obj
 0001:00013a48       _wctomb_s_l                0000000180014a48 f   libucrt:wctomb.obj
 0001:00013be4       wctomb_s                   0000000180014be4 f   libucrt:wctomb.obj
 0001:00013bf8       strnlen                    0000000180014bf8 f   libucrt:strnlen.obj
 0001:00013d48       wcsnlen                    0000000180014d48 f   libucrt:strnlen.obj
 0001:00013f20       __acrt_update_locale_info  0000000180014f20 f   libucrt:locale_update.obj
 0001:00013f54       __acrt_update_multibyte_info 0000000180014f54 f   libucrt:locale_update.obj
 0001:00014820       __acrt_fp_format           0000000180015820 f   libucrt:cvt.obj
 0001:00014b24       _fileno                    0000000180015b24 f   libucrt:fileno.obj
 0001:00014b4c       _get_printf_count_output   0000000180015b4c f   libucrt:printf_count_output.obj
 0001:00014bd4       __acrt_set_locale_changed  0000000180015bd4 f   libucrt:wsetlocale.obj
 0001:00014be0       __acrt_uninitialize_locale 0000000180015be0 f   libucrt:wsetlocale.obj
 0001:00014c10       __pctype_func              0000000180015c10 f   libucrt:ctype.obj
 0001:00014c40       _isctype_l                 0000000180015c40 f   libucrt:isctype.obj
 0001:00014d48       __acrt_add_locale_ref      0000000180015d48 f   libucrt:locale_refcounting.obj
 0001:00014dd4       __acrt_free_locale         0000000180015dd4 f   libucrt:locale_refcounting.obj
 0001:00014f4c       __acrt_locale_add_lc_time_reference 0000000180015f4c f   libucrt:locale_refcounting.obj
 0001:00014f74       __acrt_locale_free_lc_time_if_unreferenced 0000000180015f74 f   libucrt:locale_refcounting.obj
 0001:00014fac       __acrt_locale_release_lc_time_reference 0000000180015fac f   libucrt:locale_refcounting.obj
 0001:00014fd4       __acrt_release_locale_ref  0000000180015fd4 f   libucrt:locale_refcounting.obj
 0001:0001507c       __acrt_update_thread_locale_data 000000018001607c f   libucrt:locale_refcounting.obj
 0001:000150e8       _updatetlocinfoEx_nolock   00000001800160e8 f   libucrt:locale_refcounting.obj
 0001:00015150       _query_new_mode            0000000180016150 f   libucrt:new_mode.obj
 0001:00015160       qsort                      0000000180016160 f   libucrt:qsort.obj
 0001:00015510       strncpy_s                  0000000180016510 f   libucrt:strncpy_s.obj
 0001:00015690       strpbrk                    0000000180016690 f   libucrt:strpbrk.obj
 0001:00015a70       _mbsdec                    0000000180016a70 f   libucrt:mbsdec.obj
 0001:00015a78       _mbsdec_l                  0000000180016a78 f   libucrt:mbsdec.obj
 0001:00015b0c       __acrt_GetStringTypeA      0000000180016b0c f   libucrt:getstringtypea.obj
 0001:00015fb4       __acrt_LCMapStringA        0000000180016fb4 f   libucrt:lcmapstringa.obj
 0001:00016064       _msize_base                0000000180017064 f   libucrt:msize.obj
 0001:000160a0       _realloc_base              00000001800170a0 f   libucrt:realloc_base.obj
 0001:0001611c       __acrt_DownlevelLocaleNameToLCID 000000018001711c f   libucrt:lcidtoname_downlevel.obj
 0001:000161cc       __acrt_lowio_create_handle_array 00000001800171cc f   libucrt:osfinfo.obj
 0001:00016274       __acrt_lowio_destroy_handle_array 0000000180017274 f   libucrt:osfinfo.obj
 0001:000162c4       __acrt_lowio_ensure_fh_exists 00000001800172c4 f   libucrt:osfinfo.obj
 0001:0001636c       __acrt_lowio_lock_fh       000000018001736c f   libucrt:osfinfo.obj
 0001:00016394       __acrt_lowio_unlock_fh     0000000180017394 f   libucrt:osfinfo.obj
 0001:000163bc       _free_osfhnd               00000001800173bc f   libucrt:osfinfo.obj
 0001:00016478       _get_osfhandle             0000000180017478 f   libucrt:osfinfo.obj
 0001:0001657c       _commit                    000000018001757c f   libucrt:commit.obj
 0001:00016e70       _write                     0000000180017e70 f   libucrt:write.obj
 0001:00016f5c       _write_nolock              0000000180017f5c f   libucrt:write.obj
 0001:00017238       _fcloseall                 0000000180018238 f   libucrt:closeall.obj
 0001:000172ec       __acrt_stdio_free_buffer_nolock 00000001800182ec f   libucrt:_freebuf.obj
 0001:0001732c       _isatty                    000000018001832c f   libucrt:isatty.obj
 0001:0001738c       _isleadbyte_l              000000018001838c f i libucrt:_wctype.obj
 0001:000173d8       ?__mbrtowc_utf8@__crt_mbstring@@YA_KPEA_WPEBD_KPEAU_Mbstatet@@@Z 00000001800183d8 f   libucrt:mbrtowc.obj
 0001:00017414       ?__mbsrtowcs_utf8@__crt_mbstring@@YA_KPEA_WPEAPEBD_KPEAU_Mbstatet@@@Z 0000000180018414 f   libucrt:mbrtowc.obj
 0001:0001758c       ?__c32rtomb_utf8@__crt_mbstring@@YA_KPEAD_UPEAU_Mbstatet@@@Z 000000018001858c f   libucrt:c32rtomb.obj
 0001:00017640       __acrt_fp_strflt_to_string 0000000180018640 f   libucrt:_fptostr.obj
 0001:00017730       ?divide@__crt_strtox@@YA_KAEAUbig_integer@1@AEBU21@@Z 0000000180018730 f i libucrt:cfout.obj
 0001:00017b5c       __acrt_fltout              0000000180018b5c f   libucrt:cfout.obj
 0001:00018e18       __acrt_locale_free_monetary 0000000180019e18 f   libucrt:initmon.obj
 0001:00018f24       __acrt_locale_free_numeric 0000000180019f24 f   libucrt:initnum.obj
 0001:00018fe8       __acrt_locale_free_time    0000000180019fe8 f   libucrt:inittime.obj
 0001:000190f0       __strncnt                  000000018001a0f0 f   libucrt:strncnt.obj
 0001:00019108       __ascii_wcsnicmp           000000018001a108 f   libucrt:wcsnicmp.obj
 0001:00019154       _query_app_type            000000018001a154 f   libucrt:report_runtime_error.obj
 0001:000191f8       _lseeki64_nolock           000000018001a1f8 f   libucrt:lseek.obj
 0001:00019200       _putwch_nolock             000000018001a200 f   libucrt:putwch.obj
 0001:0001923c       _fclose_nolock             000000018001a23c f   libucrt:fclose.obj
 0001:000192c0       fclose                     000000018001a2c0 f   libucrt:fclose.obj
 0001:00019324       ?__mbrtoc32_utf8@__crt_mbstring@@YA_KPEA_UPEBD_KPEAU_Mbstatet@@@Z 000000018001a324 f   libucrt:mbrtoc32.obj
 0001:00019500       fegetenv                   000000018001a500 f   libucrt:fegetenv.obj
 0001:00019520       fesetenv                   000000018001a520 f   libucrt:fesetenv.obj
 0001:0001956c       feholdexcept               000000018001a56c f   libucrt:feholdexcept.obj
 0001:000195bc       ceil                       000000018001a5bc f   libucrt:ceil.obj
 0001:00019680       log10                      000000018001a680 f   libucrt:log10.obj
 0001:00019c2c       __dcrt_lowio_ensure_console_output_initialized 000000018001ac2c f   libucrt:initcon.obj
 0001:00019c80       __dcrt_terminate_console_output 000000018001ac80 f   libucrt:initcon.obj
 0001:00019c9c       __dcrt_write_console       000000018001ac9c f   libucrt:initcon.obj
 0001:00019dd0       _close                     000000018001add0 f   libucrt:close.obj
 0001:00019e74       _close_nolock              000000018001ae74 f   libucrt:close.obj
 0001:00019f34       ?__acrt_stdio_free_stream@@YAXV__crt_stdio_stream@@@Z 000000018001af34 f   libucrt:stream.obj
 0001:00019f50       __acrt_fenv_get_control    000000018001af50 f   libucrt:_fenvutils.obj
 0001:0001a044       __acrt_fenv_get_status     000000018001b044 f   libucrt:_fenvutils.obj
 0001:0001a098       __acrt_fenv_set_control    000000018001b098 f   libucrt:_fenvutils.obj
 0001:0001a1e0       __acrt_fenv_set_status     000000018001b1e0 f   libucrt:_fenvutils.obj
 0001:0001a264       _clearfp                   000000018001b264 f   libucrt:ieee.obj
 0001:0001a3f8       _handle_error              000000018001b3f8 f   libucrt:libm_error.obj
 0001:0001a520       _handle_nan                000000018001b520 f   libucrt:libm_error.obj
 0001:0001a540       __acrt_initialize_fma3     000000018001b540 f   libucrt:fma3_available.obj
 0001:0001a5b0       _log10_special             000000018001b5b0 f   libucrt:log_special.obj
 0001:0001a680       _get_fpsr                  000000018001b680 f   libucrt:fpsr.obj
 0001:0001a690       _set_fpsr                  000000018001b690 f   libucrt:fpsr.obj
 0001:0001a69a       _fclrf                     000000018001b69a f   libucrt:fpsr.obj
 0001:0001a6ae       _frnd                      000000018001b6ae f   libucrt:fpsr.obj
 0001:0001a6d0       _raise_exc                 000000018001b6d0 f   libucrt:fpexcept.obj
 0001:0001a6f8       _raise_exc_ex              000000018001b6f8 f   libucrt:fpexcept.obj
 0001:0001aa08       _set_errno_from_matherr    000000018001ba08 f   libucrt:fpexcept.obj
 0001:0001aa38       _clrfp                     000000018001ba38 f   libucrt:fpctrl.obj
 0001:0001aa58       _ctrlfp                    000000018001ba58 f   libucrt:fpctrl.obj
 0001:0001aad4       _set_statfp                000000018001bad4 f   libucrt:fpctrl.obj
 0001:0001aaf4       _statfp                    000000018001baf4 f   libucrt:fpctrl.obj
 0001:0001ab10       _FindPESection             000000018001bb10 f   LIBCMT:pesect.obj
 0001:0001ab60       _IsNonwritableInCurrentImage 000000018001bb60 f   LIBCMT:pesect.obj
 0001:0001abb0       _ValidateImageBase         000000018001bbb0 f   LIBCMT:pesect.obj
 0001:0001abe0       __GSHandlerCheck           000000018001bbe0 f   LIBCMT:gshandler.obj
 0001:0001ac00       __GSHandlerCheckCommon     000000018001bc00 f   LIBCMT:gshandler.obj
 0001:0001ac70       __security_check_cookie    000000018001bc70 f   LIBCMT:amdsecgs.obj
 0001:0001ac90       __GSHandlerCheck_SEH       000000018001bc90 f   LIBCMT:gshandlerseh.obj
 0001:0001ad18       __raise_securityfailure    000000018001bd18 f   LIBCMT:gs_report.obj
 0001:0001ad4c       __report_gsfailure         000000018001bd4c f   LIBCMT:gs_report.obj
 0001:0001ae20       __report_rangecheckfailure 000000018001be20 f   LIBCMT:gs_report.obj
 0001:0001ae34       __report_securityfailure   000000018001be34 f   LIBCMT:gs_report.obj
 0001:0001afd0       _alloca_probe              000000018001bfd0 f   LIBCMT:chkstk.obj
 0001:0001afd0       __chkstk                   000000018001bfd0 f   LIBCMT:chkstk.obj
 0001:0001b020       strrchr                    000000018001c020 f   libvcruntime:strrchr.obj
 0001:0001b160       memcmp                     000000018001c160 f   libvcruntime:memcmp.obj
 0001:0001b240       _guard_dispatch_icall_nop  000000018001c240 f   LIBCMT:guard_dispatch.obj
 0001:0001b260       _guard_xfg_dispatch_icall_nop 000000018001c260 f   LIBCMT:guard_xfg_dispatch.obj
 0002:00000000       __imp_LoadLibraryA         000000018001d000     kernel32:KERNEL32.dll
 0002:00000008       __imp_WriteConsoleW        000000018001d008     kernel32:KERNEL32.dll
 0002:00000010       __imp_RaiseException       000000018001d010     kernel32:KERNEL32.dll
 0002:00000018       __imp_GetLastError         000000018001d018     kernel32:KERNEL32.dll
 0002:00000020       __imp_GetSystemInfo        000000018001d020     kernel32:KERNEL32.dll
 0002:00000028       __imp_VirtualProtect       000000018001d028     kernel32:KERNEL32.dll
 0002:00000030       __imp_VirtualQuery         000000018001d030     kernel32:KERNEL32.dll
 0002:00000038       __imp_FreeLibrary          000000018001d038     kernel32:KERNEL32.dll
 0002:00000040       __imp_GetModuleHandleW     000000018001d040     kernel32:KERNEL32.dll
 0002:00000048       __imp_GetProcAddress       000000018001d048     kernel32:KERNEL32.dll
 0002:00000050       __imp_LoadLibraryExA       000000018001d050     kernel32:KERNEL32.dll
 0002:00000058       __imp_InitializeSListHead  000000018001d058     kernel32:KERNEL32.dll
 0002:00000060       __imp_QueryPerformanceCounter 000000018001d060     kernel32:KERNEL32.dll
 0002:00000068       __imp_GetCurrentProcessId  000000018001d068     kernel32:KERNEL32.dll
 0002:00000070       __imp_GetCurrentThreadId   000000018001d070     kernel32:KERNEL32.dll
 0002:00000078       __imp_GetSystemTimeAsFileTime 000000018001d078     kernel32:KERNEL32.dll
 0002:00000080       __imp_RtlCaptureContext    000000018001d080     kernel32:KERNEL32.dll
 0002:00000088       __imp_RtlLookupFunctionEntry 000000018001d088     kernel32:KERNEL32.dll
 0002:00000090       __imp_RtlVirtualUnwind     000000018001d090     kernel32:KERNEL32.dll
 0002:00000098       __imp_IsDebuggerPresent    000000018001d098     kernel32:KERNEL32.dll
 0002:000000a0       __imp_UnhandledExceptionFilter 000000018001d0a0     kernel32:KERNEL32.dll
 0002:000000a8       __imp_SetUnhandledExceptionFilter 000000018001d0a8     kernel32:KERNEL32.dll
 0002:000000b0       __imp_GetStartupInfoW      000000018001d0b0     kernel32:KERNEL32.dll
 0002:000000b8       __imp_IsProcessorFeaturePresent 000000018001d0b8     kernel32:KERNEL32.dll
 0002:000000c0       __imp_InterlockedPushEntrySList 000000018001d0c0     kernel32:KERNEL32.dll
 0002:000000c8       __imp_InterlockedFlushSList 000000018001d0c8     kernel32:KERNEL32.dll
 0002:000000d0       __imp_RtlUnwindEx          000000018001d0d0     kernel32:KERNEL32.dll
 0002:000000d8       __imp_SetLastError         000000018001d0d8     kernel32:KERNEL32.dll
 0002:000000e0       __imp_EnterCriticalSection 000000018001d0e0     kernel32:KERNEL32.dll
 0002:000000e8       __imp_LeaveCriticalSection 000000018001d0e8     kernel32:KERNEL32.dll
 0002:000000f0       __imp_DeleteCriticalSection 000000018001d0f0     kernel32:KERNEL32.dll
 0002:000000f8       __imp_InitializeCriticalSectionAndSpinCount 000000018001d0f8     kernel32:KERNEL32.dll
 0002:00000100       __imp_TlsAlloc             000000018001d100     kernel32:KERNEL32.dll
 0002:00000108       __imp_TlsGetValue          000000018001d108     kernel32:KERNEL32.dll
 0002:00000110       __imp_TlsSetValue          000000018001d110     kernel32:KERNEL32.dll
 0002:00000118       __imp_TlsFree              000000018001d118     kernel32:KERNEL32.dll
 0002:00000120       __imp_LoadLibraryExW       000000018001d120     kernel32:KERNEL32.dll
 0002:00000128       __imp_EncodePointer        000000018001d128     kernel32:KERNEL32.dll
 0002:00000130       __imp_RtlPcToFileHeader    000000018001d130     kernel32:KERNEL32.dll
 0002:00000138       __imp_GetCurrentProcess    000000018001d138     kernel32:KERNEL32.dll
 0002:00000140       __imp_ExitProcess          000000018001d140     kernel32:KERNEL32.dll
 0002:00000148       __imp_TerminateProcess     000000018001d148     kernel32:KERNEL32.dll
 0002:00000150       __imp_GetModuleHandleExW   000000018001d150     kernel32:KERNEL32.dll
 0002:00000158       __imp_GetModuleFileNameW   000000018001d158     kernel32:KERNEL32.dll
 0002:00000160       __imp_HeapFree             000000018001d160     kernel32:KERNEL32.dll
 0002:00000168       __imp_HeapAlloc            000000018001d168     kernel32:KERNEL32.dll
 0002:00000170       __imp_FindClose            000000018001d170     kernel32:KERNEL32.dll
 0002:00000178       __imp_FindFirstFileExW     000000018001d178     kernel32:KERNEL32.dll
 0002:00000180       __imp_FindNextFileW        000000018001d180     kernel32:KERNEL32.dll
 0002:00000188       __imp_IsValidCodePage      000000018001d188     kernel32:KERNEL32.dll
 0002:00000190       __imp_GetACP               000000018001d190     kernel32:KERNEL32.dll
 0002:00000198       __imp_GetOEMCP             000000018001d198     kernel32:KERNEL32.dll
 0002:000001a0       __imp_GetCPInfo            000000018001d1a0     kernel32:KERNEL32.dll
 0002:000001a8       __imp_GetCommandLineA      000000018001d1a8     kernel32:KERNEL32.dll
 0002:000001b0       __imp_GetCommandLineW      000000018001d1b0     kernel32:KERNEL32.dll
 0002:000001b8       __imp_MultiByteToWideChar  000000018001d1b8     kernel32:KERNEL32.dll
 0002:000001c0       __imp_WideCharToMultiByte  000000018001d1c0     kernel32:KERNEL32.dll
 0002:000001c8       __imp_GetEnvironmentStringsW 000000018001d1c8     kernel32:KERNEL32.dll
 0002:000001d0       __imp_FreeEnvironmentStringsW 000000018001d1d0     kernel32:KERNEL32.dll
 0002:000001d8       __imp_LCMapStringW         000000018001d1d8     kernel32:KERNEL32.dll
 0002:000001e0       __imp_GetProcessHeap       000000018001d1e0     kernel32:KERNEL32.dll
 0002:000001e8       __imp_GetStdHandle         000000018001d1e8     kernel32:KERNEL32.dll
 0002:000001f0       __imp_GetFileType          000000018001d1f0     kernel32:KERNEL32.dll
 0002:000001f8       __imp_GetStringTypeW       000000018001d1f8     kernel32:KERNEL32.dll
 0002:00000200       __imp_HeapSize             000000018001d200     kernel32:KERNEL32.dll
 0002:00000208       __imp_HeapReAlloc          000000018001d208     kernel32:KERNEL32.dll
 0002:00000210       __imp_SetStdHandle         000000018001d210     kernel32:KERNEL32.dll
 0002:00000218       __imp_FlushFileBuffers     000000018001d218     kernel32:KERNEL32.dll
 0002:00000220       __imp_WriteFile            000000018001d220     kernel32:KERNEL32.dll
 0002:00000228       __imp_GetConsoleCP         000000018001d228     kernel32:KERNEL32.dll
 0002:00000230       __imp_GetConsoleMode       000000018001d230     kernel32:KERNEL32.dll
 0002:00000238       __imp_SetFilePointerEx     000000018001d238     kernel32:KERNEL32.dll
 0002:00000240       __imp_CreateFileW          000000018001d240     kernel32:KERNEL32.dll
 0002:00000248       __imp_CloseHandle          000000018001d248     kernel32:KERNEL32.dll
 0002:00000250       \177KERNEL32_NULL_THUNK_DATA 000000018001d250     kernel32:KERNEL32.dll
 0002:00000258       __guard_check_icall_fptr   000000018001d258     LIBCMT:guard_support.obj
 0002:00000260       __guard_xfg_check_icall_fptr 000000018001d260     LIBCMT:guard_support.obj
 0002:00000268       __guard_dispatch_icall_fptr 000000018001d268     LIBCMT:guard_support.obj
 0002:00000270       __guard_xfg_dispatch_icall_fptr 000000018001d270     LIBCMT:guard_support.obj
 0002:00000278       __guard_xfg_table_dispatch_icall_fptr 000000018001d278     LIBCMT:guard_support.obj
 0002:00000280       __xc_a                     000000018001d280     LIBCMT:initializers.obj
 0002:000002b8       __xc_z                     000000018001d2b8     LIBCMT:initializers.obj
 0002:000002c0       __xi_a                     000000018001d2c0     LIBCMT:initializers.obj
 0002:000002c8       __acrt_multibyte_initializer 000000018001d2c8     libucrt:multibyte_initializer.obj
 0002:000002d0       __acrt_stdio_initializer   000000018001d2d0     libucrt:stdio_initializer.obj
 0002:000002d8       __acrt_tran_fma3_initializer 000000018001d2d8     libucrt:fma3_initializer.obj
 0002:000002e0       __xi_z                     000000018001d2e0     LIBCMT:initializers.obj
 0002:000002e8       __xp_a                     000000018001d2e8     LIBCMT:initializers.obj
 0002:000002f0       __acrt_locale_terminator   000000018001d2f0     libucrt:locale_initializer.obj
 0002:000002f8       __dcrt_console_output_terminator 000000018001d2f8     libucrt:console_output_initializer.obj
 0002:00000300       __acrt_stdio_terminator    000000018001d300     libucrt:stdio_initializer.obj
 0002:00000308       __xp_z                     000000018001d308     LIBCMT:initializers.obj
 0002:00000310       __xt_a                     000000018001d310     LIBCMT:initializers.obj
 0002:00000318       __xt_z                     000000018001d318     LIBCMT:initializers.obj
 0002:00000340       ??_7PxFoundation@physx@@6B@ 000000018001d340     Cooking.obj
 0002:000003b0       ??_C@_0EA@COEOFKIE@D?3?2Coding?2physx?2PhysX?2physx?2sou@ 000000018001d3b0     Cooking.obj
 0002:000003f0       ??_C@_0DJ@CCGDCLJG@D?3?2Coding?2physx?2PhysX?2physx?2inc@ 000000018001d3f0     Cooking.obj
 0002:00000430       ??_C@_0BM@OIFKLHDN@?$DMallocation?5names?5disabled?$DO@ 000000018001d430     Cooking.obj
 0002:00000450       __xmm@000000003a83126f3a83126f3a83126f 000000018001d450     Cooking.obj
 0002:00000460       __xmm@00000000ba83126fba83126fba83126f 000000018001d460     Cooking.obj
 0002:00000470       __xmm@3a83126f3a83126f3a83126f3a83126f 000000018001d470     Cooking.obj
 0002:00000480       __xmm@ba83126fba83126fba83126fba83126f 000000018001d480     Cooking.obj
 0002:00000490       ??_C@_0BA@EGLNOO@PhysXFoundation@ 000000018001d490     WindowsCookingDelayLoadHook.obj
 0002:000004a0       ??_C@_0M@ILKNCJKN@PhysXCommon@ 000000018001d4a0     WindowsCookingDelayLoadHook.obj
 0002:000004b0       __sz_PhysXCommon_64_dll    000000018001d4b0     PhysXCommon_64:PhysXCommon_64.dll
 0002:000004d0       __sz_PhysXFoundation_64_dll 000000018001d4d0     PhysXFoundation_64:PhysXFoundation_64.dll
 0002:000004e8       ??_C@_1BK@DBDEIDLH@?$AAK?$AAE?$AAR?$AAN?$AAE?$AAL?$AA3?$AA2?$AA?4?$AAD?$AAL?$AAL@ 000000018001d4e8     Delayimp:delayhlp.obj
 0002:00000508       ??_C@_0BI@OMNLIJDB@AcquireSRWLockExclusive@ 000000018001d508     Delayimp:delayhlp.obj
 0002:00000520       ??_C@_0BI@HMIEPCNJ@ReleaseSRWLockExclusive@ 000000018001d520     Delayimp:delayhlp.obj
 0002:00000538       __pfnDliFailureHook2       000000018001d538     Delayimp:delayhk1.obj
 0002:00000548       ??_7type_info@@6B@         000000018001d548     LIBCMT:std_type_info_static.obj
 0002:00000550       _pDefaultRawDllMain        000000018001d550     LIBCMT:dll_dllmain.obj
 0002:00000550       _pRawDllMain               000000018001d550     LIBCMT:dll_dllmain.obj
 0002:00000560       _load_config_used          000000018001d560     LIBCMT:loadcfg.obj
 0002:000006a0       __xmm@ffffffffffffffffffffffffffffffff 000000018001d6a0     LIBCMT:utility.obj
 0002:000006b0       _pDestructExceptionObject  000000018001d6b0     libvcruntime:ehhelpers.obj
 0002:00000dc0       ??_C@_08EHJDFFNH@__based?$CI@ 000000018001ddc0     libvcruntime:undname.obj
 0002:00000dd0       ??_C@_07KOLFKCDI@__cdecl@  000000018001ddd0     libvcruntime:undname.obj
 0002:00000dd8       ??_C@_08GHMPAG@__pascal@   000000018001ddd8     libvcruntime:undname.obj
 0002:00000de8       ??_C@_09IFJBGAPI@__stdcall@ 000000018001dde8     libvcruntime:undname.obj
 0002:00000df8       ??_C@_0L@NPHFGOKO@__thiscall@ 000000018001ddf8     libvcruntime:undname.obj
 0002:00000e08       ??_C@_0L@JMKHOMEK@__fastcall@ 000000018001de08     libvcruntime:undname.obj
 0002:00000e18       ??_C@_0N@BCKKPABJ@__vectorcall@ 000000018001de18     libvcruntime:undname.obj
 0002:00000e28       ??_C@_09HIJEGCPM@__clrcall@ 000000018001de28     libvcruntime:undname.obj
 0002:00000e34       ??_C@_06GHPCKEAG@__eabi@   000000018001de34     libvcruntime:undname.obj
 0002:00000e40       ??_C@_09IOPIDJLG@__swift_1@ 000000018001de40     libvcruntime:undname.obj
[...]
 0002:0000a32c       $unwind$__acrt_get_sigabrt_handler 000000018002732c     libucrt:signal.obj
 0002:0000a334       $unwind$raise              0000000180027334     libucrt:signal.obj
 0002:0000a370       $unwind$??$?RV<lambda_450d765d439847d4c735a33c368b5fc0>@@AEAV<lambda_44731a7d0e6d81c3e6aa82d741081786>@@V<lambda_601a2a7da3b7a96e9554ac7215c4b07c>@@@?$__crt_seh_guarded_call@P6AXH@Z@@QEAAP6AXH@Z$$QEAV<lambda_450d765d439847d4c735a33c368b5fc0>@@AEAV<lambda_44731a7d0e6d81c3e6aa82d741081786>@@$$QEAV<lambda_601a2a7da3b7a96e9554ac7215c4b07c>@@@Z 0000000180027370     libucrt:signal.obj
 0002:0000a394       $unwind$?common_flush_all@@YAH_N@Z 0000000180027394     libucrt:fflush.obj
 0002:0000a39c       $unwind$??$?RV<lambda_842d9ff0dc9ef11c61343bbaebe7f885>@@AEAV<lambda_c5860995281e5c4ce005b3de8f5874ee>@@V<lambda_d90129c13df834fdcbf8d2b88dafcf2d>@@@?$__crt_seh_guarded_call@X@@QEAAX$$QEAV<lambda_842d9ff0dc9ef11c61343bbaebe7f885>@@AEAV<lambda_c5860995281e5c4ce005b3de8f5874ee>@@$$QEAV<lambda_d90129c13df834fdcbf8d2b88dafcf2d>@@@Z 000000018002739c     libucrt:fflush.obj
 0002:0000a3c0       $unwind$??$?RV<lambda_886d6c58226a84441f68b9f2b8217b83>@@AEAV<lambda_ab61a845afdef5b7c387490eaf3616ee>@@V<lambda_f7f22ab5edc0698d5f6905b0d3f44752>@@@?$__crt_seh_guarded_call@X@@QEAAX$$QEAV<lambda_886d6c58226a84441f68b9f2b8217b83>@@AEAV<lambda_ab61a845afdef5b7c387490eaf3616ee>@@$$QEAV<lambda_f7f22ab5edc0698d5f6905b0d3f44752>@@@Z 00000001800273c0     libucrt:fflush.obj
 0002:0000a3e8       $unwind$_wctomb_s_l        00000001800273e8     libucrt:wctomb.obj
 0002:0000a3f8       $unwind$__acrt_fp_format   00000001800273f8     libucrt:cvt.obj
 0002:0000a40c       $unwind$?fp_format_e_internal@@YAHQEAD_KH_NIQEAU_strflt@@2QEAU__crt_locale_pointers@@@Z 000000018002740c     libucrt:cvt.obj
 0002:0000a424       $unwind$?fp_format_a@@YAHQEBNPEAD_KQEAD2H_NIQEAU__crt_locale_pointers@@@Z 0000000180027424     libucrt:cvt.obj
 0002:0000a440       $unwind$?fp_format_g@@YAHQEBNQEAD_K12H_NIQEAU__crt_locale_pointers@@@Z 0000000180027440     libucrt:cvt.obj
 0002:0000a454       $unwind$??$?RV<lambda_410d79af7f07d98d83a3f525b3859a53>@@AEAV<lambda_3e16ef9562a7dcce91392c22ab16ea36>@@V<lambda_38119f0e861e05405d8a144b9b982f0a>@@@?$__crt_seh_guarded_call@X@@QEAAX$$QEAV<lambda_410d79af7f07d98d83a3f525b3859a53>@@AEAV<lambda_3e16ef9562a7dcce91392c22ab16ea36>@@$$QEAV<lambda_38119f0e861e05405d8a144b9b982f0a>@@@Z 0000000180027454     libucrt:wsetlocale.obj
 0002:0000a47c       $unwind$_isctype_l         000000018002747c     libucrt:isctype.obj
 0002:0000a498       $unwind$__acrt_update_thread_locale_data 0000000180027498     libucrt:locale_refcounting.obj
 0002:0000a4bc       $unwind$qsort              00000001800274bc     libucrt:qsort.obj
 0002:0000a4d4       $chain$4$qsort             00000001800274d4     libucrt:qsort.obj
 0002:0000a4f8       $chain$5$qsort             00000001800274f8     libucrt:qsort.obj
 0002:0000a508       $unwind$fallbackMethod     0000000180027508     libucrt:strpbrk.obj
 0002:0000a518       $unwind$__acrt_GetStringTypeA 0000000180027518     libucrt:getstringtypea.obj
 0002:0000a540       $unwind$__acrt_LCMapStringA 0000000180027540     libucrt:lcmapstringa.obj
 0002:0000a550       $unwind$?__acrt_LCMapStringA_stat@@YAHPEAU__crt_locale_pointers@@PEB_WKPEBDHPEADHHH@Z 0000000180027550     libucrt:lcmapstringa.obj
 0002:0000a578       $unwind$__acrt_lowio_destroy_handle_array 0000000180027578     libucrt:osfinfo.obj
 0002:0000a588       $unwind$__acrt_lowio_ensure_fh_exists 0000000180027588     libucrt:osfinfo.obj
 0002:0000a5b4       $unwind$_close             00000001800275b4     libucrt:close.obj
 0002:0000a5b4       $unwind$_commit            00000001800275b4     libucrt:commit.obj
 0002:0000a5bc       $unwind$??$?RV<lambda_a37b2b86f63e897a80ea819b0eb08c01>@@AEAV<lambda_38ce7e780aa69e748d6df282ebc68efe>@@V<lambda_99fb1378e971ab6e7edea83e3a7a83a2>@@@?$__crt_seh_guarded_call@H@@QEAAH$$QEAV<lambda_a37b2b86f63e897a80ea819b0eb08c01>@@AEAV<lambda_38ce7e780aa69e748d6df282ebc68efe>@@$$QEAV<lambda_99fb1378e971ab6e7edea83e3a7a83a2>@@@Z 00000001800275bc     libucrt:commit.obj
 0002:0000a5e0       $unwind$_write             00000001800275e0     libucrt:write.obj
 0002:0000a610       $unwind$_write_nolock      0000000180027610     libucrt:write.obj
 0002:0000a628       $unwind$?write_double_translated_ansi_nolock@@YA?AUwrite_result@?A0x17268360@@HQEBDI@Z 0000000180027628     libucrt:write.obj
 0002:0000a64c       $unwind$?write_text_ansi_nolock@@YA?AUwrite_result@?A0x17268360@@HQEBDI@Z 000000018002764c     libucrt:write.obj
 0002:0000a64c       $unwind$?write_text_utf16le_nolock@@YA?AUwrite_result@?A0x17268360@@HQEBDI@Z 000000018002764c     libucrt:write.obj
 0002:0000a66c       $unwind$?write_text_utf8_nolock@@YA?AUwrite_result@?A0x17268360@@HQEBDI@Z 000000018002766c     libucrt:write.obj
 0002:0000a690       $unwind$_fcloseall         0000000180027690     libucrt:closeall.obj
 0002:0000a6b4       $unwind$?__mbsrtowcs_utf8@__crt_mbstring@@YA_KPEA_WPEAPEBD_KPEAU_Mbstatet@@@Z 00000001800276b4     libucrt:mbrtowc.obj
 0002:0000a6cc       $unwind$__acrt_fltout      00000001800276cc     libucrt:cfout.obj
 0002:0000a6ec       $unwind$?divide@__crt_strtox@@YA_KAEAUbig_integer@1@AEBU21@@Z 00000001800276ec     libucrt:cfout.obj
 0002:0000a704       $chain$0$?divide@__crt_strtox@@YA_KAEAUbig_integer@1@AEBU21@@Z 0000000180027704     libucrt:cfout.obj
 0002:0000a718       $chain$1$?divide@__crt_strtox@@YA_KAEAUbig_integer@1@AEBU21@@Z 0000000180027718     libucrt:cfout.obj
 0002:0000a728       $unwind$__acrt_locale_free_monetary 0000000180027728     libucrt:initmon.obj
 0002:0000a730       $unwind$__acrt_locale_free_time 0000000180027730     libucrt:inittime.obj
 0002:0000a740       $unwind$_putwch_nolock     0000000180027740     libucrt:putwch.obj
 0002:0000a748       $unwind$fclose             0000000180027748     libucrt:fclose.obj
 0002:0000a76c       $unwind$?__mbrtoc32_utf8@__crt_mbstring@@YA_KPEA_UPEBD_KPEAU_Mbstatet@@@Z 000000018002776c     libucrt:mbrtoc32.obj
 0002:0000a788       $xdatasym                  0000000180027788     libucrt:log10.obj
 0002:0000a794       $unwind$??$?RV<lambda_751a882b2c74d4b022dec766aa51a29a>@@AEAV<lambda_628dfdc04ba53c8bfc02c9951375f3f5>@@V<lambda_f6c7be5f7998530c34de24c7437d6b54>@@@?$__crt_seh_guarded_call@H@@QEAAH$$QEAV<lambda_751a882b2c74d4b022dec766aa51a29a>@@AEAV<lambda_628dfdc04ba53c8bfc02c9951375f3f5>@@$$QEAV<lambda_f6c7be5f7998530c34de24c7437d6b54>@@@Z 0000000180027794     libucrt:close.obj
 0002:0000a7b8       $unwind$__acrt_fenv_set_control 00000001800277b8     libucrt:_fenvutils.obj
 0002:0000a7c8       $unwind$_call_matherr      00000001800277c8     libucrt:libm_error.obj
 0002:0000a7d0       $unwind$_handle_error      00000001800277d0     libucrt:libm_error.obj
 0002:0000a7f0       $unwind$__acrt_initialize_fma3 00000001800277f0     libucrt:fma3_available.obj
 0002:0000a7f8       $unwind$_log_special_common 00000001800277f8     libucrt:log_special.obj
 0002:0000a808       $xdatasym                  0000000180027808     libucrt:fpsr.obj
 0002:0000a810       $unwind$_raise_exc_ex      0000000180027810     libucrt:fpexcept.obj
 0002:0000a824       $unwind$_ctrlfp            0000000180027824     libucrt:fpctrl.obj
 0002:0000a84c       $unwind$_IsNonwritableInCurrentImage 000000018002784c     LIBCMT:pesect.obj
 0002:0000a870       $xdatasym                  0000000180027870     LIBCMT:amdsecgs.obj
 0002:0000a874       $unwind$__report_securityfailure 0000000180027874     LIBCMT:gs_report.obj
 0002:0000a87c       $unwind$__report_gsfailure 000000018002787c     LIBCMT:gs_report.obj
 0002:0000a884       $unwind$capture_current_context 0000000180027884     LIBCMT:gs_report.obj
 0002:0000a890       $unwind$capture_previous_context 0000000180027890     LIBCMT:gs_report.obj
 0002:0000a8a0       $xdatasym                  00000001800278a0     LIBCMT:chkstk.obj
 0002:0000a8a8       $xdatasym                  00000001800278a8     libvcruntime:memcmp.obj
 0002:0000adc0       .edata                     0000000180027dc0     PhysXCooking_64.exp
 0002:0000ade8       rgpv                       0000000180027de8     PhysXCooking_64.exp
 0002:0000aecc       rgszName                   0000000180027ecc     PhysXCooking_64.exp
 0002:0000afb0       rgwOrd                     0000000180027fb0     PhysXCooking_64.exp
 0002:0000b022       szName                     0000000180028022     PhysXCooking_64.exp
 0002:0000b036       $N00001                    0000000180028036     PhysXCooking_64.exp
 0002:0000b05a       $N00002                    000000018002805a     PhysXCooking_64.exp
 0002:0000b089       $N00003                    0000000180028089     PhysXCooking_64.exp
 0002:0000b0b0       $N00004                    00000001800280b0     PhysXCooking_64.exp
 0002:0000b107       $N00005                    0000000180028107     PhysXCooking_64.exp
 0002:0000b132       $N00006                    0000000180028132     PhysXCooking_64.exp
 0002:0000b158       $N00007                    0000000180028158     PhysXCooking_64.exp
 0002:0000b177       $N00008                    0000000180028177     PhysXCooking_64.exp
 0002:0000b19b       $N00009                    000000018002819b     PhysXCooking_64.exp
 0002:0000b1c2       $N00010                    00000001800281c2     PhysXCooking_64.exp
 0002:0000b1eb       $N00011                    00000001800281eb     PhysXCooking_64.exp
 0002:0000b20a       $N00012                    000000018002820a     PhysXCooking_64.exp
 0002:0000b23d       $N00013                    000000018002823d     PhysXCooking_64.exp
 0002:0000b273       $N00014                    0000000180028273     PhysXCooking_64.exp
 0002:0000b2ab       $N00015                    00000001800282ab     PhysXCooking_64.exp
 0002:0000b2dd       $N00016                    00000001800282dd     PhysXCooking_64.exp
 0002:0000b309       $N00017                    0000000180028309     PhysXCooking_64.exp
 0002:0000b325       $N00018                    0000000180028325     PhysXCooking_64.exp
 0002:0000b34f       $N00019                    000000018002834f     PhysXCooking_64.exp
 0002:0000b38b       $N00020                    000000018002838b     PhysXCooking_64.exp
 0002:0000b3c6       $N00021                    00000001800283c6     PhysXCooking_64.exp
 0002:0000b401       $N00022                    0000000180028401     PhysXCooking_64.exp
 0002:0000b436       $N00023                    0000000180028436     PhysXCooking_64.exp
 0002:0000b472       $N00024                    0000000180028472     PhysXCooking_64.exp
 0002:0000b4a5       $N00025                    00000001800284a5     PhysXCooking_64.exp
 0002:0000b4d8       $N00026                    00000001800284d8     PhysXCooking_64.exp
 0002:0000b512       $N00027                    0000000180028512     PhysXCooking_64.exp
 0002:0000b54c       $N00028                    000000018002854c     PhysXCooking_64.exp
 0002:0000b579       $N00029                    0000000180028579     PhysXCooking_64.exp
 0002:0000b5ac       $N00030                    00000001800285ac     PhysXCooking_64.exp
 0002:0000b5da       $N00031                    00000001800285da     PhysXCooking_64.exp
 0002:0000b607       $N00032                    0000000180028607     PhysXCooking_64.exp
 0002:0000b643       $N00033                    0000000180028643     PhysXCooking_64.exp
 0002:0000b680       $N00034                    0000000180028680     PhysXCooking_64.exp
 0002:0000b6b0       $N00035                    00000001800286b0     PhysXCooking_64.exp
 0002:0000b6cf       $N00036                    00000001800286cf     PhysXCooking_64.exp
 0002:0000b6e6       $N00037                    00000001800286e6     PhysXCooking_64.exp
 0002:0000b6fc       $N00038                    00000001800286fc     PhysXCooking_64.exp
 0002:0000b713       $N00039                    0000000180028713     PhysXCooking_64.exp
 0002:0000b72b       $N00040                    000000018002872b     PhysXCooking_64.exp
 0002:0000b735       $N00041                    0000000180028735     PhysXCooking_64.exp
 0002:0000b746       $N00042                    0000000180028746     PhysXCooking_64.exp
 0002:0000b761       $N00043                    0000000180028761     PhysXCooking_64.exp
 0002:0000b773       $N00044                    0000000180028773     PhysXCooking_64.exp
 0002:0000b789       $N00045                    0000000180028789     PhysXCooking_64.exp
 0002:0000b79c       $N00046                    000000018002879c     PhysXCooking_64.exp
 0002:0000b7a8       $N00047                    00000001800287a8     PhysXCooking_64.exp
 0002:0000b7bc       $N00048                    00000001800287bc     PhysXCooking_64.exp
 0002:0000b7cf       $N00049                    00000001800287cf     PhysXCooking_64.exp
 0002:0000b7ec       $N00050                    00000001800287ec     PhysXCooking_64.exp
 0002:0000b800       $N00051                    0000000180028800     PhysXCooking_64.exp
 0002:0000b818       $N00052                    0000000180028818     PhysXCooking_64.exp
 0002:0000b82d       $N00053                    000000018002882d     PhysXCooking_64.exp
 0002:0000b84a       $N00054                    000000018002884a     PhysXCooking_64.exp
 0002:0000b86b       $N00055                    000000018002886b     PhysXCooking_64.exp
 0002:0000b88a       $N00056                    000000018002888a     PhysXCooking_64.exp
 0002:0000b89f       $N00057                    000000018002889f     PhysXCooking_64.exp
 0002:0000bb48       .idata$6                   0000000180028b48     kernel32:KERNEL32.dll
 0003:00000040       ?prefix@?1??getDimension@UnDecorator@@CA?AVDName@@_N@Z@4UStringLiteral@@A 000000018002a040     libvcruntime:undname.obj
 0003:00000050       ?__vcrt_flsindex@@3KA      000000018002a050     libvcruntime:per_thread_data.obj
 0003:00000070       ?__acrt_flsindex@@3KA      000000018002a070     libucrt:per_thread_data.obj
 0003:00000074       ?errno_no_memory@@3HA      000000018002a074     libucrt:errno.obj
 0003:00000078       ?doserrno_no_memory@@3KA   000000018002a078     libucrt:errno.obj
 0003:000002b0       _mbctypes                  000000018002a2b0     libucrt:mbctype.obj
 0003:000003c0       _mbcasemaps                000000018002a3c0     libucrt:mbctype.obj
 0003:000004c0       ?__rgctypeflag@@3PADA      000000018002a4c0     libucrt:mbctype.obj
 0003:000004d0       ?__rgcode_page_info@@3PAUcode_page_info@@A 000000018002a4d0     libucrt:mbctype.obj
 0003:000009e0       ?__dcrt_lowio_console_output_handle@@3PEAXEA 000000018002a9e0     libucrt:initcon.obj
 0003:000009f0       ?dazSupported@?1??_ctrlfp@@9@9 000000018002a9f0     libucrt:fpctrl.obj
 0003:00000ca0       ?maxV3Error@vecMathTests@aos@physx@@3T__m128@@B 000000018002aca0     Cooking.obj
 0003:00000cb0       ?minFError@vecMathTests@aos@physx@@3T__m128@@B 000000018002acb0     Cooking.obj
 0003:00000cc0       ?maxV4Error@vecMathTests@aos@physx@@3T__m128@@B 000000018002acc0     Cooking.obj
 0003:00000cd0       ?minV4Error@vecMathTests@aos@physx@@3T__m128@@B 000000018002acd0     Cooking.obj
 0003:00000ce0       ?minV3Error@vecMathTests@aos@physx@@3T__m128@@B 000000018002ace0     Cooking.obj
 0003:00000cf0       ?maxFError@vecMathTests@aos@physx@@3T__m128@@B 000000018002acf0     Cooking.obj
 0003:00000d00       ?gCookingDelayLoadHook@@3PEBVPxDelayLoadHook@physx@@EB 000000018002ad00     WindowsCookingDelayLoadHook.obj
 0003:00000d60       ?__proc_attached@@3HA      000000018002ad60     LIBCMT:dll_dllmain.obj
 0003:00000d90       ?is_initialized_as_dll@@3_NA 000000018002ad90     LIBCMT:utility.obj
 0003:00000d91       ?module_local_atexit_table_initialized@@3_NA 000000018002ad91     LIBCMT:utility.obj
 0003:00000d98       ?module_local_atexit_table@@3U_onexit_table_t@@A 000000018002ad98     LIBCMT:utility.obj
 0003:00000db0       ?module_local_at_quick_exit_table@@3U_onexit_table_t@@A 000000018002adb0     LIBCMT:utility.obj
 0003:00000e20       ?heap@@3V_HeapManager@@A   000000018002ae20     libvcruntime:undname.obj
 0003:00000e50       ?__vcrt_startup_thread_ptd@@3U__vcrt_ptd@@A 000000018002ae50     libvcruntime:per_thread_data.obj
 0003:00000ed0       __vcrt_lock_table          000000018002aed0     libvcruntime:locks.obj
 0003:00000ef8       __vcrt_locks_initialized   000000018002aef8     libvcruntime:locks.obj
 0003:00000f00       ?module_handles@@3PAPEAUHINSTANCE__@@A 000000018002af00     libvcruntime:winapi_downlevel.obj
 0003:00000f18       ?function_pointers@@3PAPEAXA 000000018002af18     libvcruntime:winapi_downlevel.obj
 0003:00000f40       ?c_termination_complete@@3JA 000000018002af40     libucrt:exit.obj
 0003:00000f48       ?thread_local_exit_callback_func@@3P6AXPEAXK0@ZEA 000000018002af48     libucrt:exit.obj
 0003:00000f60       ?program_name@?1???$common_configure_argv@D@@YAHW4_crt_argv_mode@@@Z@4PADA 000000018002af60     libucrt:argv_parsing.obj
 0003:000010c0       ?__acrt_lock_table@@3PAU_RTL_CRITICAL_SECTION@@A 000000018002b0c0     libucrt:locks.obj
 0003:000012f0       ?__acrt_locks_initialized@@3IA 000000018002b2f0     libucrt:locks.obj
 0003:000012f8       ?__acrt_invalid_parameter_handler@@3V?$dual_state_global@P6AXPEB_W00I_K@Z@__crt_state_management@@A 000000018002b2f8     libucrt:invalid_parameter.obj
 0003:00001318       ?fSystemSet@@3HA           000000018002b318     libucrt:mbctype.obj
 0003:0000131c       ?initialized@?1??__acrt_initialize_multibyte@@9@4_NA 000000018002b31c     libucrt:mbctype.obj
 0003:00001350       ?module_handles@@3PAPEAUHINSTANCE__@@A 000000018002b350     libucrt:winapi_thunks.obj
 0003:000013f0       ?encoded_function_pointers@@3PAPEAXA 000000018002b3f0     libucrt:winapi_thunks.obj
 0003:00001918       ?__acrt_new_handler@@3V?$dual_state_global@P6AH_K@Z@__crt_state_management@@A 000000018002b918     libucrt:new_handler.obj
 0003:00001920       ?ctrlc_action@@3V?$dual_state_global@P6AXH@Z@__crt_state_management@@A 000000018002b920     libucrt:signal.obj
 0003:00001928       ?ctrlbreak_action@@3V?$dual_state_global@P6AXH@Z@__crt_state_management@@A 000000018002b928     libucrt:signal.obj
 0003:00001930       ?abort_action@@3V?$dual_state_global@P6AXH@Z@__crt_state_management@@A 000000018002b930     libucrt:signal.obj
 0003:00001938       ?term_action@@3V?$dual_state_global@P6AXH@Z@__crt_state_management@@A 000000018002b938     libucrt:signal.obj
 0003:00001940       ?user_matherr@@3V?$dual_state_global@P6AHPEAU_exception@@@Z@__crt_state_management@@A 000000018002b940     libucrt:matherr.obj
 0003:00001970       ?internal_state@?1??_mbtowc_l@@9@4U_Mbstatet@@A 000000018002b970     libucrt:mbtowc.obj
 0003:00001978       ?enable_percent_n@@3_KA    000000018002b978     libucrt:printf_count_output.obj
 0003:00001984       ?__acrt_global_new_mode@@3V?$dual_state_global@J@__crt_state_management@@A 000000018002b984     libucrt:new_mode.obj
 0003:00001990       ?__acrt_app_type@@3W4_crt_app_type@@A 000000018002b990     libucrt:report_runtime_error.obj
 0003:00001998       ?internal_pst@?1??__mbrtoc32_utf8@__crt_mbstring@@YA_KPEA_UPEBD_KPEAU_Mbstatet@@@Z@4U3@A 000000018002b998     libucrt:mbrtoc32.obj
 0003:000019b0       GS_ExceptionRecord         000000018002b9b0     LIBCMT:gs_report.obj
 0003:00001a50       GS_ContextRecord           000000018002ba50     LIBCMT:gs_report.obj
 0005:00000000       MsetTab                    000000018002e000     libvcruntime:memset.obj
 0005:00000050       MoveSmall                  000000018002e050     libvcruntime:memcpy.obj
 0005:00000090       MoveSmallYmm               000000018002e090     libvcruntime:memcpy.obj
 0005:000000b4       MoveSmallYmmNT             000000018002e0b4     libvcruntime:memcpy.obj
 0005:000000d8       MoveSmallXmm               000000018002e0d8     libvcruntime:memcpy.obj
 0006:000000a0       $R000000                   000000018002f0a0     PhysXCooking.res
 0006:000003d0       $R000330                   000000018002f3d0     PhysXCooking.res
